Archive member included because of file (symbol)

d:/nti_pro/imt_sdk_win_64/winavr/bin/../lib/gcc/avr/4.3.3/avr5\libgcc.a(_mulsi3.o)
                              ./_MCAL/TIMER2/TMR2_Program.o (__mulsi3)
d:/nti_pro/imt_sdk_win_64/winavr/bin/../lib/gcc/avr/4.3.3/avr5\libgcc.a(_udivmodsi4.o)
                              ./_MCAL/TIMER2/TMR2_Program.o (__udivmodsi4)
d:/nti_pro/imt_sdk_win_64/winavr/bin/../lib/gcc/avr/4.3.3/avr5\libgcc.a(_exit.o)
                              d:/nti_pro/imt_sdk_win_64/winavr/bin/../lib/gcc/avr/4.3.3/../../../../avr/lib/avr5/crtm32.o (exit)
d:/nti_pro/imt_sdk_win_64/winavr/bin/../lib/gcc/avr/4.3.3/avr5\libgcc.a(_copy_data.o)
                              ./_MCAL/HICU/ICU_Program.o (__do_copy_data)
d:/nti_pro/imt_sdk_win_64/winavr/bin/../lib/gcc/avr/4.3.3/avr5\libgcc.a(_clear_bss.o)
                              ./_MCAL/TIMER2/TMR2_Program.o (__do_clear_bss)
d:/nti_pro/imt_sdk_win_64/winavr/bin/../lib/gcc/avr/4.3.3/avr5\libgcc.a(_fixunssfsi.o)
                              ./_MCAL/TIMER1/TMR1_Program.o (__fixunssfsi)
d:/nti_pro/imt_sdk_win_64/winavr/bin/../lib/gcc/avr/4.3.3/avr5\libgcc.a(_addsub_sf.o)
                              ./_MCAL/TIMER1/TMR1_Program.o (__subsf3)
d:/nti_pro/imt_sdk_win_64/winavr/bin/../lib/gcc/avr/4.3.3/avr5\libgcc.a(_mul_sf.o)
                              ./_MCAL/TIMER1/TMR1_Program.o (__mulsf3)
d:/nti_pro/imt_sdk_win_64/winavr/bin/../lib/gcc/avr/4.3.3/avr5\libgcc.a(_div_sf.o)
                              ./_MCAL/TIMER1/TMR1_Program.o (__divsf3)
d:/nti_pro/imt_sdk_win_64/winavr/bin/../lib/gcc/avr/4.3.3/avr5\libgcc.a(_eq_sf.o)
                              ./_MCAL/TIMER1/TMR1_Program.o (__eqsf2)
d:/nti_pro/imt_sdk_win_64/winavr/bin/../lib/gcc/avr/4.3.3/avr5\libgcc.a(_ge_sf.o)
                              d:/nti_pro/imt_sdk_win_64/winavr/bin/../lib/gcc/avr/4.3.3/avr5\libgcc.a(_fixunssfsi.o) (__gesf2)
d:/nti_pro/imt_sdk_win_64/winavr/bin/../lib/gcc/avr/4.3.3/avr5\libgcc.a(_le_sf.o)
                              ./_MCAL/TIMER1/TMR1_Program.o (__lesf2)
d:/nti_pro/imt_sdk_win_64/winavr/bin/../lib/gcc/avr/4.3.3/avr5\libgcc.a(_si_to_sf.o)
                              ./_HAL/SERVO/SRVM_Program.o (__floatsisf)
d:/nti_pro/imt_sdk_win_64/winavr/bin/../lib/gcc/avr/4.3.3/avr5\libgcc.a(_sf_to_si.o)
                              d:/nti_pro/imt_sdk_win_64/winavr/bin/../lib/gcc/avr/4.3.3/avr5\libgcc.a(_fixunssfsi.o) (__fixsfsi)
d:/nti_pro/imt_sdk_win_64/winavr/bin/../lib/gcc/avr/4.3.3/avr5\libgcc.a(_thenan_sf.o)
                              d:/nti_pro/imt_sdk_win_64/winavr/bin/../lib/gcc/avr/4.3.3/avr5\libgcc.a(_addsub_sf.o) (__thenan_sf)
d:/nti_pro/imt_sdk_win_64/winavr/bin/../lib/gcc/avr/4.3.3/avr5\libgcc.a(_usi_to_sf.o)
                              ./_MCAL/TIMER1/TMR1_Program.o (__floatunsisf)
d:/nti_pro/imt_sdk_win_64/winavr/bin/../lib/gcc/avr/4.3.3/avr5\libgcc.a(_prologue.o)
                              d:/nti_pro/imt_sdk_win_64/winavr/bin/../lib/gcc/avr/4.3.3/avr5\libgcc.a(_addsub_sf.o) (__prologue_saves__)
d:/nti_pro/imt_sdk_win_64/winavr/bin/../lib/gcc/avr/4.3.3/avr5\libgcc.a(_epilogue.o)
                              d:/nti_pro/imt_sdk_win_64/winavr/bin/../lib/gcc/avr/4.3.3/avr5\libgcc.a(_addsub_sf.o) (__epilogue_restores__)
d:/nti_pro/imt_sdk_win_64/winavr/bin/../lib/gcc/avr/4.3.3/avr5\libgcc.a(_clzsi2.o)
                              d:/nti_pro/imt_sdk_win_64/winavr/bin/../lib/gcc/avr/4.3.3/avr5\libgcc.a(_si_to_sf.o) (__clzsi2)
d:/nti_pro/imt_sdk_win_64/winavr/bin/../lib/gcc/avr/4.3.3/avr5\libgcc.a(_pack_sf.o)
                              d:/nti_pro/imt_sdk_win_64/winavr/bin/../lib/gcc/avr/4.3.3/avr5\libgcc.a(_addsub_sf.o) (__pack_f)
d:/nti_pro/imt_sdk_win_64/winavr/bin/../lib/gcc/avr/4.3.3/avr5\libgcc.a(_unpack_sf.o)
                              d:/nti_pro/imt_sdk_win_64/winavr/bin/../lib/gcc/avr/4.3.3/avr5\libgcc.a(_addsub_sf.o) (__unpack_f)
d:/nti_pro/imt_sdk_win_64/winavr/bin/../lib/gcc/avr/4.3.3/avr5\libgcc.a(_fpcmp_parts_sf.o)
                              d:/nti_pro/imt_sdk_win_64/winavr/bin/../lib/gcc/avr/4.3.3/avr5\libgcc.a(_eq_sf.o) (__fpcmp_parts_f)
d:/nti_pro/imt_sdk_win_64/winavr/bin/../lib/gcc/avr/4.3.3/avr5\libgcc.a(_clz.o)
                              d:/nti_pro/imt_sdk_win_64/winavr/bin/../lib/gcc/avr/4.3.3/avr5\libgcc.a(_clzsi2.o) (__clz_tab)
d:/nti_pro/imt_sdk_win_64/winavr/bin/../lib/gcc/avr/4.3.3/../../../../avr/lib/avr5\libc.a(atoi.o)
                              ./_MCAL/UART/UART_Program.o (atoi)
d:/nti_pro/imt_sdk_win_64/winavr/bin/../lib/gcc/avr/4.3.3/../../../../avr/lib/avr5\libc.a(mul10.o)
                              d:/nti_pro/imt_sdk_win_64/winavr/bin/../lib/gcc/avr/4.3.3/../../../../avr/lib/avr5\libc.a(atoi.o) (__mulhi_const_10)
d:/nti_pro/imt_sdk_win_64/winavr/bin/../lib/gcc/avr/4.3.3/../../../../avr/lib/avr5\libc.a(snprintf.o)
                              ./_HAL/LCD/LCD_Program.o (snprintf)
d:/nti_pro/imt_sdk_win_64/winavr/bin/../lib/gcc/avr/4.3.3/../../../../avr/lib/avr5\libc.a(vfprintf_std.o)
                              d:/nti_pro/imt_sdk_win_64/winavr/bin/../lib/gcc/avr/4.3.3/../../../../avr/lib/avr5\libc.a(snprintf.o) (vfprintf)
d:/nti_pro/imt_sdk_win_64/winavr/bin/../lib/gcc/avr/4.3.3/../../../../avr/lib/avr5\libc.a(strnlen_P.o)
                              d:/nti_pro/imt_sdk_win_64/winavr/bin/../lib/gcc/avr/4.3.3/../../../../avr/lib/avr5\libc.a(vfprintf_std.o) (strnlen_P)
d:/nti_pro/imt_sdk_win_64/winavr/bin/../lib/gcc/avr/4.3.3/../../../../avr/lib/avr5\libc.a(strnlen.o)
                              d:/nti_pro/imt_sdk_win_64/winavr/bin/../lib/gcc/avr/4.3.3/../../../../avr/lib/avr5\libc.a(vfprintf_std.o) (strnlen)
d:/nti_pro/imt_sdk_win_64/winavr/bin/../lib/gcc/avr/4.3.3/../../../../avr/lib/avr5\libc.a(fputc.o)
                              d:/nti_pro/imt_sdk_win_64/winavr/bin/../lib/gcc/avr/4.3.3/../../../../avr/lib/avr5\libc.a(vfprintf_std.o) (fputc)
d:/nti_pro/imt_sdk_win_64/winavr/bin/../lib/gcc/avr/4.3.3/../../../../avr/lib/avr5\libc.a(ultoa_invert.o)
                              d:/nti_pro/imt_sdk_win_64/winavr/bin/../lib/gcc/avr/4.3.3/../../../../avr/lib/avr5\libc.a(vfprintf_std.o) (__ultoa_invert)

Allocating common symbols
Common symbol       size              file

DistanceForward     0x2               ./_APPL/main.o
LeftFlag            0x1               ./_APPL/main.o
DistanceBack        0x2               ./_APPL/main.o
Auto_B_Flag         0x1               ./_APPL/main.o
RightFlag           0x1               ./_APPL/main.o
DistanceRight       0x2               ./_APPL/main.o
DistanceLeft        0x2               ./_APPL/main.o
temp_priodicity     0xc               ./_HAL/Shceduler/scheduler.o
My_Tasks            0x2a              ./_HAL/Shceduler/scheduler.o
Auto_R_Flag         0x1               ./_APPL/main.o

Memory Configuration

Name             Origin             Length             Attributes
text             0x00000000         0x00020000         xr
data             0x00800060         0x0000ffa0         rw !x
eeprom           0x00810000         0x00010000         rw !x
fuse             0x00820000         0x00000400         rw !x
lock             0x00830000         0x00000400         rw !x
signature        0x00840000         0x00000400         rw !x
*default*        0x00000000         0xffffffff

Linker script and memory map

LOAD d:/nti_pro/imt_sdk_win_64/winavr/bin/../lib/gcc/avr/4.3.3/../../../../avr/lib/avr5/crtm32.o
LOAD ./_MCAL/WDT/WDT_Program.o
LOAD ./_MCAL/UART/UART_Program.o
LOAD ./_MCAL/TWI/TWI_Program.o
LOAD ./_MCAL/TIMER2/TMR2_Program.o
LOAD ./_MCAL/TIMER1/TMR1_Program.o
LOAD ./_MCAL/TIMER0/TMR0_Program.o
LOAD ./_MCAL/SPI/SPI_Program.o
LOAD ./_MCAL/PORT/PORT_Program.o
LOAD ./_MCAL/HICU/ICU_Program.o
LOAD ./_MCAL/GI/GI_Program.o
LOAD ./_MCAL/EXTI/EXTI_Program.o
LOAD ./_MCAL/DIO/DIO_Program.o
LOAD ./_MCAL/ADC/ADC_Program.o
LOAD ./_HAL/ULTRA_SONIC/ULTRA_SONIC.o
LOAD ./_HAL/Shceduler/scheduler.o
LOAD ./_HAL/SERVO/SRVM_Program.o
LOAD ./_HAL/LCD/LCD_Program.o
LOAD ./_HAL/KEYPAD/KEYPAD_Program.o
LOAD ./_HAL/EXT_EEPROM/EXT_EEPROM_Program.o
LOAD ./_HAL/DCMotor/DCM_Program.o
LOAD ./_HAL/7SEGMENTS/7SEG_Program.o
LOAD ./_APPL/main.o
LOAD d:/nti_pro/imt_sdk_win_64/winavr/bin/../lib/gcc/avr/4.3.3/avr5\libgcc.a
LOAD d:/nti_pro/imt_sdk_win_64/winavr/bin/../lib/gcc/avr/4.3.3/../../../../avr/lib/avr5\libc.a
LOAD d:/nti_pro/imt_sdk_win_64/winavr/bin/../lib/gcc/avr/4.3.3/avr5\libgcc.a

.hash
 *(.hash)

.dynsym
 *(.dynsym)

.dynstr
 *(.dynstr)

.gnu.version
 *(.gnu.version)

.gnu.version_d
 *(.gnu.version_d)

.gnu.version_r
 *(.gnu.version_r)

.rel.init
 *(.rel.init)

.rela.init
 *(.rela.init)

.rel.text
 *(.rel.text)
 *(.rel.text.*)
 *(.rel.gnu.linkonce.t*)

.rela.text
 *(.rela.text)
 *(.rela.text.*)
 *(.rela.gnu.linkonce.t*)

.rel.fini
 *(.rel.fini)

.rela.fini
 *(.rela.fini)

.rel.rodata
 *(.rel.rodata)
 *(.rel.rodata.*)
 *(.rel.gnu.linkonce.r*)

.rela.rodata
 *(.rela.rodata)
 *(.rela.rodata.*)
 *(.rela.gnu.linkonce.r*)

.rel.data
 *(.rel.data)
 *(.rel.data.*)
 *(.rel.gnu.linkonce.d*)

.rela.data
 *(.rela.data)
 *(.rela.data.*)
 *(.rela.gnu.linkonce.d*)

.rel.ctors
 *(.rel.ctors)

.rela.ctors
 *(.rela.ctors)

.rel.dtors
 *(.rel.dtors)

.rela.dtors
 *(.rela.dtors)

.rel.got
 *(.rel.got)

.rela.got
 *(.rela.got)

.rel.bss
 *(.rel.bss)

.rela.bss
 *(.rela.bss)

.rel.plt
 *(.rel.plt)

.rela.plt
 *(.rela.plt)

.text           0x00000000     0x390c
 *(.vectors)
 .vectors       0x00000000       0x54 d:/nti_pro/imt_sdk_win_64/winavr/bin/../lib/gcc/avr/4.3.3/../../../../avr/lib/avr5/crtm32.o
                0x00000000                __vectors
                0x00000000                __vector_default
 *(.vectors)
 *(.progmem.gcc*)
 *(.progmem*)
                0x00000054                . = ALIGN (0x2)
                0x00000054                __trampolines_start = .
 *(.trampolines)
 .trampolines   0x00000054        0x0 linker stubs
 *(.trampolines*)
                0x00000054                __trampolines_end = .
 *(.jumptables)
 *(.jumptables*)
 *(.lowtext)
 *(.lowtext*)
                0x00000054                __ctors_start = .
 *(.ctors)
                0x00000054                __ctors_end = .
                0x00000054                __dtors_start = .
 *(.dtors)
                0x00000054                __dtors_end = .
 SORT(*)(.ctors)
 SORT(*)(.dtors)
 *(.init0)
 .init0         0x00000054        0x0 d:/nti_pro/imt_sdk_win_64/winavr/bin/../lib/gcc/avr/4.3.3/../../../../avr/lib/avr5/crtm32.o
                0x00000054                __init
 *(.init0)
 *(.init1)
 *(.init1)
 *(.init2)
 .init2         0x00000054        0xc d:/nti_pro/imt_sdk_win_64/winavr/bin/../lib/gcc/avr/4.3.3/../../../../avr/lib/avr5/crtm32.o
 *(.init2)
 *(.init3)
 *(.init3)
 *(.init4)
 .init4         0x00000060       0x16 d:/nti_pro/imt_sdk_win_64/winavr/bin/../lib/gcc/avr/4.3.3/avr5\libgcc.a(_copy_data.o)
                0x00000060                __do_copy_data
 .init4         0x00000076       0x10 d:/nti_pro/imt_sdk_win_64/winavr/bin/../lib/gcc/avr/4.3.3/avr5\libgcc.a(_clear_bss.o)
                0x00000076                __do_clear_bss
 *(.init4)
 *(.init5)
 *(.init5)
 *(.init6)
 *(.init6)
 *(.init7)
 *(.init7)
 *(.init8)
 *(.init8)
 *(.init9)
 .init9         0x00000086        0x8 d:/nti_pro/imt_sdk_win_64/winavr/bin/../lib/gcc/avr/4.3.3/../../../../avr/lib/avr5/crtm32.o
 *(.init9)
 *(.text)
 .text          0x0000008e        0x4 d:/nti_pro/imt_sdk_win_64/winavr/bin/../lib/gcc/avr/4.3.3/../../../../avr/lib/avr5/crtm32.o
                0x0000008e                __bad_interrupt
                0x0000008e                __vector_13
                0x0000008e                __vector_17
                0x0000008e                __vector_19
                0x0000008e                __vector_7
                0x0000008e                __vector_9
                0x0000008e                __vector_15
                0x0000008e                __vector_8
                0x0000008e                __vector_14
                0x0000008e                __vector_16
                0x0000008e                __vector_18
                0x0000008e                __vector_20
 .text          0x00000092        0x0 ./_MCAL/WDT/WDT_Program.o
 .text          0x00000092        0x0 ./_MCAL/UART/UART_Program.o
 .text          0x00000092        0x0 ./_MCAL/TWI/TWI_Program.o
 .text          0x00000092        0x0 ./_MCAL/TIMER2/TMR2_Program.o
 .text          0x00000092        0x0 ./_MCAL/TIMER1/TMR1_Program.o
 .text          0x00000092        0x0 ./_MCAL/TIMER0/TMR0_Program.o
 .text          0x00000092        0x0 ./_MCAL/SPI/SPI_Program.o
 .text          0x00000092        0x0 ./_MCAL/PORT/PORT_Program.o
 .text          0x00000092        0x0 ./_MCAL/HICU/ICU_Program.o
 .text          0x00000092        0x0 ./_MCAL/GI/GI_Program.o
 .text          0x00000092        0x0 ./_MCAL/EXTI/EXTI_Program.o
 .text          0x00000092        0x0 ./_MCAL/DIO/DIO_Program.o
 .text          0x00000092        0x0 ./_MCAL/ADC/ADC_Program.o
 .text          0x00000092        0x0 ./_HAL/ULTRA_SONIC/ULTRA_SONIC.o
 .text          0x00000092        0x0 ./_HAL/Shceduler/scheduler.o
 .text          0x00000092        0x0 ./_HAL/SERVO/SRVM_Program.o
 .text          0x00000092        0x0 ./_HAL/LCD/LCD_Program.o
 .text          0x00000092        0x0 ./_HAL/KEYPAD/KEYPAD_Program.o
 .text          0x00000092        0x0 ./_HAL/EXT_EEPROM/EXT_EEPROM_Program.o
 .text          0x00000092        0x0 ./_HAL/DCMotor/DCM_Program.o
 .text          0x00000092        0x0 ./_HAL/7SEGMENTS/7SEG_Program.o
 .text          0x00000092        0x0 ./_APPL/main.o
 .text          0x00000092        0x0 d:/nti_pro/imt_sdk_win_64/winavr/bin/../lib/gcc/avr/4.3.3/avr5\libgcc.a(_mulsi3.o)
 .text          0x00000092        0x0 d:/nti_pro/imt_sdk_win_64/winavr/bin/../lib/gcc/avr/4.3.3/avr5\libgcc.a(_udivmodsi4.o)
 .text          0x00000092        0x0 d:/nti_pro/imt_sdk_win_64/winavr/bin/../lib/gcc/avr/4.3.3/avr5\libgcc.a(_exit.o)
 .text          0x00000092        0x0 d:/nti_pro/imt_sdk_win_64/winavr/bin/../lib/gcc/avr/4.3.3/avr5\libgcc.a(_copy_data.o)
 .text          0x00000092        0x0 d:/nti_pro/imt_sdk_win_64/winavr/bin/../lib/gcc/avr/4.3.3/avr5\libgcc.a(_clear_bss.o)
 .text          0x00000092       0x58 d:/nti_pro/imt_sdk_win_64/winavr/bin/../lib/gcc/avr/4.3.3/avr5\libgcc.a(_fixunssfsi.o)
                0x00000092                __fixunssfsi
 .text          0x000000ea      0x354 d:/nti_pro/imt_sdk_win_64/winavr/bin/../lib/gcc/avr/4.3.3/avr5\libgcc.a(_addsub_sf.o)
                0x00000382                __subsf3
                0x000003e4                __addsf3
 .text          0x0000043e      0x1f4 d:/nti_pro/imt_sdk_win_64/winavr/bin/../lib/gcc/avr/4.3.3/avr5\libgcc.a(_mul_sf.o)
                0x0000043e                __mulsf3
 .text          0x00000632      0x158 d:/nti_pro/imt_sdk_win_64/winavr/bin/../lib/gcc/avr/4.3.3/avr5\libgcc.a(_div_sf.o)
                0x00000632                __divsf3
 .text          0x0000078a       0x60 d:/nti_pro/imt_sdk_win_64/winavr/bin/../lib/gcc/avr/4.3.3/avr5\libgcc.a(_eq_sf.o)
                0x0000078a                __eqsf2
 .text          0x000007ea       0x60 d:/nti_pro/imt_sdk_win_64/winavr/bin/../lib/gcc/avr/4.3.3/avr5\libgcc.a(_ge_sf.o)
                0x000007ea                __gesf2
 .text          0x0000084a       0x60 d:/nti_pro/imt_sdk_win_64/winavr/bin/../lib/gcc/avr/4.3.3/avr5\libgcc.a(_le_sf.o)
                0x0000084a                __lesf2
 .text          0x000008aa       0xbc d:/nti_pro/imt_sdk_win_64/winavr/bin/../lib/gcc/avr/4.3.3/avr5\libgcc.a(_si_to_sf.o)
                0x000008aa                __floatsisf
 .text          0x00000966       0xa8 d:/nti_pro/imt_sdk_win_64/winavr/bin/../lib/gcc/avr/4.3.3/avr5\libgcc.a(_sf_to_si.o)
                0x00000966                __fixsfsi
 .text          0x00000a0e        0x0 d:/nti_pro/imt_sdk_win_64/winavr/bin/../lib/gcc/avr/4.3.3/avr5\libgcc.a(_thenan_sf.o)
 .text          0x00000a0e       0xf2 d:/nti_pro/imt_sdk_win_64/winavr/bin/../lib/gcc/avr/4.3.3/avr5\libgcc.a(_usi_to_sf.o)
                0x00000a0e                __floatunsisf
 .text          0x00000b00        0x0 d:/nti_pro/imt_sdk_win_64/winavr/bin/../lib/gcc/avr/4.3.3/avr5\libgcc.a(_prologue.o)
 .text          0x00000b00        0x0 d:/nti_pro/imt_sdk_win_64/winavr/bin/../lib/gcc/avr/4.3.3/avr5\libgcc.a(_epilogue.o)
 .text          0x00000b00       0x9e d:/nti_pro/imt_sdk_win_64/winavr/bin/../lib/gcc/avr/4.3.3/avr5\libgcc.a(_clzsi2.o)
                0x00000b00                __clzsi2
 .text          0x00000b9e      0x1aa d:/nti_pro/imt_sdk_win_64/winavr/bin/../lib/gcc/avr/4.3.3/avr5\libgcc.a(_pack_sf.o)
                0x00000b9e                __pack_f
 .text          0x00000d48       0xf0 d:/nti_pro/imt_sdk_win_64/winavr/bin/../lib/gcc/avr/4.3.3/avr5\libgcc.a(_unpack_sf.o)
                0x00000d48                __unpack_f
 .text          0x00000e38       0xb2 d:/nti_pro/imt_sdk_win_64/winavr/bin/../lib/gcc/avr/4.3.3/avr5\libgcc.a(_fpcmp_parts_sf.o)
                0x00000e38                __fpcmp_parts_f
 .text          0x00000eea        0x0 d:/nti_pro/imt_sdk_win_64/winavr/bin/../lib/gcc/avr/4.3.3/avr5\libgcc.a(_clz.o)
 .text          0x00000eea        0x0 d:/nti_pro/imt_sdk_win_64/winavr/bin/../lib/gcc/avr/4.3.3/../../../../avr/lib/avr5\libc.a(atoi.o)
 .text          0x00000eea        0x0 d:/nti_pro/imt_sdk_win_64/winavr/bin/../lib/gcc/avr/4.3.3/../../../../avr/lib/avr5\libc.a(mul10.o)
 .text          0x00000eea        0x0 d:/nti_pro/imt_sdk_win_64/winavr/bin/../lib/gcc/avr/4.3.3/../../../../avr/lib/avr5\libc.a(snprintf.o)
 .text          0x00000eea        0x0 d:/nti_pro/imt_sdk_win_64/winavr/bin/../lib/gcc/avr/4.3.3/../../../../avr/lib/avr5\libc.a(vfprintf_std.o)
 .text          0x00000eea        0x0 d:/nti_pro/imt_sdk_win_64/winavr/bin/../lib/gcc/avr/4.3.3/../../../../avr/lib/avr5\libc.a(strnlen_P.o)
 .text          0x00000eea        0x0 d:/nti_pro/imt_sdk_win_64/winavr/bin/../lib/gcc/avr/4.3.3/../../../../avr/lib/avr5\libc.a(strnlen.o)
 .text          0x00000eea        0x0 d:/nti_pro/imt_sdk_win_64/winavr/bin/../lib/gcc/avr/4.3.3/../../../../avr/lib/avr5\libc.a(fputc.o)
 .text          0x00000eea        0x0 d:/nti_pro/imt_sdk_win_64/winavr/bin/../lib/gcc/avr/4.3.3/../../../../avr/lib/avr5\libc.a(ultoa_invert.o)
                0x00000eea                . = ALIGN (0x2)
 *(.text.*)
 .text.WDT_void_Enable
                0x00000eea       0xfa ./_MCAL/WDT/WDT_Program.o
                0x00000eea                WDT_void_Enable
 .text.WDT_void_Disable
                0x00000fe4        0xc ./_MCAL/WDT/WDT_Program.o
                0x00000fe4                WDT_void_Disable
 .text.UART_Init
                0x00000ff0       0x20 ./_MCAL/UART/UART_Program.o
                0x00000ff0                UART_Init
 .text.UART_TransmitData
                0x00001010       0x10 ./_MCAL/UART/UART_Program.o
                0x00001010                UART_TransmitData
 .text.UART_ReceiveData
                0x00001020        0xe ./_MCAL/UART/UART_Program.o
                0x00001020                UART_ReceiveData
 .text.UART_TransmitString
                0x0000102e       0x20 ./_MCAL/UART/UART_Program.o
                0x0000102e                UART_TransmitString
 .text.UART_ReceiveNumber
                0x0000104e       0x8e ./_MCAL/UART/UART_Program.o
                0x0000104e                UART_ReceiveNumber
 .text.TWI_voidInitMaster
                0x000010dc       0x2e ./_MCAL/TWI/TWI_Program.o
                0x000010dc                TWI_voidInitMaster
 .text.TWI_voidSendStartCondition
                0x0000110a       0x24 ./_MCAL/TWI/TWI_Program.o
                0x0000110a                TWI_voidSendStartCondition
 .text.TWI_voidSendStopCondition
                0x0000112e       0x12 ./_MCAL/TWI/TWI_Program.o
                0x0000112e                TWI_voidSendStopCondition
 .text.TWI_voidSendReapeatedStartCondition
                0x00001140       0x24 ./_MCAL/TWI/TWI_Program.o
                0x00001140                TWI_voidSendReapeatedStartCondition
 .text.TWI_voidSendSlaveAdd_WriteRequest
                0x00001164       0x36 ./_MCAL/TWI/TWI_Program.o
                0x00001164                TWI_voidSendSlaveAdd_WriteRequest
 .text.TWI_voidSendSlaveAdd_ReadRequest
                0x0000119a       0x36 ./_MCAL/TWI/TWI_Program.o
                0x0000119a                TWI_voidSendSlaveAdd_ReadRequest
 .text.TWI_voidWriteMasterDataByte
                0x000011d0       0x20 ./_MCAL/TWI/TWI_Program.o
                0x000011d0                TWI_voidWriteMasterDataByte
 .text.TWI_voidReadMasterDataByteNACK
                0x000011f0       0x38 ./_MCAL/TWI/TWI_Program.o
                0x000011f0                TWI_voidReadMasterDataByteNACK
 .text.TWI_voidReadMasterDataByteACK
                0x00001228       0x28 ./_MCAL/TWI/TWI_Program.o
                0x00001228                TWI_voidReadMasterDataByteACK
 .text.TMR2_voidStop
                0x00001250       0x18 ./_MCAL/TIMER2/TMR2_Program.o
                0x00001250                TMR2_voidStop
 .text.TMR2_Preload_value_set
                0x00001268        0x4 ./_MCAL/TIMER2/TMR2_Program.o
                0x00001268                TMR2_Preload_value_set
 .text.TMR2_voidSetDelay_ms_using_CTC
                0x0000126c       0x22 ./_MCAL/TIMER2/TMR2_Program.o
                0x0000126c                TMR2_voidSetDelay_ms_using_CTC
 .text.TMR2_voidSetDutyCycle
                0x0000128e        0x2 ./_MCAL/TIMER2/TMR2_Program.o
                0x0000128e                TMR2_voidSetDutyCycle
 .text.TMR2_voidSendCallBack_OCM
                0x00001290        0xe ./_MCAL/TIMER2/TMR2_Program.o
                0x00001290                TMR2_voidSendCallBack_OCM
 .text.TMR2_voidInit
                0x0000129e       0x20 ./_MCAL/TIMER2/TMR2_Program.o
                0x0000129e                TMR2_voidInit
 .text.TMR2_voidStart
                0x000012be       0x18 ./_MCAL/TIMER2/TMR2_Program.o
                0x000012be                TMR2_voidStart
 .text.__vector_5
                0x000012d6       0x6a ./_MCAL/TIMER2/TMR2_Program.o
                0x000012d6                __vector_5
 .text.__vector_4
                0x00001340       0x7a ./_MCAL/TIMER2/TMR2_Program.o
                0x00001340                __vector_4
 .text.TMR1_voidStop
                0x000013ba       0x18 ./_MCAL/TIMER1/TMR1_Program.o
                0x000013ba                TMR1_voidStop
 .text.TMR1_voidSetCompareMatchValueA
                0x000013d2        0x6 ./_MCAL/TIMER1/TMR1_Program.o
                0x000013d2                TMR1_voidSetCompareMatchValueA
 .text.TMR1_voidSetFreq_Mode14
                0x000013d8       0x1c ./_MCAL/TIMER1/TMR1_Program.o
                0x000013d8                TMR1_voidSetFreq_Mode14
 .text.TMR1_voidInit
                0x000013f4       0x36 ./_MCAL/TIMER1/TMR1_Program.o
                0x000013f4                TMR1_voidInit
 .text.TMR1_voidSetDuty_Mode14
                0x0000142a       0x78 ./_MCAL/TIMER1/TMR1_Program.o
                0x0000142a                TMR1_voidSetDuty_Mode14
 .text.TMR1_voidStart
                0x000014a2       0x18 ./_MCAL/TIMER1/TMR1_Program.o
                0x000014a2                TMR1_voidStart
 .text.TMR0_voidStop
                0x000014ba       0x18 ./_MCAL/TIMER0/TMR0_Program.o
                0x000014ba                TMR0_voidStop
 .text.TMR0_Preload_value_set
                0x000014d2        0x4 ./_MCAL/TIMER0/TMR0_Program.o
                0x000014d2                TMR0_Preload_value_set
 .text.TMR0_voidSetDelay_ms_using_CTC
                0x000014d6       0x26 ./_MCAL/TIMER0/TMR0_Program.o
                0x000014d6                TMR0_voidSetDelay_ms_using_CTC
 .text.TMR0_voidSetDutyCycle
                0x000014fc        0x2 ./_MCAL/TIMER0/TMR0_Program.o
                0x000014fc                TMR0_voidSetDutyCycle
 .text.TMR0_voidSendCallBack_OVF
                0x000014fe        0xe ./_MCAL/TIMER0/TMR0_Program.o
                0x000014fe                TMR0_voidSendCallBack_OVF
 .text.TMR0_voidSendCallBack_OCM
                0x0000150c        0xe ./_MCAL/TIMER0/TMR0_Program.o
                0x0000150c                TMR0_voidSendCallBack_OCM
 .text.TMR0_voidInit
                0x0000151a       0x22 ./_MCAL/TIMER0/TMR0_Program.o
                0x0000151a                TMR0_voidInit
 .text.TMR0_voidStart
                0x0000153c       0x18 ./_MCAL/TIMER0/TMR0_Program.o
                0x0000153c                TMR0_voidStart
 .text.__vector_11
                0x00001554       0x72 ./_MCAL/TIMER0/TMR0_Program.o
                0x00001554                __vector_11
 .text.__vector_10
                0x000015c6       0x7a ./_MCAL/TIMER0/TMR0_Program.o
                0x000015c6                __vector_10
 .text.SPI_voidInit
                0x00001640       0x24 ./_MCAL/SPI/SPI_Program.o
                0x00001640                SPI_voidInit
 .text.SPI_voidTranseive
                0x00001664       0x26 ./_MCAL/SPI/SPI_Program.o
                0x00001664                SPI_voidTranseive
 .text.SPI_voidTransmit_Async
                0x0000168a       0x28 ./_MCAL/SPI/SPI_Program.o
                0x0000168a                SPI_voidTransmit_Async
 .text.__vector_12
                0x000016b2       0x54 ./_MCAL/SPI/SPI_Program.o
                0x000016b2                __vector_12
 .text.Port_Init
                0x00001706      0x1b8 ./_MCAL/PORT/PORT_Program.o
                0x00001706                Port_Init
 .text.Port_SetPinDirection
                0x000018be      0x11e ./_MCAL/PORT/PORT_Program.o
                0x000018be                Port_SetPinDirection
 .text.ICU_voidInit
                0x000019dc       0x44 ./_MCAL/HICU/ICU_Program.o
                0x000019dc                ICU_voidInit
 .text.ICU_voidGetDutyCycle
                0x00001a20       0x62 ./_MCAL/HICU/ICU_Program.o
                0x00001a20                ICU_voidGetDutyCycle
 .text.ICU_voidGetFrequency
                0x00001a82       0x3c ./_MCAL/HICU/ICU_Program.o
                0x00001a82                ICU_voidGetFrequency
 .text.ICU_u32GetFallingEdgeTime
                0x00001abe       0x16 ./_MCAL/HICU/ICU_Program.o
                0x00001abe                ICU_u32GetFallingEdgeTime
 .text.__vector_6
                0x00001ad4       0xba ./_MCAL/HICU/ICU_Program.o
                0x00001ad4                __vector_6
 .text.GI_voidEnable
                0x00001b8e        0xc ./_MCAL/GI/GI_Program.o
                0x00001b8e                GI_voidEnable
 .text.GI_voidDisable
                0x00001b9a        0xc ./_MCAL/GI/GI_Program.o
                0x00001b9a                GI_voidDisable
 .text.EXTI_voidInit
                0x00001ba6       0xd4 ./_MCAL/EXTI/EXTI_Program.o
                0x00001ba6                EXTI_voidInit
 .text.EXTI_voidEnable
                0x00001c7a       0x32 ./_MCAL/EXTI/EXTI_Program.o
                0x00001c7a                EXTI_voidEnable
 .text.EXTI_voidDisable
                0x00001cac       0x32 ./_MCAL/EXTI/EXTI_Program.o
                0x00001cac                EXTI_voidDisable
 .text.EXTI0_voidSendCallBack
                0x00001cde        0xe ./_MCAL/EXTI/EXTI_Program.o
                0x00001cde                EXTI0_voidSendCallBack
 .text.EXTI1_voidSendCallBack
                0x00001cec        0xe ./_MCAL/EXTI/EXTI_Program.o
                0x00001cec                EXTI1_voidSendCallBack
 .text.EXTI2_voidSendCallBack
                0x00001cfa        0xe ./_MCAL/EXTI/EXTI_Program.o
                0x00001cfa                EXTI2_voidSendCallBack
 .text.__vector_1
                0x00001d08       0x52 ./_MCAL/EXTI/EXTI_Program.o
                0x00001d08                __vector_1
 .text.__vector_2
                0x00001d5a       0x52 ./_MCAL/EXTI/EXTI_Program.o
                0x00001d5a                __vector_2
 .text.__vector_3
                0x00001dac       0x52 ./_MCAL/EXTI/EXTI_Program.o
                0x00001dac                __vector_3
 .text.Dio_WriteChannel
                0x00001dfe      0x11e ./_MCAL/DIO/DIO_Program.o
                0x00001dfe                Dio_WriteChannel
 .text.Dio_ReadChannel
                0x00001f1c       0x6a ./_MCAL/DIO/DIO_Program.o
                0x00001f1c                Dio_ReadChannel
 .text.Dio_FlipChannel
                0x00001f86       0xe6 ./_MCAL/DIO/DIO_Program.o
                0x00001f86                Dio_FlipChannel
 .text.Dio_ReadPort
                0x0000206c       0x24 ./_MCAL/DIO/DIO_Program.o
                0x0000206c                Dio_ReadPort
 .text.Dio_WritePort
                0x00002090       0x22 ./_MCAL/DIO/DIO_Program.o
                0x00002090                Dio_WritePort
 .text.ADC_void_Init
                0x000020b2       0x34 ./_MCAL/ADC/ADC_Program.o
                0x000020b2                ADC_void_Init
 .text.ADC_void_Read_CH
                0x000020e6      0x17e ./_MCAL/ADC/ADC_Program.o
                0x000020e6                ADC_void_Read_CH
 .text.Ultra_Sonic_Distance_in_cm
                0x00002264       0x16 ./_HAL/ULTRA_SONIC/ULTRA_SONIC.o
                0x00002264                Ultra_Sonic_Distance_in_cm
 .text.Ultra_Sonic_void_trigger
                0x0000227a       0x30 ./_HAL/ULTRA_SONIC/ULTRA_SONIC.o
                0x0000227a                Ultra_Sonic_void_trigger
 .text.Simple_Scheduler
                0x000022aa       0xc6 ./_HAL/Shceduler/scheduler.o
 .text.Task_Creat
                0x00002370      0x102 ./_HAL/Shceduler/scheduler.o
                0x00002370                Task_Creat
 .text.Scheduler_Start
                0x00002472       0x12 ./_HAL/Shceduler/scheduler.o
                0x00002472                Scheduler_Start
 .text.SRVM_voidOff
                0x00002484        0x6 ./_HAL/SERVO/SRVM_Program.o
                0x00002484                SRVM_voidOff
 .text.SRVM_voidOn
                0x0000248a       0x4a ./_HAL/SERVO/SRVM_Program.o
                0x0000248a                SRVM_voidOn
 .text.LCD4_Command_Write
                0x000024d4       0xce ./_HAL/LCD/LCD_Program.o
                0x000024d4                LCD4_Command_Write
 .text.lcd4_set_cursor
                0x000025a2       0x58 ./_HAL/LCD/LCD_Program.o
                0x000025a2                lcd4_set_cursor
 .text.lcd4_CLR
                0x000025fa       0x14 ./_HAL/LCD/LCD_Program.o
                0x000025fa                lcd4_CLR
 .text.lcd4_Init
                0x0000260e       0x66 ./_HAL/LCD/LCD_Program.o
                0x0000260e                lcd4_Init
 .text.LCD_Data_write
                0x00002674       0xce ./_HAL/LCD/LCD_Program.o
 .text.lcd4_disply_char_at_X_Y
                0x00002742       0x16 ./_HAL/LCD/LCD_Program.o
                0x00002742                lcd4_disply_char_at_X_Y
 .text.lcd4_disply_CustomCharacter
                0x00002758       0x56 ./_HAL/LCD/LCD_Program.o
                0x00002758                lcd4_disply_CustomCharacter
 .text.lcd4_disply_char
                0x000027ae       0x56 ./_HAL/LCD/LCD_Program.o
                0x000027ae                lcd4_disply_char
 .text.displayTextAnimated
                0x00002804       0x64 ./_HAL/LCD/LCD_Program.o
                0x00002804                displayTextAnimated
 .text.lcd4_disply_string
                0x00002868       0x1e ./_HAL/LCD/LCD_Program.o
                0x00002868                lcd4_disply_string
 .text.lcd4_disply_string_at_X_Y
                0x00002886       0x1a ./_HAL/LCD/LCD_Program.o
                0x00002886                lcd4_disply_string_at_X_Y
 .text.lcd4_disply_num
                0x000028a0       0x92 ./_HAL/LCD/LCD_Program.o
                0x000028a0                lcd4_disply_num
 .text.Keypad_Init
                0x00002932       0x22 ./_HAL/KEYPAD/KEYPAD_Program.o
                0x00002932                Keypad_Init
 .text.Keypad_Get_value
                0x00002954      0x120 ./_HAL/KEYPAD/KEYPAD_Program.o
                0x00002954                Keypad_Get_value
 .text.EEPROM_voidRead_Page
                0x00002a74       0x9c ./_HAL/EXT_EEPROM/EXT_EEPROM_Program.o
                0x00002a74                EEPROM_voidRead_Page
 .text.EEPROM_voidWrite_Page
                0x00002b10       0x68 ./_HAL/EXT_EEPROM/EXT_EEPROM_Program.o
                0x00002b10                EEPROM_voidWrite_Page
 .text.EEPROM_voidWrite_Byte
                0x00002b78       0x38 ./_HAL/EXT_EEPROM/EXT_EEPROM_Program.o
                0x00002b78                EEPROM_voidWrite_Byte
 .text.EEPROM_voidRead_Byte
                0x00002bb0       0x4c ./_HAL/EXT_EEPROM/EXT_EEPROM_Program.o
                0x00002bb0                EEPROM_voidRead_Byte
 .text.EEPROM_Init
                0x00002bfc        0x8 ./_HAL/EXT_EEPROM/EXT_EEPROM_Program.o
                0x00002bfc                EEPROM_Init
 .text.DCM_voidOff
                0x00002c04       0x12 ./_HAL/DCMotor/DCM_Program.o
                0x00002c04                DCM_voidOff
 .text.DCM_voidControlSpeed
                0x00002c16       0x24 ./_HAL/DCMotor/DCM_Program.o
                0x00002c16                DCM_voidControlSpeed
 .text.DCM_voidOn
                0x00002c3a       0x32 ./_HAL/DCMotor/DCM_Program.o
                0x00002c3a                DCM_voidOn
 .text.Segment_Write
                0x00002c6c       0xda ./_HAL/7SEGMENTS/7SEG_Program.o
                0x00002c6c                Segment_Write
 .text.stop_after_back_cm
                0x00002d46       0x3a ./_APPL/main.o
 .text.AutoPark_action
                0x00002d80      0x134 ./_APPL/main.o
                0x00002d80                AutoPark_action
 .text.lane_action
                0x00002eb4      0x31c ./_APPL/main.o
                0x00002eb4                lane_action
 .text.ACT_SPI  0x000031d0       0x42 ./_APPL/main.o
                0x000031d0                ACT_SPI
 .text.main     0x00003212       0x5e ./_APPL/main.o
                0x00003212                main
 .text.libgcc   0x00003270       0x3e d:/nti_pro/imt_sdk_win_64/winavr/bin/../lib/gcc/avr/4.3.3/avr5\libgcc.a(_mulsi3.o)
                0x00003270                __mulsi3
 .text.libgcc   0x000032ae       0x44 d:/nti_pro/imt_sdk_win_64/winavr/bin/../lib/gcc/avr/4.3.3/avr5\libgcc.a(_udivmodsi4.o)
                0x000032ae                __udivmodsi4
 .text.libgcc   0x000032f2        0x0 d:/nti_pro/imt_sdk_win_64/winavr/bin/../lib/gcc/avr/4.3.3/avr5\libgcc.a(_exit.o)
 .text.libgcc   0x000032f2        0x0 d:/nti_pro/imt_sdk_win_64/winavr/bin/../lib/gcc/avr/4.3.3/avr5\libgcc.a(_copy_data.o)
 .text.libgcc   0x000032f2        0x0 d:/nti_pro/imt_sdk_win_64/winavr/bin/../lib/gcc/avr/4.3.3/avr5\libgcc.a(_clear_bss.o)
 .text.libgcc   0x000032f2       0x38 d:/nti_pro/imt_sdk_win_64/winavr/bin/../lib/gcc/avr/4.3.3/avr5\libgcc.a(_prologue.o)
                0x000032f2                __prologue_saves__
 .text.libgcc   0x0000332a       0x36 d:/nti_pro/imt_sdk_win_64/winavr/bin/../lib/gcc/avr/4.3.3/avr5\libgcc.a(_epilogue.o)
                0x0000332a                __epilogue_restores__
 .text.avr-libc
                0x00003360       0x3c d:/nti_pro/imt_sdk_win_64/winavr/bin/../lib/gcc/avr/4.3.3/../../../../avr/lib/avr5\libc.a(atoi.o)
                0x00003360                atoi
 .text.avr-libc
                0x0000339c       0x10 d:/nti_pro/imt_sdk_win_64/winavr/bin/../lib/gcc/avr/4.3.3/../../../../avr/lib/avr5\libc.a(mul10.o)
                0x0000339c                __mulhi_const_10
 .text.avr-libc
                0x000033ac       0x62 d:/nti_pro/imt_sdk_win_64/winavr/bin/../lib/gcc/avr/4.3.3/../../../../avr/lib/avr5\libc.a(snprintf.o)
                0x000033ac                snprintf
 .text.avr-libc
                0x0000340e      0x3ba d:/nti_pro/imt_sdk_win_64/winavr/bin/../lib/gcc/avr/4.3.3/../../../../avr/lib/avr5\libc.a(vfprintf_std.o)
                0x0000340e                vfprintf
 .text.avr-libc
                0x000037c8       0x16 d:/nti_pro/imt_sdk_win_64/winavr/bin/../lib/gcc/avr/4.3.3/../../../../avr/lib/avr5\libc.a(strnlen_P.o)
                0x000037c8                strnlen_P
 .text.avr-libc
                0x000037de       0x16 d:/nti_pro/imt_sdk_win_64/winavr/bin/../lib/gcc/avr/4.3.3/../../../../avr/lib/avr5\libc.a(strnlen.o)
                0x000037de                strnlen
 .text.avr-libc
                0x000037f4       0x58 d:/nti_pro/imt_sdk_win_64/winavr/bin/../lib/gcc/avr/4.3.3/../../../../avr/lib/avr5\libc.a(fputc.o)
                0x000037f4                fputc
 .text.avr-libc
                0x0000384c       0xbc d:/nti_pro/imt_sdk_win_64/winavr/bin/../lib/gcc/avr/4.3.3/../../../../avr/lib/avr5\libc.a(ultoa_invert.o)
                0x0000384c                __ultoa_invert
                0x00003908                . = ALIGN (0x2)
 *(.fini9)
 .fini9         0x00003908        0x0 d:/nti_pro/imt_sdk_win_64/winavr/bin/../lib/gcc/avr/4.3.3/avr5\libgcc.a(_exit.o)
                0x00003908                exit
                0x00003908                _exit
 *(.fini9)
 *(.fini8)
 *(.fini8)
 *(.fini7)
 *(.fini7)
 *(.fini6)
 *(.fini6)
 *(.fini5)
 *(.fini5)
 *(.fini4)
 *(.fini4)
 *(.fini3)
 *(.fini3)
 *(.fini2)
 *(.fini2)
 *(.fini1)
 *(.fini1)
 *(.fini0)
 .fini0         0x00003908        0x4 d:/nti_pro/imt_sdk_win_64/winavr/bin/../lib/gcc/avr/4.3.3/avr5\libgcc.a(_exit.o)
 *(.fini0)
                0x0000390c                _etext = .

.data           0x00800060      0x158 load address 0x0000390c
                0x00800060                PROVIDE (__data_start, .)
 *(.data)
 .data          0x00800060        0x0 d:/nti_pro/imt_sdk_win_64/winavr/bin/../lib/gcc/avr/4.3.3/../../../../avr/lib/avr5/crtm32.o
 .data          0x00800060        0x0 ./_MCAL/WDT/WDT_Program.o
 .data          0x00800060        0x0 ./_MCAL/UART/UART_Program.o
 .data          0x00800060        0x0 ./_MCAL/TWI/TWI_Program.o
 .data          0x00800060        0x0 ./_MCAL/TIMER2/TMR2_Program.o
 .data          0x00800060        0x0 ./_MCAL/TIMER1/TMR1_Program.o
 .data          0x00800060        0x0 ./_MCAL/TIMER0/TMR0_Program.o
 .data          0x00800060        0x0 ./_MCAL/SPI/SPI_Program.o
 .data          0x00800060        0x0 ./_MCAL/PORT/PORT_Program.o
 .data          0x00800060        0x0 ./_MCAL/HICU/ICU_Program.o
 .data          0x00800060        0x0 ./_MCAL/GI/GI_Program.o
 .data          0x00800060        0x0 ./_MCAL/EXTI/EXTI_Program.o
 .data          0x00800060        0x0 ./_MCAL/DIO/DIO_Program.o
 .data          0x00800060        0x0 ./_MCAL/ADC/ADC_Program.o
 .data          0x00800060        0x0 ./_HAL/ULTRA_SONIC/ULTRA_SONIC.o
 .data          0x00800060        0x0 ./_HAL/Shceduler/scheduler.o
 .data          0x00800060        0x0 ./_HAL/SERVO/SRVM_Program.o
 .data          0x00800060        0x3 ./_HAL/LCD/LCD_Program.o
 .data          0x00800063        0x0 ./_HAL/KEYPAD/KEYPAD_Program.o
 .data          0x00800063        0x0 ./_HAL/EXT_EEPROM/EXT_EEPROM_Program.o
 .data          0x00800063        0x0 ./_HAL/DCMotor/DCM_Program.o
 .data          0x00800063        0x0 ./_HAL/7SEGMENTS/7SEG_Program.o
 .data          0x00800063        0x0 ./_APPL/main.o
 .data          0x00800063        0x0 d:/nti_pro/imt_sdk_win_64/winavr/bin/../lib/gcc/avr/4.3.3/avr5\libgcc.a(_mulsi3.o)
 .data          0x00800063        0x0 d:/nti_pro/imt_sdk_win_64/winavr/bin/../lib/gcc/avr/4.3.3/avr5\libgcc.a(_udivmodsi4.o)
 .data          0x00800063        0x0 d:/nti_pro/imt_sdk_win_64/winavr/bin/../lib/gcc/avr/4.3.3/avr5\libgcc.a(_exit.o)
 .data          0x00800063        0x0 d:/nti_pro/imt_sdk_win_64/winavr/bin/../lib/gcc/avr/4.3.3/avr5\libgcc.a(_copy_data.o)
 .data          0x00800063        0x0 d:/nti_pro/imt_sdk_win_64/winavr/bin/../lib/gcc/avr/4.3.3/avr5\libgcc.a(_clear_bss.o)
 .data          0x00800063        0x0 d:/nti_pro/imt_sdk_win_64/winavr/bin/../lib/gcc/avr/4.3.3/avr5\libgcc.a(_fixunssfsi.o)
 .data          0x00800063        0x0 d:/nti_pro/imt_sdk_win_64/winavr/bin/../lib/gcc/avr/4.3.3/avr5\libgcc.a(_addsub_sf.o)
 .data          0x00800063        0x0 d:/nti_pro/imt_sdk_win_64/winavr/bin/../lib/gcc/avr/4.3.3/avr5\libgcc.a(_mul_sf.o)
 .data          0x00800063        0x0 d:/nti_pro/imt_sdk_win_64/winavr/bin/../lib/gcc/avr/4.3.3/avr5\libgcc.a(_div_sf.o)
 .data          0x00800063        0x0 d:/nti_pro/imt_sdk_win_64/winavr/bin/../lib/gcc/avr/4.3.3/avr5\libgcc.a(_eq_sf.o)
 .data          0x00800063        0x0 d:/nti_pro/imt_sdk_win_64/winavr/bin/../lib/gcc/avr/4.3.3/avr5\libgcc.a(_ge_sf.o)
 .data          0x00800063        0x0 d:/nti_pro/imt_sdk_win_64/winavr/bin/../lib/gcc/avr/4.3.3/avr5\libgcc.a(_le_sf.o)
 .data          0x00800063        0x0 d:/nti_pro/imt_sdk_win_64/winavr/bin/../lib/gcc/avr/4.3.3/avr5\libgcc.a(_si_to_sf.o)
 .data          0x00800063        0x0 d:/nti_pro/imt_sdk_win_64/winavr/bin/../lib/gcc/avr/4.3.3/avr5\libgcc.a(_sf_to_si.o)
 .data          0x00800063        0x8 d:/nti_pro/imt_sdk_win_64/winavr/bin/../lib/gcc/avr/4.3.3/avr5\libgcc.a(_thenan_sf.o)
                0x00800063                __thenan_sf
 .data          0x0080006b        0x0 d:/nti_pro/imt_sdk_win_64/winavr/bin/../lib/gcc/avr/4.3.3/avr5\libgcc.a(_usi_to_sf.o)
 .data          0x0080006b        0x0 d:/nti_pro/imt_sdk_win_64/winavr/bin/../lib/gcc/avr/4.3.3/avr5\libgcc.a(_prologue.o)
 .data          0x0080006b        0x0 d:/nti_pro/imt_sdk_win_64/winavr/bin/../lib/gcc/avr/4.3.3/avr5\libgcc.a(_epilogue.o)
 .data          0x0080006b        0x0 d:/nti_pro/imt_sdk_win_64/winavr/bin/../lib/gcc/avr/4.3.3/avr5\libgcc.a(_clzsi2.o)
 .data          0x0080006b        0x0 d:/nti_pro/imt_sdk_win_64/winavr/bin/../lib/gcc/avr/4.3.3/avr5\libgcc.a(_pack_sf.o)
 .data          0x0080006b        0x0 d:/nti_pro/imt_sdk_win_64/winavr/bin/../lib/gcc/avr/4.3.3/avr5\libgcc.a(_unpack_sf.o)
 .data          0x0080006b        0x0 d:/nti_pro/imt_sdk_win_64/winavr/bin/../lib/gcc/avr/4.3.3/avr5\libgcc.a(_fpcmp_parts_sf.o)
 .data          0x0080006b      0x100 d:/nti_pro/imt_sdk_win_64/winavr/bin/../lib/gcc/avr/4.3.3/avr5\libgcc.a(_clz.o)
                0x0080006b                __clz_tab
 .data          0x0080016b        0x0 d:/nti_pro/imt_sdk_win_64/winavr/bin/../lib/gcc/avr/4.3.3/../../../../avr/lib/avr5\libc.a(atoi.o)
 .data          0x0080016b        0x0 d:/nti_pro/imt_sdk_win_64/winavr/bin/../lib/gcc/avr/4.3.3/../../../../avr/lib/avr5\libc.a(mul10.o)
 .data          0x0080016b        0x0 d:/nti_pro/imt_sdk_win_64/winavr/bin/../lib/gcc/avr/4.3.3/../../../../avr/lib/avr5\libc.a(snprintf.o)
 .data          0x0080016b        0x0 d:/nti_pro/imt_sdk_win_64/winavr/bin/../lib/gcc/avr/4.3.3/../../../../avr/lib/avr5\libc.a(vfprintf_std.o)
 .data          0x0080016b        0x0 d:/nti_pro/imt_sdk_win_64/winavr/bin/../lib/gcc/avr/4.3.3/../../../../avr/lib/avr5\libc.a(strnlen_P.o)
 .data          0x0080016b        0x0 d:/nti_pro/imt_sdk_win_64/winavr/bin/../lib/gcc/avr/4.3.3/../../../../avr/lib/avr5\libc.a(strnlen.o)
 .data          0x0080016b        0x0 d:/nti_pro/imt_sdk_win_64/winavr/bin/../lib/gcc/avr/4.3.3/../../../../avr/lib/avr5\libc.a(fputc.o)
 .data          0x0080016b        0x0 d:/nti_pro/imt_sdk_win_64/winavr/bin/../lib/gcc/avr/4.3.3/../../../../avr/lib/avr5\libc.a(ultoa_invert.o)
 *(.data*)
 .data.local_edge_falg.1250
                0x0080016b        0x1 ./_MCAL/HICU/ICU_Program.o
 .data.pins     0x0080016c       0x3c ./_APPL/main.o
                0x0080016c                pins
 *(.rodata)
 *(.rodata*)
 .rodata.btn_values
                0x008001a8       0x10 ./_HAL/KEYPAD/KEYPAD_Program.o
 *(.gnu.linkonce.d*)
                0x008001b8                . = ALIGN (0x2)
                0x008001b8                _edata = .
                0x008001b8                PROVIDE (__data_end, .)

.bss            0x008001b8       0x6a
                0x008001b8                PROVIDE (__bss_start, .)
 *(.bss)
 .bss           0x008001b8        0x0 d:/nti_pro/imt_sdk_win_64/winavr/bin/../lib/gcc/avr/4.3.3/../../../../avr/lib/avr5/crtm32.o
 .bss           0x008001b8        0x0 ./_MCAL/WDT/WDT_Program.o
 .bss           0x008001b8        0x0 ./_MCAL/UART/UART_Program.o
 .bss           0x008001b8        0x0 ./_MCAL/TWI/TWI_Program.o
 .bss           0x008001b8        0x0 ./_MCAL/TIMER2/TMR2_Program.o
 .bss           0x008001b8        0x0 ./_MCAL/TIMER1/TMR1_Program.o
 .bss           0x008001b8        0x0 ./_MCAL/TIMER0/TMR0_Program.o
 .bss           0x008001b8        0x0 ./_MCAL/SPI/SPI_Program.o
 .bss           0x008001b8        0x0 ./_MCAL/PORT/PORT_Program.o
 .bss           0x008001b8        0x0 ./_MCAL/HICU/ICU_Program.o
 .bss           0x008001b8        0x0 ./_MCAL/GI/GI_Program.o
 .bss           0x008001b8        0x0 ./_MCAL/EXTI/EXTI_Program.o
 .bss           0x008001b8        0x0 ./_MCAL/DIO/DIO_Program.o
 .bss           0x008001b8        0x0 ./_MCAL/ADC/ADC_Program.o
 .bss           0x008001b8        0x0 ./_HAL/ULTRA_SONIC/ULTRA_SONIC.o
 .bss           0x008001b8        0x0 ./_HAL/Shceduler/scheduler.o
 .bss           0x008001b8        0x0 ./_HAL/SERVO/SRVM_Program.o
 .bss           0x008001b8        0x0 ./_HAL/LCD/LCD_Program.o
 .bss           0x008001b8        0x0 ./_HAL/KEYPAD/KEYPAD_Program.o
 .bss           0x008001b8        0x0 ./_HAL/EXT_EEPROM/EXT_EEPROM_Program.o
 .bss           0x008001b8        0x0 ./_HAL/DCMotor/DCM_Program.o
 .bss           0x008001b8        0x0 ./_HAL/7SEGMENTS/7SEG_Program.o
 .bss           0x008001b8        0x0 ./_APPL/main.o
 .bss           0x008001b8        0x0 d:/nti_pro/imt_sdk_win_64/winavr/bin/../lib/gcc/avr/4.3.3/avr5\libgcc.a(_mulsi3.o)
 .bss           0x008001b8        0x0 d:/nti_pro/imt_sdk_win_64/winavr/bin/../lib/gcc/avr/4.3.3/avr5\libgcc.a(_udivmodsi4.o)
 .bss           0x008001b8        0x0 d:/nti_pro/imt_sdk_win_64/winavr/bin/../lib/gcc/avr/4.3.3/avr5\libgcc.a(_exit.o)
 .bss           0x008001b8        0x0 d:/nti_pro/imt_sdk_win_64/winavr/bin/../lib/gcc/avr/4.3.3/avr5\libgcc.a(_copy_data.o)
 .bss           0x008001b8        0x0 d:/nti_pro/imt_sdk_win_64/winavr/bin/../lib/gcc/avr/4.3.3/avr5\libgcc.a(_clear_bss.o)
 .bss           0x008001b8        0x0 d:/nti_pro/imt_sdk_win_64/winavr/bin/../lib/gcc/avr/4.3.3/avr5\libgcc.a(_fixunssfsi.o)
 .bss           0x008001b8        0x0 d:/nti_pro/imt_sdk_win_64/winavr/bin/../lib/gcc/avr/4.3.3/avr5\libgcc.a(_addsub_sf.o)
 .bss           0x008001b8        0x0 d:/nti_pro/imt_sdk_win_64/winavr/bin/../lib/gcc/avr/4.3.3/avr5\libgcc.a(_mul_sf.o)
 .bss           0x008001b8        0x0 d:/nti_pro/imt_sdk_win_64/winavr/bin/../lib/gcc/avr/4.3.3/avr5\libgcc.a(_div_sf.o)
 .bss           0x008001b8        0x0 d:/nti_pro/imt_sdk_win_64/winavr/bin/../lib/gcc/avr/4.3.3/avr5\libgcc.a(_eq_sf.o)
 .bss           0x008001b8        0x0 d:/nti_pro/imt_sdk_win_64/winavr/bin/../lib/gcc/avr/4.3.3/avr5\libgcc.a(_ge_sf.o)
 .bss           0x008001b8        0x0 d:/nti_pro/imt_sdk_win_64/winavr/bin/../lib/gcc/avr/4.3.3/avr5\libgcc.a(_le_sf.o)
 .bss           0x008001b8        0x0 d:/nti_pro/imt_sdk_win_64/winavr/bin/../lib/gcc/avr/4.3.3/avr5\libgcc.a(_si_to_sf.o)
 .bss           0x008001b8        0x0 d:/nti_pro/imt_sdk_win_64/winavr/bin/../lib/gcc/avr/4.3.3/avr5\libgcc.a(_sf_to_si.o)
 .bss           0x008001b8        0x0 d:/nti_pro/imt_sdk_win_64/winavr/bin/../lib/gcc/avr/4.3.3/avr5\libgcc.a(_thenan_sf.o)
 .bss           0x008001b8        0x0 d:/nti_pro/imt_sdk_win_64/winavr/bin/../lib/gcc/avr/4.3.3/avr5\libgcc.a(_usi_to_sf.o)
 .bss           0x008001b8        0x0 d:/nti_pro/imt_sdk_win_64/winavr/bin/../lib/gcc/avr/4.3.3/avr5\libgcc.a(_prologue.o)
 .bss           0x008001b8        0x0 d:/nti_pro/imt_sdk_win_64/winavr/bin/../lib/gcc/avr/4.3.3/avr5\libgcc.a(_epilogue.o)
 .bss           0x008001b8        0x0 d:/nti_pro/imt_sdk_win_64/winavr/bin/../lib/gcc/avr/4.3.3/avr5\libgcc.a(_clzsi2.o)
 .bss           0x008001b8        0x0 d:/nti_pro/imt_sdk_win_64/winavr/bin/../lib/gcc/avr/4.3.3/avr5\libgcc.a(_pack_sf.o)
 .bss           0x008001b8        0x0 d:/nti_pro/imt_sdk_win_64/winavr/bin/../lib/gcc/avr/4.3.3/avr5\libgcc.a(_unpack_sf.o)
 .bss           0x008001b8        0x0 d:/nti_pro/imt_sdk_win_64/winavr/bin/../lib/gcc/avr/4.3.3/avr5\libgcc.a(_fpcmp_parts_sf.o)
 .bss           0x008001b8        0x0 d:/nti_pro/imt_sdk_win_64/winavr/bin/../lib/gcc/avr/4.3.3/avr5\libgcc.a(_clz.o)
 .bss           0x008001b8        0x0 d:/nti_pro/imt_sdk_win_64/winavr/bin/../lib/gcc/avr/4.3.3/../../../../avr/lib/avr5\libc.a(atoi.o)
 .bss           0x008001b8        0x0 d:/nti_pro/imt_sdk_win_64/winavr/bin/../lib/gcc/avr/4.3.3/../../../../avr/lib/avr5\libc.a(mul10.o)
 .bss           0x008001b8        0x0 d:/nti_pro/imt_sdk_win_64/winavr/bin/../lib/gcc/avr/4.3.3/../../../../avr/lib/avr5\libc.a(snprintf.o)
 .bss           0x008001b8        0x0 d:/nti_pro/imt_sdk_win_64/winavr/bin/../lib/gcc/avr/4.3.3/../../../../avr/lib/avr5\libc.a(vfprintf_std.o)
 .bss           0x008001b8        0x0 d:/nti_pro/imt_sdk_win_64/winavr/bin/../lib/gcc/avr/4.3.3/../../../../avr/lib/avr5\libc.a(strnlen_P.o)
 .bss           0x008001b8        0x0 d:/nti_pro/imt_sdk_win_64/winavr/bin/../lib/gcc/avr/4.3.3/../../../../avr/lib/avr5\libc.a(strnlen.o)
 .bss           0x008001b8        0x0 d:/nti_pro/imt_sdk_win_64/winavr/bin/../lib/gcc/avr/4.3.3/../../../../avr/lib/avr5\libc.a(fputc.o)
 .bss           0x008001b8        0x0 d:/nti_pro/imt_sdk_win_64/winavr/bin/../lib/gcc/avr/4.3.3/../../../../avr/lib/avr5\libc.a(ultoa_invert.o)
 *(.bss*)
 .bss.private_CTC_counter
                0x008001b8        0x2 ./_MCAL/TIMER2/TMR2_Program.o
 .bss.privatePTR_OC
                0x008001ba        0x2 ./_MCAL/TIMER2/TMR2_Program.o
 .bss.count.1358
                0x008001bc        0x2 ./_MCAL/TIMER2/TMR2_Program.o
 .bss.count.1351
                0x008001be        0x2 ./_MCAL/TIMER2/TMR2_Program.o
 .bss.private_CTC_counter
                0x008001c0        0x2 ./_MCAL/TIMER0/TMR0_Program.o
 .bss.privatePTR_OC
                0x008001c2        0x2 ./_MCAL/TIMER0/TMR0_Program.o
 .bss.count.1348
                0x008001c4        0x2 ./_MCAL/TIMER0/TMR0_Program.o
 .bss.privatePTR_OV
                0x008001c6        0x2 ./_MCAL/TIMER0/TMR0_Program.o
 .bss.local_u16ovCounter.1340
                0x008001c8        0x2 ./_MCAL/TIMER0/TMR0_Program.o
 .bss.Private_pCallback
                0x008001ca        0x2 ./_MCAL/SPI/SPI_Program.o
 .bss.local_u16_CounterValue.1252
                0x008001cc        0x2 ./_MCAL/HICU/ICU_Program.o
 .bss.local_u16_OldValue.1251
                0x008001ce        0x2 ./_MCAL/HICU/ICU_Program.o
 .bss.private_u16_On_Period
                0x008001d0        0x2 ./_MCAL/HICU/ICU_Program.o
 .bss.private_u16_Off_Period
                0x008001d2        0x2 ./_MCAL/HICU/ICU_Program.o
 .bss.EXTI_prviate_PtrCallBack2
                0x008001d4        0x2 ./_MCAL/EXTI/EXTI_Program.o
 .bss.EXTI_prviate_PtrCallBack1
                0x008001d6        0x2 ./_MCAL/EXTI/EXTI_Program.o
 .bss.EXTI_prviate_PtrCallBack0
                0x008001d8        0x2 ./_MCAL/EXTI/EXTI_Program.o
 .bss.created_tasks_number
                0x008001da        0x1 ./_HAL/Shceduler/scheduler.o
 .bss.timer1Initialized
                0x008001db        0x1 ./_HAL/SERVO/SRVM_Program.o
 .bss.current_pos
                0x008001dc        0x1 ./_HAL/LCD/LCD_Program.o
                0x008001dc                current_pos
 .bss.timerInitialized
                0x008001dd        0x1 ./_HAL/DCMotor/DCM_Program.o
 .bss.RUN_STATE
                0x008001de        0x1 ./_APPL/main.o
                0x008001de                RUN_STATE
 .bss.received  0x008001df        0x1 ./_APPL/main.o
                0x008001df                received
 *(COMMON)
 COMMON         0x008001e0       0x36 ./_HAL/Shceduler/scheduler.o
                0x008001e0                temp_priodicity
                0x008001ec                My_Tasks
 COMMON         0x00800216        0xc ./_APPL/main.o
                0x00800216                DistanceForward
                0x00800218                LeftFlag
                0x00800219                DistanceBack
                0x0080021b                Auto_B_Flag
                0x0080021c                RightFlag
                0x0080021d                DistanceRight
                0x0080021f                DistanceLeft
                0x00800221                Auto_R_Flag
                0x00800222                PROVIDE (__bss_end, .)
                0x0000390c                __data_load_start = LOADADDR (.data)
                0x00003a64                __data_load_end = (__data_load_start + SIZEOF (.data))

.noinit         0x00800222        0x0
                0x00800222                PROVIDE (__noinit_start, .)
 *(.noinit*)
                0x00800222                PROVIDE (__noinit_end, .)
                0x00800222                _end = .
                0x00800222                PROVIDE (__heap_start, .)

.eeprom         0x00810000        0x0
 *(.eeprom*)
                0x00810000                __eeprom_end = .

.fuse
 *(.fuse)
 *(.lfuse)
 *(.hfuse)
 *(.efuse)

.lock
 *(.lock*)

.signature
 *(.signature*)

.stab           0x00000000     0x699c
 *(.stab)
 .stab          0x00000000      0x3b4 ./_MCAL/WDT/WDT_Program.o
 .stab          0x000003b4      0x498 ./_MCAL/UART/UART_Program.o
                                0x4a4 (size before relaxing)
 .stab          0x0000084c      0x5a0 ./_MCAL/TWI/TWI_Program.o
                                0x5ac (size before relaxing)
 .stab          0x00000dec      0x474 ./_MCAL/TIMER2/TMR2_Program.o
                                0x480 (size before relaxing)
 .stab          0x00001260      0x348 ./_MCAL/TIMER1/TMR1_Program.o
                                0x354 (size before relaxing)
 .stab          0x000015a8      0x4d4 ./_MCAL/TIMER0/TMR0_Program.o
                                0x4e0 (size before relaxing)
 .stab          0x00001a7c      0x384 ./_MCAL/SPI/SPI_Program.o
                                0x390 (size before relaxing)
 .stab          0x00001e00      0x444 ./_MCAL/PORT/PORT_Program.o
                                0x450 (size before relaxing)
 .stab          0x00002244      0x3b4 ./_MCAL/HICU/ICU_Program.o
                                0x3c0 (size before relaxing)
 .stab          0x000025f8      0x138 ./_MCAL/GI/GI_Program.o
                                0x144 (size before relaxing)
 .stab          0x00002730      0x4d4 ./_MCAL/EXTI/EXTI_Program.o
                                0x4e0 (size before relaxing)
 .stab          0x00002c04      0x504 ./_MCAL/DIO/DIO_Program.o
                                0x510 (size before relaxing)
 .stab          0x00003108      0x4ec ./_MCAL/ADC/ADC_Program.o
                                0x4f8 (size before relaxing)
 .stab          0x000035f4      0x4e0 ./_HAL/ULTRA_SONIC/ULTRA_SONIC.o
                                0x4ec (size before relaxing)
 .stab          0x00003ad4      0x3b4 ./_HAL/Shceduler/scheduler.o
                                0x3c0 (size before relaxing)
 .stab          0x00003e88      0x2ac ./_HAL/SERVO/SRVM_Program.o
                                0x2b8 (size before relaxing)
 .stab          0x00004134      0xbc4 ./_HAL/LCD/LCD_Program.o
                                0xd5c (size before relaxing)
 .stab          0x00004cf8      0x348 ./_HAL/KEYPAD/KEYPAD_Program.o
                                0x354 (size before relaxing)
 .stab          0x00005040      0x558 ./_HAL/EXT_EEPROM/EXT_EEPROM_Program.o
                                0x6f0 (size before relaxing)
 .stab          0x00005598      0x360 ./_HAL/DCMotor/DCM_Program.o
                                0x36c (size before relaxing)
 .stab          0x000058f8      0x348 ./_HAL/7SEGMENTS/7SEG_Program.o
                                0x354 (size before relaxing)
 .stab          0x00005c40      0xd5c ./_APPL/main.o
                                0xef4 (size before relaxing)

.stabstr        0x00000000     0x380e
 *(.stabstr)
 .stabstr       0x00000000     0x380e ./_MCAL/WDT/WDT_Program.o

.stab.excl
 *(.stab.excl)

.stab.exclstr
 *(.stab.exclstr)

.stab.index
 *(.stab.index)

.stab.indexstr
 *(.stab.indexstr)

.comment
 *(.comment)

.debug
 *(.debug)

.line
 *(.line)

.debug_srcinfo
 *(.debug_srcinfo)

.debug_sfnames
 *(.debug_sfnames)

.debug_aranges  0x00000000      0x1c0
 *(.debug_aranges)
 .debug_aranges
                0x00000000       0x20 d:/nti_pro/imt_sdk_win_64/winavr/bin/../lib/gcc/avr/4.3.3/avr5\libgcc.a(_fixunssfsi.o)
 .debug_aranges
                0x00000020       0x20 d:/nti_pro/imt_sdk_win_64/winavr/bin/../lib/gcc/avr/4.3.3/avr5\libgcc.a(_addsub_sf.o)
 .debug_aranges
                0x00000040       0x20 d:/nti_pro/imt_sdk_win_64/winavr/bin/../lib/gcc/avr/4.3.3/avr5\libgcc.a(_mul_sf.o)
 .debug_aranges
                0x00000060       0x20 d:/nti_pro/imt_sdk_win_64/winavr/bin/../lib/gcc/avr/4.3.3/avr5\libgcc.a(_div_sf.o)
 .debug_aranges
                0x00000080       0x20 d:/nti_pro/imt_sdk_win_64/winavr/bin/../lib/gcc/avr/4.3.3/avr5\libgcc.a(_eq_sf.o)
 .debug_aranges
                0x000000a0       0x20 d:/nti_pro/imt_sdk_win_64/winavr/bin/../lib/gcc/avr/4.3.3/avr5\libgcc.a(_ge_sf.o)
 .debug_aranges
                0x000000c0       0x20 d:/nti_pro/imt_sdk_win_64/winavr/bin/../lib/gcc/avr/4.3.3/avr5\libgcc.a(_le_sf.o)
 .debug_aranges
                0x000000e0       0x20 d:/nti_pro/imt_sdk_win_64/winavr/bin/../lib/gcc/avr/4.3.3/avr5\libgcc.a(_si_to_sf.o)
 .debug_aranges
                0x00000100       0x20 d:/nti_pro/imt_sdk_win_64/winavr/bin/../lib/gcc/avr/4.3.3/avr5\libgcc.a(_sf_to_si.o)
 .debug_aranges
                0x00000120       0x20 d:/nti_pro/imt_sdk_win_64/winavr/bin/../lib/gcc/avr/4.3.3/avr5\libgcc.a(_usi_to_sf.o)
 .debug_aranges
                0x00000140       0x20 d:/nti_pro/imt_sdk_win_64/winavr/bin/../lib/gcc/avr/4.3.3/avr5\libgcc.a(_clzsi2.o)
 .debug_aranges
                0x00000160       0x20 d:/nti_pro/imt_sdk_win_64/winavr/bin/../lib/gcc/avr/4.3.3/avr5\libgcc.a(_pack_sf.o)
 .debug_aranges
                0x00000180       0x20 d:/nti_pro/imt_sdk_win_64/winavr/bin/../lib/gcc/avr/4.3.3/avr5\libgcc.a(_unpack_sf.o)
 .debug_aranges
                0x000001a0       0x20 d:/nti_pro/imt_sdk_win_64/winavr/bin/../lib/gcc/avr/4.3.3/avr5\libgcc.a(_fpcmp_parts_sf.o)

.debug_pubnames
                0x00000000      0x214
 *(.debug_pubnames)
 .debug_pubnames
                0x00000000       0x23 d:/nti_pro/imt_sdk_win_64/winavr/bin/../lib/gcc/avr/4.3.3/avr5\libgcc.a(_fixunssfsi.o)
 .debug_pubnames
                0x00000023       0x2c d:/nti_pro/imt_sdk_win_64/winavr/bin/../lib/gcc/avr/4.3.3/avr5\libgcc.a(_addsub_sf.o)
 .debug_pubnames
                0x0000004f       0x1f d:/nti_pro/imt_sdk_win_64/winavr/bin/../lib/gcc/avr/4.3.3/avr5\libgcc.a(_mul_sf.o)
 .debug_pubnames
                0x0000006e       0x1f d:/nti_pro/imt_sdk_win_64/winavr/bin/../lib/gcc/avr/4.3.3/avr5\libgcc.a(_div_sf.o)
 .debug_pubnames
                0x0000008d       0x1e d:/nti_pro/imt_sdk_win_64/winavr/bin/../lib/gcc/avr/4.3.3/avr5\libgcc.a(_eq_sf.o)
 .debug_pubnames
                0x000000ab       0x1e d:/nti_pro/imt_sdk_win_64/winavr/bin/../lib/gcc/avr/4.3.3/avr5\libgcc.a(_ge_sf.o)
 .debug_pubnames
                0x000000c9       0x1e d:/nti_pro/imt_sdk_win_64/winavr/bin/../lib/gcc/avr/4.3.3/avr5\libgcc.a(_le_sf.o)
 .debug_pubnames
                0x000000e7       0x22 d:/nti_pro/imt_sdk_win_64/winavr/bin/../lib/gcc/avr/4.3.3/avr5\libgcc.a(_si_to_sf.o)
 .debug_pubnames
                0x00000109       0x20 d:/nti_pro/imt_sdk_win_64/winavr/bin/../lib/gcc/avr/4.3.3/avr5\libgcc.a(_sf_to_si.o)
 .debug_pubnames
                0x00000129       0x22 d:/nti_pro/imt_sdk_win_64/winavr/bin/../lib/gcc/avr/4.3.3/avr5\libgcc.a(_thenan_sf.o)
 .debug_pubnames
                0x0000014b       0x24 d:/nti_pro/imt_sdk_win_64/winavr/bin/../lib/gcc/avr/4.3.3/avr5\libgcc.a(_usi_to_sf.o)
 .debug_pubnames
                0x0000016f       0x1f d:/nti_pro/imt_sdk_win_64/winavr/bin/../lib/gcc/avr/4.3.3/avr5\libgcc.a(_clzsi2.o)
 .debug_pubnames
                0x0000018e       0x1f d:/nti_pro/imt_sdk_win_64/winavr/bin/../lib/gcc/avr/4.3.3/avr5\libgcc.a(_pack_sf.o)
 .debug_pubnames
                0x000001ad       0x21 d:/nti_pro/imt_sdk_win_64/winavr/bin/../lib/gcc/avr/4.3.3/avr5\libgcc.a(_unpack_sf.o)
 .debug_pubnames
                0x000001ce       0x26 d:/nti_pro/imt_sdk_win_64/winavr/bin/../lib/gcc/avr/4.3.3/avr5\libgcc.a(_fpcmp_parts_sf.o)
 .debug_pubnames
                0x000001f4       0x20 d:/nti_pro/imt_sdk_win_64/winavr/bin/../lib/gcc/avr/4.3.3/avr5\libgcc.a(_clz.o)

.debug_info     0x00000000     0x2612
 *(.debug_info)
 .debug_info    0x00000000       0xb1 d:/nti_pro/imt_sdk_win_64/winavr/bin/../lib/gcc/avr/4.3.3/avr5\libgcc.a(_fixunssfsi.o)
 .debug_info    0x000000b1      0x47a d:/nti_pro/imt_sdk_win_64/winavr/bin/../lib/gcc/avr/4.3.3/avr5\libgcc.a(_addsub_sf.o)
 .debug_info    0x0000052b      0x485 d:/nti_pro/imt_sdk_win_64/winavr/bin/../lib/gcc/avr/4.3.3/avr5\libgcc.a(_mul_sf.o)
 .debug_info    0x000009b0      0x3fc d:/nti_pro/imt_sdk_win_64/winavr/bin/../lib/gcc/avr/4.3.3/avr5\libgcc.a(_div_sf.o)
 .debug_info    0x00000dac      0x27f d:/nti_pro/imt_sdk_win_64/winavr/bin/../lib/gcc/avr/4.3.3/avr5\libgcc.a(_eq_sf.o)
 .debug_info    0x0000102b      0x27f d:/nti_pro/imt_sdk_win_64/winavr/bin/../lib/gcc/avr/4.3.3/avr5\libgcc.a(_ge_sf.o)
 .debug_info    0x000012aa      0x27f d:/nti_pro/imt_sdk_win_64/winavr/bin/../lib/gcc/avr/4.3.3/avr5\libgcc.a(_le_sf.o)
 .debug_info    0x00001529      0x207 d:/nti_pro/imt_sdk_win_64/winavr/bin/../lib/gcc/avr/4.3.3/avr5\libgcc.a(_si_to_sf.o)
 .debug_info    0x00001730      0x2b0 d:/nti_pro/imt_sdk_win_64/winavr/bin/../lib/gcc/avr/4.3.3/avr5\libgcc.a(_sf_to_si.o)
 .debug_info    0x000019e0      0x12c d:/nti_pro/imt_sdk_win_64/winavr/bin/../lib/gcc/avr/4.3.3/avr5\libgcc.a(_thenan_sf.o)
 .debug_info    0x00001b0c      0x206 d:/nti_pro/imt_sdk_win_64/winavr/bin/../lib/gcc/avr/4.3.3/avr5\libgcc.a(_usi_to_sf.o)
 .debug_info    0x00001d12      0x117 d:/nti_pro/imt_sdk_win_64/winavr/bin/../lib/gcc/avr/4.3.3/avr5\libgcc.a(_clzsi2.o)
 .debug_info    0x00001e29      0x2df d:/nti_pro/imt_sdk_win_64/winavr/bin/../lib/gcc/avr/4.3.3/avr5\libgcc.a(_pack_sf.o)
 .debug_info    0x00002108      0x251 d:/nti_pro/imt_sdk_win_64/winavr/bin/../lib/gcc/avr/4.3.3/avr5\libgcc.a(_unpack_sf.o)
 .debug_info    0x00002359      0x210 d:/nti_pro/imt_sdk_win_64/winavr/bin/../lib/gcc/avr/4.3.3/avr5\libgcc.a(_fpcmp_parts_sf.o)
 .debug_info    0x00002569       0xa9 d:/nti_pro/imt_sdk_win_64/winavr/bin/../lib/gcc/avr/4.3.3/avr5\libgcc.a(_clz.o)
 *(.gnu.linkonce.wi.*)

.debug_abbrev   0x00000000     0x14ce
 *(.debug_abbrev)
 .debug_abbrev  0x00000000       0x5d d:/nti_pro/imt_sdk_win_64/winavr/bin/../lib/gcc/avr/4.3.3/avr5\libgcc.a(_fixunssfsi.o)
 .debug_abbrev  0x0000005d      0x1ea d:/nti_pro/imt_sdk_win_64/winavr/bin/../lib/gcc/avr/4.3.3/avr5\libgcc.a(_addsub_sf.o)
 .debug_abbrev  0x00000247      0x21b d:/nti_pro/imt_sdk_win_64/winavr/bin/../lib/gcc/avr/4.3.3/avr5\libgcc.a(_mul_sf.o)
 .debug_abbrev  0x00000462      0x216 d:/nti_pro/imt_sdk_win_64/winavr/bin/../lib/gcc/avr/4.3.3/avr5\libgcc.a(_div_sf.o)
 .debug_abbrev  0x00000678      0x15a d:/nti_pro/imt_sdk_win_64/winavr/bin/../lib/gcc/avr/4.3.3/avr5\libgcc.a(_eq_sf.o)
 .debug_abbrev  0x000007d2      0x15a d:/nti_pro/imt_sdk_win_64/winavr/bin/../lib/gcc/avr/4.3.3/avr5\libgcc.a(_ge_sf.o)
 .debug_abbrev  0x0000092c      0x15a d:/nti_pro/imt_sdk_win_64/winavr/bin/../lib/gcc/avr/4.3.3/avr5\libgcc.a(_le_sf.o)
 .debug_abbrev  0x00000a86      0x148 d:/nti_pro/imt_sdk_win_64/winavr/bin/../lib/gcc/avr/4.3.3/avr5\libgcc.a(_si_to_sf.o)
 .debug_abbrev  0x00000bce      0x17f d:/nti_pro/imt_sdk_win_64/winavr/bin/../lib/gcc/avr/4.3.3/avr5\libgcc.a(_sf_to_si.o)
 .debug_abbrev  0x00000d4d       0xad d:/nti_pro/imt_sdk_win_64/winavr/bin/../lib/gcc/avr/4.3.3/avr5\libgcc.a(_thenan_sf.o)
 .debug_abbrev  0x00000dfa      0x157 d:/nti_pro/imt_sdk_win_64/winavr/bin/../lib/gcc/avr/4.3.3/avr5\libgcc.a(_usi_to_sf.o)
 .debug_abbrev  0x00000f51       0xc4 d:/nti_pro/imt_sdk_win_64/winavr/bin/../lib/gcc/avr/4.3.3/avr5\libgcc.a(_clzsi2.o)
 .debug_abbrev  0x00001015      0x1c0 d:/nti_pro/imt_sdk_win_64/winavr/bin/../lib/gcc/avr/4.3.3/avr5\libgcc.a(_pack_sf.o)
 .debug_abbrev  0x000011d5      0x154 d:/nti_pro/imt_sdk_win_64/winavr/bin/../lib/gcc/avr/4.3.3/avr5\libgcc.a(_unpack_sf.o)
 .debug_abbrev  0x00001329      0x13b d:/nti_pro/imt_sdk_win_64/winavr/bin/../lib/gcc/avr/4.3.3/avr5\libgcc.a(_fpcmp_parts_sf.o)
 .debug_abbrev  0x00001464       0x6a d:/nti_pro/imt_sdk_win_64/winavr/bin/../lib/gcc/avr/4.3.3/avr5\libgcc.a(_clz.o)

.debug_line     0x00000000     0x130b
 *(.debug_line)
 .debug_line    0x00000000       0xa7 d:/nti_pro/imt_sdk_win_64/winavr/bin/../lib/gcc/avr/4.3.3/avr5\libgcc.a(_fixunssfsi.o)
 .debug_line    0x000000a7      0x2af d:/nti_pro/imt_sdk_win_64/winavr/bin/../lib/gcc/avr/4.3.3/avr5\libgcc.a(_addsub_sf.o)
 .debug_line    0x00000356      0x239 d:/nti_pro/imt_sdk_win_64/winavr/bin/../lib/gcc/avr/4.3.3/avr5\libgcc.a(_mul_sf.o)
 .debug_line    0x0000058f      0x1d5 d:/nti_pro/imt_sdk_win_64/winavr/bin/../lib/gcc/avr/4.3.3/avr5\libgcc.a(_div_sf.o)
 .debug_line    0x00000764       0xd3 d:/nti_pro/imt_sdk_win_64/winavr/bin/../lib/gcc/avr/4.3.3/avr5\libgcc.a(_eq_sf.o)
 .debug_line    0x00000837       0xd3 d:/nti_pro/imt_sdk_win_64/winavr/bin/../lib/gcc/avr/4.3.3/avr5\libgcc.a(_ge_sf.o)
 .debug_line    0x0000090a       0xd3 d:/nti_pro/imt_sdk_win_64/winavr/bin/../lib/gcc/avr/4.3.3/avr5\libgcc.a(_le_sf.o)
 .debug_line    0x000009dd      0x135 d:/nti_pro/imt_sdk_win_64/winavr/bin/../lib/gcc/avr/4.3.3/avr5\libgcc.a(_si_to_sf.o)
 .debug_line    0x00000b12      0x109 d:/nti_pro/imt_sdk_win_64/winavr/bin/../lib/gcc/avr/4.3.3/avr5\libgcc.a(_sf_to_si.o)
 .debug_line    0x00000c1b       0x90 d:/nti_pro/imt_sdk_win_64/winavr/bin/../lib/gcc/avr/4.3.3/avr5\libgcc.a(_thenan_sf.o)
 .debug_line    0x00000cab      0x133 d:/nti_pro/imt_sdk_win_64/winavr/bin/../lib/gcc/avr/4.3.3/avr5\libgcc.a(_usi_to_sf.o)
 .debug_line    0x00000dde       0xa5 d:/nti_pro/imt_sdk_win_64/winavr/bin/../lib/gcc/avr/4.3.3/avr5\libgcc.a(_clzsi2.o)
 .debug_line    0x00000e83      0x18a d:/nti_pro/imt_sdk_win_64/winavr/bin/../lib/gcc/avr/4.3.3/avr5\libgcc.a(_pack_sf.o)
 .debug_line    0x0000100d      0x14b d:/nti_pro/imt_sdk_win_64/winavr/bin/../lib/gcc/avr/4.3.3/avr5\libgcc.a(_unpack_sf.o)
 .debug_line    0x00001158      0x137 d:/nti_pro/imt_sdk_win_64/winavr/bin/../lib/gcc/avr/4.3.3/avr5\libgcc.a(_fpcmp_parts_sf.o)
 .debug_line    0x0000128f       0x7c d:/nti_pro/imt_sdk_win_64/winavr/bin/../lib/gcc/avr/4.3.3/avr5\libgcc.a(_clz.o)

.debug_frame    0x00000000      0x1e0
 *(.debug_frame)
 .debug_frame   0x00000000       0x20 d:/nti_pro/imt_sdk_win_64/winavr/bin/../lib/gcc/avr/4.3.3/avr5\libgcc.a(_fixunssfsi.o)
 .debug_frame   0x00000020       0x40 d:/nti_pro/imt_sdk_win_64/winavr/bin/../lib/gcc/avr/4.3.3/avr5\libgcc.a(_addsub_sf.o)
 .debug_frame   0x00000060       0x20 d:/nti_pro/imt_sdk_win_64/winavr/bin/../lib/gcc/avr/4.3.3/avr5\libgcc.a(_mul_sf.o)
 .debug_frame   0x00000080       0x20 d:/nti_pro/imt_sdk_win_64/winavr/bin/../lib/gcc/avr/4.3.3/avr5\libgcc.a(_div_sf.o)
 .debug_frame   0x000000a0       0x20 d:/nti_pro/imt_sdk_win_64/winavr/bin/../lib/gcc/avr/4.3.3/avr5\libgcc.a(_eq_sf.o)
 .debug_frame   0x000000c0       0x20 d:/nti_pro/imt_sdk_win_64/winavr/bin/../lib/gcc/avr/4.3.3/avr5\libgcc.a(_ge_sf.o)
 .debug_frame   0x000000e0       0x20 d:/nti_pro/imt_sdk_win_64/winavr/bin/../lib/gcc/avr/4.3.3/avr5\libgcc.a(_le_sf.o)
 .debug_frame   0x00000100       0x20 d:/nti_pro/imt_sdk_win_64/winavr/bin/../lib/gcc/avr/4.3.3/avr5\libgcc.a(_si_to_sf.o)
 .debug_frame   0x00000120       0x20 d:/nti_pro/imt_sdk_win_64/winavr/bin/../lib/gcc/avr/4.3.3/avr5\libgcc.a(_sf_to_si.o)
 .debug_frame   0x00000140       0x20 d:/nti_pro/imt_sdk_win_64/winavr/bin/../lib/gcc/avr/4.3.3/avr5\libgcc.a(_usi_to_sf.o)
 .debug_frame   0x00000160       0x20 d:/nti_pro/imt_sdk_win_64/winavr/bin/../lib/gcc/avr/4.3.3/avr5\libgcc.a(_clzsi2.o)
 .debug_frame   0x00000180       0x20 d:/nti_pro/imt_sdk_win_64/winavr/bin/../lib/gcc/avr/4.3.3/avr5\libgcc.a(_pack_sf.o)
 .debug_frame   0x000001a0       0x20 d:/nti_pro/imt_sdk_win_64/winavr/bin/../lib/gcc/avr/4.3.3/avr5\libgcc.a(_unpack_sf.o)
 .debug_frame   0x000001c0       0x20 d:/nti_pro/imt_sdk_win_64/winavr/bin/../lib/gcc/avr/4.3.3/avr5\libgcc.a(_fpcmp_parts_sf.o)

.debug_str      0x00000000      0x307
 *(.debug_str)
 .debug_str     0x00000000       0xbf d:/nti_pro/imt_sdk_win_64/winavr/bin/../lib/gcc/avr/4.3.3/avr5\libgcc.a(_fixunssfsi.o)
                                 0xfe (size before relaxing)
 .debug_str     0x000000bf      0x14d d:/nti_pro/imt_sdk_win_64/winavr/bin/../lib/gcc/avr/4.3.3/avr5\libgcc.a(_addsub_sf.o)
                                0x206 (size before relaxing)
 .debug_str     0x0000020c       0x27 d:/nti_pro/imt_sdk_win_64/winavr/bin/../lib/gcc/avr/4.3.3/avr5\libgcc.a(_mul_sf.o)
                                0x1bf (size before relaxing)
 .debug_str     0x00000233       0x35 d:/nti_pro/imt_sdk_win_64/winavr/bin/../lib/gcc/avr/4.3.3/avr5\libgcc.a(_div_sf.o)
                                0x1c8 (size before relaxing)
 .debug_str     0x00000268        0x8 d:/nti_pro/imt_sdk_win_64/winavr/bin/../lib/gcc/avr/4.3.3/avr5\libgcc.a(_eq_sf.o)
                                0x195 (size before relaxing)
 .debug_str     0x00000270        0x8 d:/nti_pro/imt_sdk_win_64/winavr/bin/../lib/gcc/avr/4.3.3/avr5\libgcc.a(_ge_sf.o)
                                0x195 (size before relaxing)
 .debug_str     0x00000278        0x8 d:/nti_pro/imt_sdk_win_64/winavr/bin/../lib/gcc/avr/4.3.3/avr5\libgcc.a(_le_sf.o)
                                0x195 (size before relaxing)
 .debug_str     0x00000280       0x1e d:/nti_pro/imt_sdk_win_64/winavr/bin/../lib/gcc/avr/4.3.3/avr5\libgcc.a(_si_to_sf.o)
                                0x17b (size before relaxing)
 .debug_str     0x0000029e        0xa d:/nti_pro/imt_sdk_win_64/winavr/bin/../lib/gcc/avr/4.3.3/avr5\libgcc.a(_sf_to_si.o)
                                0x19e (size before relaxing)
 .debug_str     0x00000000      0x103 d:/nti_pro/imt_sdk_win_64/winavr/bin/../lib/gcc/avr/4.3.3/avr5\libgcc.a(_thenan_sf.o)
 .debug_str     0x000002a8       0x14 d:/nti_pro/imt_sdk_win_64/winavr/bin/../lib/gcc/avr/4.3.3/avr5\libgcc.a(_usi_to_sf.o)
                                0x177 (size before relaxing)
 .debug_str     0x000002bc       0x20 d:/nti_pro/imt_sdk_win_64/winavr/bin/../lib/gcc/avr/4.3.3/avr5\libgcc.a(_clzsi2.o)
                                0x111 (size before relaxing)
 .debug_str     0x000002dc       0x10 d:/nti_pro/imt_sdk_win_64/winavr/bin/../lib/gcc/avr/4.3.3/avr5\libgcc.a(_pack_sf.o)
                                0x19d (size before relaxing)
 .debug_str     0x000002ec        0xb d:/nti_pro/imt_sdk_win_64/winavr/bin/../lib/gcc/avr/4.3.3/avr5\libgcc.a(_unpack_sf.o)
                                0x17f (size before relaxing)
 .debug_str     0x000002f7       0x10 d:/nti_pro/imt_sdk_win_64/winavr/bin/../lib/gcc/avr/4.3.3/avr5\libgcc.a(_fpcmp_parts_sf.o)
                                0x163 (size before relaxing)
 .debug_str     0x00000000       0xf4 d:/nti_pro/imt_sdk_win_64/winavr/bin/../lib/gcc/avr/4.3.3/avr5\libgcc.a(_clz.o)

.debug_loc      0x00000000      0xa1a
 *(.debug_loc)
 .debug_loc     0x00000000       0x34 d:/nti_pro/imt_sdk_win_64/winavr/bin/../lib/gcc/avr/4.3.3/avr5\libgcc.a(_fixunssfsi.o)
 .debug_loc     0x00000034      0x32a d:/nti_pro/imt_sdk_win_64/winavr/bin/../lib/gcc/avr/4.3.3/avr5\libgcc.a(_addsub_sf.o)
 .debug_loc     0x0000035e      0x104 d:/nti_pro/imt_sdk_win_64/winavr/bin/../lib/gcc/avr/4.3.3/avr5\libgcc.a(_mul_sf.o)
 .debug_loc     0x00000462       0xc0 d:/nti_pro/imt_sdk_win_64/winavr/bin/../lib/gcc/avr/4.3.3/avr5\libgcc.a(_div_sf.o)
 .debug_loc     0x00000522       0x3c d:/nti_pro/imt_sdk_win_64/winavr/bin/../lib/gcc/avr/4.3.3/avr5\libgcc.a(_eq_sf.o)
 .debug_loc     0x0000055e       0x3c d:/nti_pro/imt_sdk_win_64/winavr/bin/../lib/gcc/avr/4.3.3/avr5\libgcc.a(_ge_sf.o)
 .debug_loc     0x0000059a       0x3c d:/nti_pro/imt_sdk_win_64/winavr/bin/../lib/gcc/avr/4.3.3/avr5\libgcc.a(_le_sf.o)
 .debug_loc     0x000005d6       0xac d:/nti_pro/imt_sdk_win_64/winavr/bin/../lib/gcc/avr/4.3.3/avr5\libgcc.a(_si_to_sf.o)
 .debug_loc     0x00000682       0x7e d:/nti_pro/imt_sdk_win_64/winavr/bin/../lib/gcc/avr/4.3.3/avr5\libgcc.a(_sf_to_si.o)
 .debug_loc     0x00000700       0x4c d:/nti_pro/imt_sdk_win_64/winavr/bin/../lib/gcc/avr/4.3.3/avr5\libgcc.a(_usi_to_sf.o)
 .debug_loc     0x0000074c       0x94 d:/nti_pro/imt_sdk_win_64/winavr/bin/../lib/gcc/avr/4.3.3/avr5\libgcc.a(_clzsi2.o)
 .debug_loc     0x000007e0      0x13e d:/nti_pro/imt_sdk_win_64/winavr/bin/../lib/gcc/avr/4.3.3/avr5\libgcc.a(_pack_sf.o)
 .debug_loc     0x0000091e       0xac d:/nti_pro/imt_sdk_win_64/winavr/bin/../lib/gcc/avr/4.3.3/avr5\libgcc.a(_unpack_sf.o)
 .debug_loc     0x000009ca       0x50 d:/nti_pro/imt_sdk_win_64/winavr/bin/../lib/gcc/avr/4.3.3/avr5\libgcc.a(_fpcmp_parts_sf.o)

.debug_macinfo
 *(.debug_macinfo)
OUTPUT(AVR_DRIVERS.elf elf32-avr)
LOAD linker stubs

.debug_ranges   0x00000000       0x50
 .debug_ranges  0x00000000       0x50 d:/nti_pro/imt_sdk_win_64/winavr/bin/../lib/gcc/avr/4.3.3/avr5\libgcc.a(_mul_sf.o)
