Archive member included because of file (symbol)

d:/nti_pro/imt_sdk_win_64/winavr/bin/../lib/gcc/avr/4.3.3/avr5\libgcc.a(_mulsi3.o)
                              ./_MCAL/TIMER2/TMR2_Program.o (__mulsi3)
d:/nti_pro/imt_sdk_win_64/winavr/bin/../lib/gcc/avr/4.3.3/avr5\libgcc.a(_udivmodhi4.o)
                              ./FreeRTOS/Source/queue.o (__udivmodhi4)
d:/nti_pro/imt_sdk_win_64/winavr/bin/../lib/gcc/avr/4.3.3/avr5\libgcc.a(_udivmodsi4.o)
                              ./_MCAL/TIMER2/TMR2_Program.o (__udivmodsi4)
d:/nti_pro/imt_sdk_win_64/winavr/bin/../lib/gcc/avr/4.3.3/avr5\libgcc.a(_exit.o)
                              d:/nti_pro/imt_sdk_win_64/winavr/bin/../lib/gcc/avr/4.3.3/../../../../avr/lib/avr5/crtm32.o (exit)
d:/nti_pro/imt_sdk_win_64/winavr/bin/../lib/gcc/avr/4.3.3/avr5\libgcc.a(_copy_data.o)
                              ./_MCAL/HICU/ICU_Program.o (__do_copy_data)
d:/nti_pro/imt_sdk_win_64/winavr/bin/../lib/gcc/avr/4.3.3/avr5\libgcc.a(_clear_bss.o)
                              ./_MCAL/TIMER2/TMR2_Program.o (__do_clear_bss)
d:/nti_pro/imt_sdk_win_64/winavr/bin/../lib/gcc/avr/4.3.3/avr5\libgcc.a(_fixunssfsi.o)
                              ./_MCAL/TIMER1/TMR1_Program.o (__fixunssfsi)
d:/nti_pro/imt_sdk_win_64/winavr/bin/../lib/gcc/avr/4.3.3/avr5\libgcc.a(_addsub_sf.o)
                              ./_MCAL/TIMER1/TMR1_Program.o (__subsf3)
d:/nti_pro/imt_sdk_win_64/winavr/bin/../lib/gcc/avr/4.3.3/avr5\libgcc.a(_mul_sf.o)
                              ./_MCAL/TIMER1/TMR1_Program.o (__mulsf3)
d:/nti_pro/imt_sdk_win_64/winavr/bin/../lib/gcc/avr/4.3.3/avr5\libgcc.a(_div_sf.o)
                              ./_MCAL/TIMER1/TMR1_Program.o (__divsf3)
d:/nti_pro/imt_sdk_win_64/winavr/bin/../lib/gcc/avr/4.3.3/avr5\libgcc.a(_eq_sf.o)
                              ./_MCAL/TIMER1/TMR1_Program.o (__eqsf2)
d:/nti_pro/imt_sdk_win_64/winavr/bin/../lib/gcc/avr/4.3.3/avr5\libgcc.a(_ge_sf.o)
                              d:/nti_pro/imt_sdk_win_64/winavr/bin/../lib/gcc/avr/4.3.3/avr5\libgcc.a(_fixunssfsi.o) (__gesf2)
d:/nti_pro/imt_sdk_win_64/winavr/bin/../lib/gcc/avr/4.3.3/avr5\libgcc.a(_le_sf.o)
                              ./_MCAL/TIMER1/TMR1_Program.o (__lesf2)
d:/nti_pro/imt_sdk_win_64/winavr/bin/../lib/gcc/avr/4.3.3/avr5\libgcc.a(_si_to_sf.o)
                              ./_HAL/SERVO/SRVM_Program.o (__floatsisf)
d:/nti_pro/imt_sdk_win_64/winavr/bin/../lib/gcc/avr/4.3.3/avr5\libgcc.a(_sf_to_si.o)
                              d:/nti_pro/imt_sdk_win_64/winavr/bin/../lib/gcc/avr/4.3.3/avr5\libgcc.a(_fixunssfsi.o) (__fixsfsi)
d:/nti_pro/imt_sdk_win_64/winavr/bin/../lib/gcc/avr/4.3.3/avr5\libgcc.a(_thenan_sf.o)
                              d:/nti_pro/imt_sdk_win_64/winavr/bin/../lib/gcc/avr/4.3.3/avr5\libgcc.a(_addsub_sf.o) (__thenan_sf)
d:/nti_pro/imt_sdk_win_64/winavr/bin/../lib/gcc/avr/4.3.3/avr5\libgcc.a(_usi_to_sf.o)
                              ./_MCAL/TIMER1/TMR1_Program.o (__floatunsisf)
d:/nti_pro/imt_sdk_win_64/winavr/bin/../lib/gcc/avr/4.3.3/avr5\libgcc.a(_prologue.o)
                              d:/nti_pro/imt_sdk_win_64/winavr/bin/../lib/gcc/avr/4.3.3/avr5\libgcc.a(_addsub_sf.o) (__prologue_saves__)
d:/nti_pro/imt_sdk_win_64/winavr/bin/../lib/gcc/avr/4.3.3/avr5\libgcc.a(_epilogue.o)
                              d:/nti_pro/imt_sdk_win_64/winavr/bin/../lib/gcc/avr/4.3.3/avr5\libgcc.a(_addsub_sf.o) (__epilogue_restores__)
d:/nti_pro/imt_sdk_win_64/winavr/bin/../lib/gcc/avr/4.3.3/avr5\libgcc.a(_clzsi2.o)
                              d:/nti_pro/imt_sdk_win_64/winavr/bin/../lib/gcc/avr/4.3.3/avr5\libgcc.a(_si_to_sf.o) (__clzsi2)
d:/nti_pro/imt_sdk_win_64/winavr/bin/../lib/gcc/avr/4.3.3/avr5\libgcc.a(_pack_sf.o)
                              d:/nti_pro/imt_sdk_win_64/winavr/bin/../lib/gcc/avr/4.3.3/avr5\libgcc.a(_addsub_sf.o) (__pack_f)
d:/nti_pro/imt_sdk_win_64/winavr/bin/../lib/gcc/avr/4.3.3/avr5\libgcc.a(_unpack_sf.o)
                              d:/nti_pro/imt_sdk_win_64/winavr/bin/../lib/gcc/avr/4.3.3/avr5\libgcc.a(_addsub_sf.o) (__unpack_f)
d:/nti_pro/imt_sdk_win_64/winavr/bin/../lib/gcc/avr/4.3.3/avr5\libgcc.a(_fpcmp_parts_sf.o)
                              d:/nti_pro/imt_sdk_win_64/winavr/bin/../lib/gcc/avr/4.3.3/avr5\libgcc.a(_eq_sf.o) (__fpcmp_parts_f)
d:/nti_pro/imt_sdk_win_64/winavr/bin/../lib/gcc/avr/4.3.3/avr5\libgcc.a(_clz.o)
                              d:/nti_pro/imt_sdk_win_64/winavr/bin/../lib/gcc/avr/4.3.3/avr5\libgcc.a(_clzsi2.o) (__clz_tab)
d:/nti_pro/imt_sdk_win_64/winavr/bin/../lib/gcc/avr/4.3.3/../../../../avr/lib/avr5\libc.a(malloc.o)
                              ./_MY_LIBS/LINKED_LIST/linked_list.o (malloc)
d:/nti_pro/imt_sdk_win_64/winavr/bin/../lib/gcc/avr/4.3.3/../../../../avr/lib/avr5\libc.a(atoi.o)
                              ./_MCAL/UART/UART_Program.o (atoi)
d:/nti_pro/imt_sdk_win_64/winavr/bin/../lib/gcc/avr/4.3.3/../../../../avr/lib/avr5\libc.a(memcpy.o)
                              ./FreeRTOS/Source/queue.o (memcpy)
d:/nti_pro/imt_sdk_win_64/winavr/bin/../lib/gcc/avr/4.3.3/../../../../avr/lib/avr5\libc.a(mul10.o)
                              d:/nti_pro/imt_sdk_win_64/winavr/bin/../lib/gcc/avr/4.3.3/../../../../avr/lib/avr5\libc.a(atoi.o) (__mulhi_const_10)
d:/nti_pro/imt_sdk_win_64/winavr/bin/../lib/gcc/avr/4.3.3/../../../../avr/lib/avr5\libc.a(snprintf.o)
                              ./_HAL/LCD/LCD_Program.o (snprintf)
d:/nti_pro/imt_sdk_win_64/winavr/bin/../lib/gcc/avr/4.3.3/../../../../avr/lib/avr5\libc.a(vfprintf_std.o)
                              d:/nti_pro/imt_sdk_win_64/winavr/bin/../lib/gcc/avr/4.3.3/../../../../avr/lib/avr5\libc.a(snprintf.o) (vfprintf)
d:/nti_pro/imt_sdk_win_64/winavr/bin/../lib/gcc/avr/4.3.3/../../../../avr/lib/avr5\libc.a(strnlen_P.o)
                              d:/nti_pro/imt_sdk_win_64/winavr/bin/../lib/gcc/avr/4.3.3/../../../../avr/lib/avr5\libc.a(vfprintf_std.o) (strnlen_P)
d:/nti_pro/imt_sdk_win_64/winavr/bin/../lib/gcc/avr/4.3.3/../../../../avr/lib/avr5\libc.a(strnlen.o)
                              d:/nti_pro/imt_sdk_win_64/winavr/bin/../lib/gcc/avr/4.3.3/../../../../avr/lib/avr5\libc.a(vfprintf_std.o) (strnlen)
d:/nti_pro/imt_sdk_win_64/winavr/bin/../lib/gcc/avr/4.3.3/../../../../avr/lib/avr5\libc.a(fputc.o)
                              d:/nti_pro/imt_sdk_win_64/winavr/bin/../lib/gcc/avr/4.3.3/../../../../avr/lib/avr5\libc.a(vfprintf_std.o) (fputc)
d:/nti_pro/imt_sdk_win_64/winavr/bin/../lib/gcc/avr/4.3.3/../../../../avr/lib/avr5\libc.a(ultoa_invert.o)
                              d:/nti_pro/imt_sdk_win_64/winavr/bin/../lib/gcc/avr/4.3.3/../../../../avr/lib/avr5\libc.a(vfprintf_std.o) (__ultoa_invert)

Allocating common symbols
Common symbol       size              file

d1                  0x1               ./_APPL/main.o
__brkval            0x2               d:/nti_pro/imt_sdk_win_64/winavr/bin/../lib/gcc/avr/4.3.3/../../../../avr/lib/avr5\libc.a(malloc.o)
d2                  0x1               ./_APPL/main.o
temp_priodicity     0xc               ./_HAL/Shceduler/scheduler.o
__flp               0x2               d:/nti_pro/imt_sdk_win_64/winavr/bin/../lib/gcc/avr/4.3.3/../../../../avr/lib/avr5\libc.a(malloc.o)
My_Tasks            0x2a              ./_HAL/Shceduler/scheduler.o

Memory Configuration

Name             Origin             Length             Attributes
text             0x00000000         0x00020000         xr
data             0x00800060         0x0000ffa0         rw !x
eeprom           0x00810000         0x00010000         rw !x
fuse             0x00820000         0x00000400         rw !x
lock             0x00830000         0x00000400         rw !x
signature        0x00840000         0x00000400         rw !x
*default*        0x00000000         0xffffffff

Linker script and memory map

LOAD d:/nti_pro/imt_sdk_win_64/winavr/bin/../lib/gcc/avr/4.3.3/../../../../avr/lib/avr5/crtm32.o
LOAD ./_MY_LIBS/LINKED_LIST/linked_list.o
LOAD ./_MCAL/WDT/WDT_Program.o
LOAD ./_MCAL/UART/UART_Program.o
LOAD ./_MCAL/TWI/TWI_Program.o
LOAD ./_MCAL/TIMER2/TMR2_Program.o
LOAD ./_MCAL/TIMER1/TMR1_Program.o
LOAD ./_MCAL/TIMER0/TMR0_Program.o
LOAD ./_MCAL/SPI/SPI_Program.o
LOAD ./_MCAL/PORT/PORT_Program.o
LOAD ./_MCAL/HICU/ICU_Program.o
LOAD ./_MCAL/GI/GI_Program.o
LOAD ./_MCAL/EXTI/EXTI_Program.o
LOAD ./_MCAL/DIO/DIO_Program.o
LOAD ./_MCAL/ADC/ADC_Program.o
LOAD ./_HAL/ULTRA_SONIC/ULTRA_SONIC.o
LOAD ./_HAL/Shceduler/scheduler.o
LOAD ./_HAL/SERVO/SRVM_Program.o
LOAD ./_HAL/LCD/LCD_Program.o
LOAD ./_HAL/KEYPAD/KEYPAD_Program.o
LOAD ./_HAL/EXT_EEPROM/EXT_EEPROM_Program.o
LOAD ./_HAL/DCMotor/DCM_Program.o
LOAD ./_HAL/7SEGMENTS/7SEG_Program.o
LOAD ./_APPL/main.o
LOAD ./FreeRTOS/Source/portable/MemMang/heap_1.o
LOAD ./FreeRTOS/Source/portable/GCC/ATMega323/port.o
LOAD ./FreeRTOS/Source/croutine.o
LOAD ./FreeRTOS/Source/event_groups.o
LOAD ./FreeRTOS/Source/list.o
LOAD ./FreeRTOS/Source/queue.o
LOAD ./FreeRTOS/Source/stream_buffer.o
LOAD ./FreeRTOS/Source/tasks.o
LOAD ./FreeRTOS/Source/timers.o
LOAD d:/nti_pro/imt_sdk_win_64/winavr/bin/../lib/gcc/avr/4.3.3/avr5\libgcc.a
LOAD d:/nti_pro/imt_sdk_win_64/winavr/bin/../lib/gcc/avr/4.3.3/../../../../avr/lib/avr5\libc.a
LOAD d:/nti_pro/imt_sdk_win_64/winavr/bin/../lib/gcc/avr/4.3.3/avr5\libgcc.a

.hash
 *(.hash)

.dynsym
 *(.dynsym)

.dynstr
 *(.dynstr)

.gnu.version
 *(.gnu.version)

.gnu.version_d
 *(.gnu.version_d)

.gnu.version_r
 *(.gnu.version_r)

.rel.init
 *(.rel.init)

.rela.init
 *(.rela.init)

.rel.text
 *(.rel.text)
 *(.rel.text.*)
 *(.rel.gnu.linkonce.t*)

.rela.text
 *(.rela.text)
 *(.rela.text.*)
 *(.rela.gnu.linkonce.t*)

.rel.fini
 *(.rel.fini)

.rela.fini
 *(.rela.fini)

.rel.rodata
 *(.rel.rodata)
 *(.rel.rodata.*)
 *(.rel.gnu.linkonce.r*)

.rela.rodata
 *(.rela.rodata)
 *(.rela.rodata.*)
 *(.rela.gnu.linkonce.r*)

.rel.data
 *(.rel.data)
 *(.rel.data.*)
 *(.rel.gnu.linkonce.d*)

.rela.data
 *(.rela.data)
 *(.rela.data.*)
 *(.rela.gnu.linkonce.d*)

.rel.ctors
 *(.rel.ctors)

.rela.ctors
 *(.rela.ctors)

.rel.dtors
 *(.rel.dtors)

.rela.dtors
 *(.rela.dtors)

.rel.got
 *(.rel.got)

.rela.got
 *(.rela.got)

.rel.bss
 *(.rel.bss)

.rela.bss
 *(.rela.bss)

.rel.plt
 *(.rel.plt)

.rela.plt
 *(.rela.plt)

.text           0x00000000     0x6ad8
 *(.vectors)
 .vectors       0x00000000       0x54 d:/nti_pro/imt_sdk_win_64/winavr/bin/../lib/gcc/avr/4.3.3/../../../../avr/lib/avr5/crtm32.o
                0x00000000                __vectors
                0x00000000                __vector_default
 *(.vectors)
 *(.progmem.gcc*)
 *(.progmem*)
                0x00000054                . = ALIGN (0x2)
                0x00000054                __trampolines_start = .
 *(.trampolines)
 .trampolines   0x00000054        0x0 linker stubs
 *(.trampolines*)
                0x00000054                __trampolines_end = .
 *(.jumptables)
 *(.jumptables*)
 *(.lowtext)
 *(.lowtext*)
                0x00000054                __ctors_start = .
 *(.ctors)
                0x00000054                __ctors_end = .
                0x00000054                __dtors_start = .
 *(.dtors)
                0x00000054                __dtors_end = .
 SORT(*)(.ctors)
 SORT(*)(.dtors)
 *(.init0)
 .init0         0x00000054        0x0 d:/nti_pro/imt_sdk_win_64/winavr/bin/../lib/gcc/avr/4.3.3/../../../../avr/lib/avr5/crtm32.o
                0x00000054                __init
 *(.init0)
 *(.init1)
 *(.init1)
 *(.init2)
 .init2         0x00000054        0xc d:/nti_pro/imt_sdk_win_64/winavr/bin/../lib/gcc/avr/4.3.3/../../../../avr/lib/avr5/crtm32.o
 *(.init2)
 *(.init3)
 *(.init3)
 *(.init4)
 .init4         0x00000060       0x16 d:/nti_pro/imt_sdk_win_64/winavr/bin/../lib/gcc/avr/4.3.3/avr5\libgcc.a(_copy_data.o)
                0x00000060                __do_copy_data
 .init4         0x00000076       0x10 d:/nti_pro/imt_sdk_win_64/winavr/bin/../lib/gcc/avr/4.3.3/avr5\libgcc.a(_clear_bss.o)
                0x00000076                __do_clear_bss
 *(.init4)
 *(.init5)
 *(.init5)
 *(.init6)
 *(.init6)
 *(.init7)
 *(.init7)
 *(.init8)
 *(.init8)
 *(.init9)
 .init9         0x00000086        0x8 d:/nti_pro/imt_sdk_win_64/winavr/bin/../lib/gcc/avr/4.3.3/../../../../avr/lib/avr5/crtm32.o
 *(.init9)
 *(.text)
 .text          0x0000008e        0x4 d:/nti_pro/imt_sdk_win_64/winavr/bin/../lib/gcc/avr/4.3.3/../../../../avr/lib/avr5/crtm32.o
                0x0000008e                __bad_interrupt
                0x0000008e                __vector_13
                0x0000008e                __vector_17
                0x0000008e                __vector_19
                0x0000008e                __vector_9
                0x0000008e                __vector_15
                0x0000008e                __vector_8
                0x0000008e                __vector_14
                0x0000008e                __vector_16
                0x0000008e                __vector_18
                0x0000008e                __vector_20
 .text          0x00000092        0x0 ./_MY_LIBS/LINKED_LIST/linked_list.o
 .text          0x00000092        0x0 ./_MCAL/WDT/WDT_Program.o
 .text          0x00000092        0x0 ./_MCAL/UART/UART_Program.o
 .text          0x00000092        0x0 ./_MCAL/TWI/TWI_Program.o
 .text          0x00000092        0x0 ./_MCAL/TIMER2/TMR2_Program.o
 .text          0x00000092        0x0 ./_MCAL/TIMER1/TMR1_Program.o
 .text          0x00000092        0x0 ./_MCAL/TIMER0/TMR0_Program.o
 .text          0x00000092        0x0 ./_MCAL/SPI/SPI_Program.o
 .text          0x00000092        0x0 ./_MCAL/PORT/PORT_Program.o
 .text          0x00000092        0x0 ./_MCAL/HICU/ICU_Program.o
 .text          0x00000092        0x0 ./_MCAL/GI/GI_Program.o
 .text          0x00000092        0x0 ./_MCAL/EXTI/EXTI_Program.o
 .text          0x00000092        0x0 ./_MCAL/DIO/DIO_Program.o
 .text          0x00000092        0x0 ./_MCAL/ADC/ADC_Program.o
 .text          0x00000092        0x0 ./_HAL/ULTRA_SONIC/ULTRA_SONIC.o
 .text          0x00000092        0x0 ./_HAL/Shceduler/scheduler.o
 .text          0x00000092        0x0 ./_HAL/SERVO/SRVM_Program.o
 .text          0x00000092        0x0 ./_HAL/LCD/LCD_Program.o
 .text          0x00000092        0x0 ./_HAL/KEYPAD/KEYPAD_Program.o
 .text          0x00000092        0x0 ./_HAL/EXT_EEPROM/EXT_EEPROM_Program.o
 .text          0x00000092        0x0 ./_HAL/DCMotor/DCM_Program.o
 .text          0x00000092        0x0 ./_HAL/7SEGMENTS/7SEG_Program.o
 .text          0x00000092        0x0 ./_APPL/main.o
 .text          0x00000092        0x0 ./FreeRTOS/Source/portable/MemMang/heap_1.o
 .text          0x00000092        0x0 ./FreeRTOS/Source/portable/GCC/ATMega323/port.o
 .text          0x00000092        0x0 ./FreeRTOS/Source/croutine.o
 .text          0x00000092        0x0 ./FreeRTOS/Source/event_groups.o
 .text          0x00000092        0x0 ./FreeRTOS/Source/list.o
 .text          0x00000092        0x0 ./FreeRTOS/Source/queue.o
 .text          0x00000092        0x0 ./FreeRTOS/Source/stream_buffer.o
 .text          0x00000092        0x0 ./FreeRTOS/Source/tasks.o
 .text          0x00000092        0x0 ./FreeRTOS/Source/timers.o
 .text          0x00000092        0x0 d:/nti_pro/imt_sdk_win_64/winavr/bin/../lib/gcc/avr/4.3.3/avr5\libgcc.a(_mulsi3.o)
 .text          0x00000092        0x0 d:/nti_pro/imt_sdk_win_64/winavr/bin/../lib/gcc/avr/4.3.3/avr5\libgcc.a(_udivmodhi4.o)
 .text          0x00000092        0x0 d:/nti_pro/imt_sdk_win_64/winavr/bin/../lib/gcc/avr/4.3.3/avr5\libgcc.a(_udivmodsi4.o)
 .text          0x00000092        0x0 d:/nti_pro/imt_sdk_win_64/winavr/bin/../lib/gcc/avr/4.3.3/avr5\libgcc.a(_exit.o)
 .text          0x00000092        0x0 d:/nti_pro/imt_sdk_win_64/winavr/bin/../lib/gcc/avr/4.3.3/avr5\libgcc.a(_copy_data.o)
 .text          0x00000092        0x0 d:/nti_pro/imt_sdk_win_64/winavr/bin/../lib/gcc/avr/4.3.3/avr5\libgcc.a(_clear_bss.o)
 .text          0x00000092       0x58 d:/nti_pro/imt_sdk_win_64/winavr/bin/../lib/gcc/avr/4.3.3/avr5\libgcc.a(_fixunssfsi.o)
                0x00000092                __fixunssfsi
 .text          0x000000ea      0x354 d:/nti_pro/imt_sdk_win_64/winavr/bin/../lib/gcc/avr/4.3.3/avr5\libgcc.a(_addsub_sf.o)
                0x00000382                __subsf3
                0x000003e4                __addsf3
 .text          0x0000043e      0x1f4 d:/nti_pro/imt_sdk_win_64/winavr/bin/../lib/gcc/avr/4.3.3/avr5\libgcc.a(_mul_sf.o)
                0x0000043e                __mulsf3
 .text          0x00000632      0x158 d:/nti_pro/imt_sdk_win_64/winavr/bin/../lib/gcc/avr/4.3.3/avr5\libgcc.a(_div_sf.o)
                0x00000632                __divsf3
 .text          0x0000078a       0x60 d:/nti_pro/imt_sdk_win_64/winavr/bin/../lib/gcc/avr/4.3.3/avr5\libgcc.a(_eq_sf.o)
                0x0000078a                __eqsf2
 .text          0x000007ea       0x60 d:/nti_pro/imt_sdk_win_64/winavr/bin/../lib/gcc/avr/4.3.3/avr5\libgcc.a(_ge_sf.o)
                0x000007ea                __gesf2
 .text          0x0000084a       0x60 d:/nti_pro/imt_sdk_win_64/winavr/bin/../lib/gcc/avr/4.3.3/avr5\libgcc.a(_le_sf.o)
                0x0000084a                __lesf2
 .text          0x000008aa       0xbc d:/nti_pro/imt_sdk_win_64/winavr/bin/../lib/gcc/avr/4.3.3/avr5\libgcc.a(_si_to_sf.o)
                0x000008aa                __floatsisf
 .text          0x00000966       0xa8 d:/nti_pro/imt_sdk_win_64/winavr/bin/../lib/gcc/avr/4.3.3/avr5\libgcc.a(_sf_to_si.o)
                0x00000966                __fixsfsi
 .text          0x00000a0e        0x0 d:/nti_pro/imt_sdk_win_64/winavr/bin/../lib/gcc/avr/4.3.3/avr5\libgcc.a(_thenan_sf.o)
 .text          0x00000a0e       0xf2 d:/nti_pro/imt_sdk_win_64/winavr/bin/../lib/gcc/avr/4.3.3/avr5\libgcc.a(_usi_to_sf.o)
                0x00000a0e                __floatunsisf
 .text          0x00000b00        0x0 d:/nti_pro/imt_sdk_win_64/winavr/bin/../lib/gcc/avr/4.3.3/avr5\libgcc.a(_prologue.o)
 .text          0x00000b00        0x0 d:/nti_pro/imt_sdk_win_64/winavr/bin/../lib/gcc/avr/4.3.3/avr5\libgcc.a(_epilogue.o)
 .text          0x00000b00       0x9e d:/nti_pro/imt_sdk_win_64/winavr/bin/../lib/gcc/avr/4.3.3/avr5\libgcc.a(_clzsi2.o)
                0x00000b00                __clzsi2
 .text          0x00000b9e      0x1aa d:/nti_pro/imt_sdk_win_64/winavr/bin/../lib/gcc/avr/4.3.3/avr5\libgcc.a(_pack_sf.o)
                0x00000b9e                __pack_f
 .text          0x00000d48       0xf0 d:/nti_pro/imt_sdk_win_64/winavr/bin/../lib/gcc/avr/4.3.3/avr5\libgcc.a(_unpack_sf.o)
                0x00000d48                __unpack_f
 .text          0x00000e38       0xb2 d:/nti_pro/imt_sdk_win_64/winavr/bin/../lib/gcc/avr/4.3.3/avr5\libgcc.a(_fpcmp_parts_sf.o)
                0x00000e38                __fpcmp_parts_f
 .text          0x00000eea        0x0 d:/nti_pro/imt_sdk_win_64/winavr/bin/../lib/gcc/avr/4.3.3/avr5\libgcc.a(_clz.o)
 .text          0x00000eea        0x0 d:/nti_pro/imt_sdk_win_64/winavr/bin/../lib/gcc/avr/4.3.3/../../../../avr/lib/avr5\libc.a(malloc.o)
 .text          0x00000eea        0x0 d:/nti_pro/imt_sdk_win_64/winavr/bin/../lib/gcc/avr/4.3.3/../../../../avr/lib/avr5\libc.a(atoi.o)
 .text          0x00000eea        0x0 d:/nti_pro/imt_sdk_win_64/winavr/bin/../lib/gcc/avr/4.3.3/../../../../avr/lib/avr5\libc.a(memcpy.o)
 .text          0x00000eea        0x0 d:/nti_pro/imt_sdk_win_64/winavr/bin/../lib/gcc/avr/4.3.3/../../../../avr/lib/avr5\libc.a(mul10.o)
 .text          0x00000eea        0x0 d:/nti_pro/imt_sdk_win_64/winavr/bin/../lib/gcc/avr/4.3.3/../../../../avr/lib/avr5\libc.a(snprintf.o)
 .text          0x00000eea        0x0 d:/nti_pro/imt_sdk_win_64/winavr/bin/../lib/gcc/avr/4.3.3/../../../../avr/lib/avr5\libc.a(vfprintf_std.o)
 .text          0x00000eea        0x0 d:/nti_pro/imt_sdk_win_64/winavr/bin/../lib/gcc/avr/4.3.3/../../../../avr/lib/avr5\libc.a(strnlen_P.o)
 .text          0x00000eea        0x0 d:/nti_pro/imt_sdk_win_64/winavr/bin/../lib/gcc/avr/4.3.3/../../../../avr/lib/avr5\libc.a(strnlen.o)
 .text          0x00000eea        0x0 d:/nti_pro/imt_sdk_win_64/winavr/bin/../lib/gcc/avr/4.3.3/../../../../avr/lib/avr5\libc.a(fputc.o)
 .text          0x00000eea        0x0 d:/nti_pro/imt_sdk_win_64/winavr/bin/../lib/gcc/avr/4.3.3/../../../../avr/lib/avr5\libc.a(ultoa_invert.o)
                0x00000eea                . = ALIGN (0x2)
 *(.text.*)
 .text.s_list_get_length
                0x00000eea       0x34 ./_MY_LIBS/LINKED_LIST/linked_list.o
                0x00000eea                s_list_get_length
 .text.s_list_insert_node_at_end
                0x00000f1e       0x66 ./_MY_LIBS/LINKED_LIST/linked_list.o
                0x00000f1e                s_list_insert_node_at_end
 .text.s_list_insert_node_after_pos
                0x00000f84       0xd4 ./_MY_LIBS/LINKED_LIST/linked_list.o
                0x00000f84                s_list_insert_node_after_pos
 .text.s_list_insert_node_at_beg
                0x00001058       0x34 ./_MY_LIBS/LINKED_LIST/linked_list.o
                0x00001058                s_list_insert_node_at_beg
 .text.s_list_delete_node_at_pos
                0x0000108c       0xa8 ./_MY_LIBS/LINKED_LIST/linked_list.o
                0x0000108c                s_list_delete_node_at_pos
 .text.s_list_delete_node_at_beg
                0x00001134       0x1e ./_MY_LIBS/LINKED_LIST/linked_list.o
                0x00001134                s_list_delete_node_at_beg
 .text.WDT_void_Enable
                0x00001152       0xfa ./_MCAL/WDT/WDT_Program.o
                0x00001152                WDT_void_Enable
 .text.WDT_void_Disable
                0x0000124c        0xc ./_MCAL/WDT/WDT_Program.o
                0x0000124c                WDT_void_Disable
 .text.UART_Init
                0x00001258       0x20 ./_MCAL/UART/UART_Program.o
                0x00001258                UART_Init
 .text.UART_TransmitData
                0x00001278       0x10 ./_MCAL/UART/UART_Program.o
                0x00001278                UART_TransmitData
 .text.UART_ReceiveData
                0x00001288        0xe ./_MCAL/UART/UART_Program.o
                0x00001288                UART_ReceiveData
 .text.UART_TransmitString
                0x00001296       0x20 ./_MCAL/UART/UART_Program.o
                0x00001296                UART_TransmitString
 .text.UART_ReceiveNumber
                0x000012b6       0x8e ./_MCAL/UART/UART_Program.o
                0x000012b6                UART_ReceiveNumber
 .text.TWI_voidInitMaster
                0x00001344       0x2e ./_MCAL/TWI/TWI_Program.o
                0x00001344                TWI_voidInitMaster
 .text.TWI_voidSendStartCondition
                0x00001372       0x24 ./_MCAL/TWI/TWI_Program.o
                0x00001372                TWI_voidSendStartCondition
 .text.TWI_voidSendStopCondition
                0x00001396       0x12 ./_MCAL/TWI/TWI_Program.o
                0x00001396                TWI_voidSendStopCondition
 .text.TWI_voidSendReapeatedStartCondition
                0x000013a8       0x24 ./_MCAL/TWI/TWI_Program.o
                0x000013a8                TWI_voidSendReapeatedStartCondition
 .text.TWI_voidSendSlaveAdd_WriteRequest
                0x000013cc       0x36 ./_MCAL/TWI/TWI_Program.o
                0x000013cc                TWI_voidSendSlaveAdd_WriteRequest
 .text.TWI_voidSendSlaveAdd_ReadRequest
                0x00001402       0x36 ./_MCAL/TWI/TWI_Program.o
                0x00001402                TWI_voidSendSlaveAdd_ReadRequest
 .text.TWI_voidWriteMasterDataByte
                0x00001438       0x20 ./_MCAL/TWI/TWI_Program.o
                0x00001438                TWI_voidWriteMasterDataByte
 .text.TWI_voidReadMasterDataByteNACK
                0x00001458       0x38 ./_MCAL/TWI/TWI_Program.o
                0x00001458                TWI_voidReadMasterDataByteNACK
 .text.TWI_voidReadMasterDataByteACK
                0x00001490       0x28 ./_MCAL/TWI/TWI_Program.o
                0x00001490                TWI_voidReadMasterDataByteACK
 .text.TMR2_voidStop
                0x000014b8       0x18 ./_MCAL/TIMER2/TMR2_Program.o
                0x000014b8                TMR2_voidStop
 .text.TMR2_Preload_value_set
                0x000014d0        0x4 ./_MCAL/TIMER2/TMR2_Program.o
                0x000014d0                TMR2_Preload_value_set
 .text.TMR2_voidSetDelay_ms_using_CTC
                0x000014d4       0x22 ./_MCAL/TIMER2/TMR2_Program.o
                0x000014d4                TMR2_voidSetDelay_ms_using_CTC
 .text.TMR2_voidSetDutyCycle
                0x000014f6        0x2 ./_MCAL/TIMER2/TMR2_Program.o
                0x000014f6                TMR2_voidSetDutyCycle
 .text.TMR2_voidSendCallBack_OCM
                0x000014f8        0xe ./_MCAL/TIMER2/TMR2_Program.o
                0x000014f8                TMR2_voidSendCallBack_OCM
 .text.TMR2_voidInit
                0x00001506       0x20 ./_MCAL/TIMER2/TMR2_Program.o
                0x00001506                TMR2_voidInit
 .text.TMR2_voidStart
                0x00001526       0x18 ./_MCAL/TIMER2/TMR2_Program.o
                0x00001526                TMR2_voidStart
 .text.__vector_5
                0x0000153e       0x6a ./_MCAL/TIMER2/TMR2_Program.o
                0x0000153e                __vector_5
 .text.__vector_4
                0x000015a8       0x7a ./_MCAL/TIMER2/TMR2_Program.o
                0x000015a8                __vector_4
 .text.TMR1_voidStop
                0x00001622       0x18 ./_MCAL/TIMER1/TMR1_Program.o
                0x00001622                TMR1_voidStop
 .text.TMR1_voidSetCompareMatchValueA
                0x0000163a        0x6 ./_MCAL/TIMER1/TMR1_Program.o
                0x0000163a                TMR1_voidSetCompareMatchValueA
 .text.TMR1_voidSetFreq_Mode14
                0x00001640       0x1c ./_MCAL/TIMER1/TMR1_Program.o
                0x00001640                TMR1_voidSetFreq_Mode14
 .text.TMR1_voidInit
                0x0000165c       0x36 ./_MCAL/TIMER1/TMR1_Program.o
                0x0000165c                TMR1_voidInit
 .text.TMR1_voidSetDuty_Mode14
                0x00001692       0x78 ./_MCAL/TIMER1/TMR1_Program.o
                0x00001692                TMR1_voidSetDuty_Mode14
 .text.TMR1_voidStart
                0x0000170a       0x18 ./_MCAL/TIMER1/TMR1_Program.o
                0x0000170a                TMR1_voidStart
 .text.TMR0_voidStop
                0x00001722       0x18 ./_MCAL/TIMER0/TMR0_Program.o
                0x00001722                TMR0_voidStop
 .text.TMR0_Preload_value_set
                0x0000173a        0x4 ./_MCAL/TIMER0/TMR0_Program.o
                0x0000173a                TMR0_Preload_value_set
 .text.TMR0_voidSetDelay_ms_using_CTC
                0x0000173e       0x26 ./_MCAL/TIMER0/TMR0_Program.o
                0x0000173e                TMR0_voidSetDelay_ms_using_CTC
 .text.TMR0_voidSetDutyCycle
                0x00001764        0x2 ./_MCAL/TIMER0/TMR0_Program.o
                0x00001764                TMR0_voidSetDutyCycle
 .text.TMR0_voidSendCallBack_OVF
                0x00001766        0xe ./_MCAL/TIMER0/TMR0_Program.o
                0x00001766                TMR0_voidSendCallBack_OVF
 .text.TMR0_voidSendCallBack_OCM
                0x00001774        0xe ./_MCAL/TIMER0/TMR0_Program.o
                0x00001774                TMR0_voidSendCallBack_OCM
 .text.TMR0_voidInit
                0x00001782       0x22 ./_MCAL/TIMER0/TMR0_Program.o
                0x00001782                TMR0_voidInit
 .text.TMR0_voidStart
                0x000017a4       0x18 ./_MCAL/TIMER0/TMR0_Program.o
                0x000017a4                TMR0_voidStart
 .text.__vector_11
                0x000017bc       0x72 ./_MCAL/TIMER0/TMR0_Program.o
                0x000017bc                __vector_11
 .text.__vector_10
                0x0000182e       0x7a ./_MCAL/TIMER0/TMR0_Program.o
                0x0000182e                __vector_10
 .text.SPI_voidInit
                0x000018a8       0x24 ./_MCAL/SPI/SPI_Program.o
                0x000018a8                SPI_voidInit
 .text.SPI_voidTranseive
                0x000018cc       0x26 ./_MCAL/SPI/SPI_Program.o
                0x000018cc                SPI_voidTranseive
 .text.SPI_voidTransmit_Async
                0x000018f2       0x28 ./_MCAL/SPI/SPI_Program.o
                0x000018f2                SPI_voidTransmit_Async
 .text.__vector_12
                0x0000191a       0x54 ./_MCAL/SPI/SPI_Program.o
                0x0000191a                __vector_12
 .text.Port_Init
                0x0000196e      0x1b8 ./_MCAL/PORT/PORT_Program.o
                0x0000196e                Port_Init
 .text.Port_SetPinDirection
                0x00001b26      0x11e ./_MCAL/PORT/PORT_Program.o
                0x00001b26                Port_SetPinDirection
 .text.ICU_voidInit
                0x00001c44       0x44 ./_MCAL/HICU/ICU_Program.o
                0x00001c44                ICU_voidInit
 .text.ICU_voidGetDutyCycle
                0x00001c88       0x62 ./_MCAL/HICU/ICU_Program.o
                0x00001c88                ICU_voidGetDutyCycle
 .text.ICU_voidGetFrequency
                0x00001cea       0x3c ./_MCAL/HICU/ICU_Program.o
                0x00001cea                ICU_voidGetFrequency
 .text.ICU_u32GetFallingEdgeTime
                0x00001d26       0x16 ./_MCAL/HICU/ICU_Program.o
                0x00001d26                ICU_u32GetFallingEdgeTime
 .text.__vector_6
                0x00001d3c       0xba ./_MCAL/HICU/ICU_Program.o
                0x00001d3c                __vector_6
 .text.GI_voidEnable
                0x00001df6        0xc ./_MCAL/GI/GI_Program.o
                0x00001df6                GI_voidEnable
 .text.GI_voidDisable
                0x00001e02        0xc ./_MCAL/GI/GI_Program.o
                0x00001e02                GI_voidDisable
 .text.EXTI_voidInit
                0x00001e0e       0xd4 ./_MCAL/EXTI/EXTI_Program.o
                0x00001e0e                EXTI_voidInit
 .text.EXTI_voidEnable
                0x00001ee2       0x32 ./_MCAL/EXTI/EXTI_Program.o
                0x00001ee2                EXTI_voidEnable
 .text.EXTI_voidDisable
                0x00001f14       0x32 ./_MCAL/EXTI/EXTI_Program.o
                0x00001f14                EXTI_voidDisable
 .text.EXTI0_voidSendCallBack
                0x00001f46        0xe ./_MCAL/EXTI/EXTI_Program.o
                0x00001f46                EXTI0_voidSendCallBack
 .text.EXTI1_voidSendCallBack
                0x00001f54        0xe ./_MCAL/EXTI/EXTI_Program.o
                0x00001f54                EXTI1_voidSendCallBack
 .text.EXTI2_voidSendCallBack
                0x00001f62        0xe ./_MCAL/EXTI/EXTI_Program.o
                0x00001f62                EXTI2_voidSendCallBack
 .text.__vector_1
                0x00001f70       0x52 ./_MCAL/EXTI/EXTI_Program.o
                0x00001f70                __vector_1
 .text.__vector_2
                0x00001fc2       0x52 ./_MCAL/EXTI/EXTI_Program.o
                0x00001fc2                __vector_2
 .text.__vector_3
                0x00002014       0x52 ./_MCAL/EXTI/EXTI_Program.o
                0x00002014                __vector_3
 .text.Dio_WriteChannel
                0x00002066      0x11e ./_MCAL/DIO/DIO_Program.o
                0x00002066                Dio_WriteChannel
 .text.Dio_ReadChannel
                0x00002184       0x6a ./_MCAL/DIO/DIO_Program.o
                0x00002184                Dio_ReadChannel
 .text.Dio_FlipChannel
                0x000021ee       0xe6 ./_MCAL/DIO/DIO_Program.o
                0x000021ee                Dio_FlipChannel
 .text.Dio_ReadPort
                0x000022d4       0x24 ./_MCAL/DIO/DIO_Program.o
                0x000022d4                Dio_ReadPort
 .text.Dio_WritePort
                0x000022f8       0x22 ./_MCAL/DIO/DIO_Program.o
                0x000022f8                Dio_WritePort
 .text.ADC_void_Init
                0x0000231a       0x34 ./_MCAL/ADC/ADC_Program.o
                0x0000231a                ADC_void_Init
 .text.ADC_void_Read_CH
                0x0000234e      0x17e ./_MCAL/ADC/ADC_Program.o
                0x0000234e                ADC_void_Read_CH
 .text.Ultra_Sonic_Distance_in_cm
                0x000024cc       0x16 ./_HAL/ULTRA_SONIC/ULTRA_SONIC.o
                0x000024cc                Ultra_Sonic_Distance_in_cm
 .text.Ultra_Sonic_void_trigger
                0x000024e2       0x30 ./_HAL/ULTRA_SONIC/ULTRA_SONIC.o
                0x000024e2                Ultra_Sonic_void_trigger
 .text.Simple_Scheduler
                0x00002512       0xc6 ./_HAL/Shceduler/scheduler.o
 .text.Task_Creat
                0x000025d8      0x102 ./_HAL/Shceduler/scheduler.o
                0x000025d8                Task_Creat
 .text.Scheduler_Start
                0x000026da       0x12 ./_HAL/Shceduler/scheduler.o
                0x000026da                Scheduler_Start
 .text.SRVM_voidOff
                0x000026ec        0x6 ./_HAL/SERVO/SRVM_Program.o
                0x000026ec                SRVM_voidOff
 .text.SRVM_voidOn
                0x000026f2       0x4a ./_HAL/SERVO/SRVM_Program.o
                0x000026f2                SRVM_voidOn
 .text.LCD4_Command_Write
                0x0000273c       0xce ./_HAL/LCD/LCD_Program.o
                0x0000273c                LCD4_Command_Write
 .text.lcd4_set_cursor
                0x0000280a       0x58 ./_HAL/LCD/LCD_Program.o
                0x0000280a                lcd4_set_cursor
 .text.lcd4_CLR
                0x00002862        0xc ./_HAL/LCD/LCD_Program.o
                0x00002862                lcd4_CLR
 .text.lcd4_Init
                0x0000286e       0x66 ./_HAL/LCD/LCD_Program.o
                0x0000286e                lcd4_Init
 .text.LCD_Data_write
                0x000028d4       0xce ./_HAL/LCD/LCD_Program.o
 .text.lcd4_disply_char_at_X_Y
                0x000029a2       0x16 ./_HAL/LCD/LCD_Program.o
                0x000029a2                lcd4_disply_char_at_X_Y
 .text.lcd4_disply_CustomCharacter
                0x000029b8       0x56 ./_HAL/LCD/LCD_Program.o
                0x000029b8                lcd4_disply_CustomCharacter
 .text.lcd4_disply_char
                0x00002a0e       0x56 ./_HAL/LCD/LCD_Program.o
                0x00002a0e                lcd4_disply_char
 .text.displayTextAnimated
                0x00002a64       0x64 ./_HAL/LCD/LCD_Program.o
                0x00002a64                displayTextAnimated
 .text.lcd4_disply_string
                0x00002ac8       0x1e ./_HAL/LCD/LCD_Program.o
                0x00002ac8                lcd4_disply_string
 .text.lcd4_disply_string_at_X_Y
                0x00002ae6       0x1a ./_HAL/LCD/LCD_Program.o
                0x00002ae6                lcd4_disply_string_at_X_Y
 .text.lcd4_disply_num
                0x00002b00       0x92 ./_HAL/LCD/LCD_Program.o
                0x00002b00                lcd4_disply_num
 .text.Keypad_Init
                0x00002b92       0x22 ./_HAL/KEYPAD/KEYPAD_Program.o
                0x00002b92                Keypad_Init
 .text.Keypad_Get_value
                0x00002bb4      0x120 ./_HAL/KEYPAD/KEYPAD_Program.o
                0x00002bb4                Keypad_Get_value
 .text.EEPROM_voidRead_Page
                0x00002cd4       0x9c ./_HAL/EXT_EEPROM/EXT_EEPROM_Program.o
                0x00002cd4                EEPROM_voidRead_Page
 .text.EEPROM_voidWrite_Page
                0x00002d70       0x68 ./_HAL/EXT_EEPROM/EXT_EEPROM_Program.o
                0x00002d70                EEPROM_voidWrite_Page
 .text.EEPROM_voidWrite_Byte
                0x00002dd8       0x38 ./_HAL/EXT_EEPROM/EXT_EEPROM_Program.o
                0x00002dd8                EEPROM_voidWrite_Byte
 .text.EEPROM_voidRead_Byte
                0x00002e10       0x4c ./_HAL/EXT_EEPROM/EXT_EEPROM_Program.o
                0x00002e10                EEPROM_voidRead_Byte
 .text.EEPROM_Init
                0x00002e5c        0x8 ./_HAL/EXT_EEPROM/EXT_EEPROM_Program.o
                0x00002e5c                EEPROM_Init
 .text.DCM_voidOff
                0x00002e64       0x12 ./_HAL/DCMotor/DCM_Program.o
                0x00002e64                DCM_voidOff
 .text.DCM_voidControlSpeed
                0x00002e76       0x24 ./_HAL/DCMotor/DCM_Program.o
                0x00002e76                DCM_voidControlSpeed
 .text.DCM_voidOn
                0x00002e9a       0x32 ./_HAL/DCMotor/DCM_Program.o
                0x00002e9a                DCM_voidOn
 .text.Segment_Write
                0x00002ecc       0xda ./_HAL/7SEGMENTS/7SEG_Program.o
                0x00002ecc                Segment_Write
 .text.main     0x00002fa6       0xc8 ./_APPL/main.o
                0x00002fa6                main
 .text.vPortFree
                0x0000306e        0x2 ./FreeRTOS/Source/portable/MemMang/heap_1.o
                0x0000306e                vPortFree
 .text.vPortInitialiseBlocks
                0x00003070        0xa ./FreeRTOS/Source/portable/MemMang/heap_1.o
                0x00003070                vPortInitialiseBlocks
 .text.xPortGetFreeHeapSize
                0x0000307a       0x16 ./FreeRTOS/Source/portable/MemMang/heap_1.o
                0x0000307a                xPortGetFreeHeapSize
 .text.pvPortMalloc
                0x00003090       0x6c ./FreeRTOS/Source/portable/MemMang/heap_1.o
                0x00003090                pvPortMalloc
 .text.pxPortInitialiseStack
                0x000030fc       0x92 ./FreeRTOS/Source/portable/GCC/ATMega323/port.o
                0x000030fc                pxPortInitialiseStack
 .text.vPortEndScheduler
                0x0000318e        0x2 ./FreeRTOS/Source/portable/GCC/ATMega323/port.o
                0x0000318e                vPortEndScheduler
 .text.xPortStartScheduler
                0x00003190       0x6e ./FreeRTOS/Source/portable/GCC/ATMega323/port.o
                0x00003190                xPortStartScheduler
 .text.vPortYieldFromTick
                0x000031fe       0xba ./FreeRTOS/Source/portable/GCC/ATMega323/port.o
                0x000031fe                vPortYieldFromTick
 .text.__vector_7
                0x000032b8        0x6 ./FreeRTOS/Source/portable/GCC/ATMega323/port.o
                0x000032b8                __vector_7
 .text.vPortYield
                0x000032be       0xb2 ./FreeRTOS/Source/portable/GCC/ATMega323/port.o
                0x000032be                vPortYield
 .text.xEventGroupClearBits
                0x00003370       0x22 ./FreeRTOS/Source/event_groups.o
                0x00003370                xEventGroupClearBits
 .text.xEventGroupGetBitsFromISR
                0x00003392        0x8 ./FreeRTOS/Source/event_groups.o
                0x00003392                xEventGroupGetBitsFromISR
 .text.vEventGroupClearBitsCallback
                0x0000339a        0x8 ./FreeRTOS/Source/event_groups.o
                0x0000339a                vEventGroupClearBitsCallback
 .text.prvTestWaitCondition
                0x000033a2       0x24 ./FreeRTOS/Source/event_groups.o
 .text.xEventGroupSetBits
                0x000033c6       0xbe ./FreeRTOS/Source/event_groups.o
                0x000033c6                xEventGroupSetBits
 .text.vEventGroupSetBitsCallback
                0x00003484        0x8 ./FreeRTOS/Source/event_groups.o
                0x00003484                vEventGroupSetBitsCallback
 .text.vEventGroupDelete
                0x0000348c       0x32 ./FreeRTOS/Source/event_groups.o
                0x0000348c                vEventGroupDelete
 .text.xEventGroupWaitBits
                0x000034be       0xe0 ./FreeRTOS/Source/event_groups.o
                0x000034be                xEventGroupWaitBits
 .text.xEventGroupSync
                0x0000359e       0xca ./FreeRTOS/Source/event_groups.o
                0x0000359e                xEventGroupSync
 .text.xEventGroupCreate
                0x00003668       0x28 ./FreeRTOS/Source/event_groups.o
                0x00003668                xEventGroupCreate
 .text.vListInitialise
                0x00003690       0x20 ./FreeRTOS/Source/list.o
                0x00003690                vListInitialise
 .text.vListInitialiseItem
                0x000036b0        0x8 ./FreeRTOS/Source/list.o
                0x000036b0                vListInitialiseItem
 .text.vListInsertEnd
                0x000036b8       0x3e ./FreeRTOS/Source/list.o
                0x000036b8                vListInsertEnd
 .text.vListInsert
                0x000036f6       0x64 ./FreeRTOS/Source/list.o
                0x000036f6                vListInsert
 .text.uxListRemove
                0x0000375a       0x52 ./FreeRTOS/Source/list.o
                0x0000375a                uxListRemove
 .text.uxQueueMessagesWaiting
                0x000037ac       0x10 ./FreeRTOS/Source/queue.o
                0x000037ac                uxQueueMessagesWaiting
 .text.uxQueueSpacesAvailable
                0x000037bc       0x14 ./FreeRTOS/Source/queue.o
                0x000037bc                uxQueueSpacesAvailable
 .text.uxQueueMessagesWaitingFromISR
                0x000037d0        0x6 ./FreeRTOS/Source/queue.o
                0x000037d0                uxQueueMessagesWaitingFromISR
 .text.prvIsQueueEmpty
                0x000037d6       0x1a ./FreeRTOS/Source/queue.o
 .text.xQueueIsQueueEmptyFromISR
                0x000037f0       0x10 ./FreeRTOS/Source/queue.o
                0x000037f0                xQueueIsQueueEmptyFromISR
 .text.xQueueIsQueueFullFromISR
                0x00003800       0x12 ./FreeRTOS/Source/queue.o
                0x00003800                xQueueIsQueueFullFromISR
 .text.vQueueDelete
                0x00003812        0x6 ./FreeRTOS/Source/queue.o
                0x00003812                vQueueDelete
 .text.prvCopyDataFromQueue
                0x00003818       0x3c ./FreeRTOS/Source/queue.o
 .text.xQueuePeekFromISR
                0x00003854       0x2a ./FreeRTOS/Source/queue.o
                0x00003854                xQueuePeekFromISR
 .text.prvCopyDataToQueue
                0x0000387e       0x8e ./FreeRTOS/Source/queue.o
 .text.xQueueReceiveFromISR
                0x0000390c       0x6c ./FreeRTOS/Source/queue.o
                0x0000390c                xQueueReceiveFromISR
 .text.xQueueGiveFromISR
                0x00003978       0x66 ./FreeRTOS/Source/queue.o
                0x00003978                xQueueGiveFromISR
 .text.xQueueGenericSendFromISR
                0x000039de       0x6e ./FreeRTOS/Source/queue.o
                0x000039de                xQueueGenericSendFromISR
 .text.prvUnlockQueue
                0x00003a4c       0x9e ./FreeRTOS/Source/queue.o
 .text.xQueuePeek
                0x00003aea      0x154 ./FreeRTOS/Source/queue.o
                0x00003aea                xQueuePeek
 .text.xQueueSemaphoreTake
                0x00003c3e      0x140 ./FreeRTOS/Source/queue.o
                0x00003c3e                xQueueSemaphoreTake
 .text.xQueueReceive
                0x00003d7e      0x15a ./FreeRTOS/Source/queue.o
                0x00003d7e                xQueueReceive
 .text.xQueueGenericSend
                0x00003ed8      0x16a ./FreeRTOS/Source/queue.o
                0x00003ed8                xQueueGenericSend
 .text.xQueueGenericReset
                0x00004042       0xb4 ./FreeRTOS/Source/queue.o
                0x00004042                xQueueGenericReset
 .text.xQueueGenericCreate
                0x000040f6       0x72 ./FreeRTOS/Source/queue.o
                0x000040f6                xQueueGenericCreate
 .text.xStreamBufferSetTriggerLevel
                0x00004168       0x22 ./FreeRTOS/Source/stream_buffer.o
                0x00004168                xStreamBufferSetTriggerLevel
 .text.xStreamBufferSpacesAvailable
                0x0000418a       0x3a ./FreeRTOS/Source/stream_buffer.o
                0x0000418a                xStreamBufferSpacesAvailable
 .text.xStreamBufferIsEmpty
                0x000041c4       0x18 ./FreeRTOS/Source/stream_buffer.o
                0x000041c4                xStreamBufferIsEmpty
 .text.xStreamBufferIsFull
                0x000041dc       0x2e ./FreeRTOS/Source/stream_buffer.o
                0x000041dc                xStreamBufferIsFull
 .text.prvBytesInBuffer
                0x0000420a       0x2a ./FreeRTOS/Source/stream_buffer.o
 .text.xStreamBufferBytesAvailable
                0x00004234        0x6 ./FreeRTOS/Source/stream_buffer.o
                0x00004234                xStreamBufferBytesAvailable
 .text.xStreamBufferReceiveCompletedFromISR
                0x0000423a       0x4c ./FreeRTOS/Source/stream_buffer.o
                0x0000423a                xStreamBufferReceiveCompletedFromISR
 .text.xStreamBufferSendCompletedFromISR
                0x00004286       0x4c ./FreeRTOS/Source/stream_buffer.o
                0x00004286                xStreamBufferSendCompletedFromISR
 .text.prvReadBytesFromBuffer
                0x000042d2       0xa8 ./FreeRTOS/Source/stream_buffer.o
 .text.prvReadMessageFromBuffer
                0x0000437a       0x94 ./FreeRTOS/Source/stream_buffer.o
 .text.xStreamBufferReceiveFromISR
                0x0000440e       0x94 ./FreeRTOS/Source/stream_buffer.o
                0x0000440e                xStreamBufferReceiveFromISR
 .text.xStreamBufferNextMessageLengthBytes
                0x000044a2       0x54 ./FreeRTOS/Source/stream_buffer.o
                0x000044a2                xStreamBufferNextMessageLengthBytes
 .text.prvWriteBytesToBuffer
                0x000044f6       0xa8 ./FreeRTOS/Source/stream_buffer.o
 .text.prvWriteMessageToBuffer
                0x0000459e       0x96 ./FreeRTOS/Source/stream_buffer.o
 .text.xStreamBufferSendFromISR
                0x00004634       0x98 ./FreeRTOS/Source/stream_buffer.o
                0x00004634                xStreamBufferSendFromISR
 .text.xStreamBufferReceive
                0x000046cc      0x11c ./FreeRTOS/Source/stream_buffer.o
                0x000046cc                xStreamBufferReceive
 .text.xStreamBufferSend
                0x000047e8      0x190 ./FreeRTOS/Source/stream_buffer.o
                0x000047e8                xStreamBufferSend
 .text.prvInitialiseNewStreamBuffer
                0x00004978       0x20 ./FreeRTOS/Source/stream_buffer.o
 .text.xStreamBufferReset
                0x00004998       0x54 ./FreeRTOS/Source/stream_buffer.o
                0x00004998                xStreamBufferReset
 .text.vStreamBufferDelete
                0x000049ec       0x1c ./FreeRTOS/Source/stream_buffer.o
                0x000049ec                vStreamBufferDelete
 .text.xStreamBufferGenericCreate
                0x00004a08       0x8c ./FreeRTOS/Source/stream_buffer.o
                0x00004a08                xStreamBufferGenericCreate
 .text.vTaskSuspendAll
                0x00004a94        0xc ./FreeRTOS/Source/tasks.o
                0x00004a94                vTaskSuspendAll
 .text.xTaskGetTickCount
                0x00004aa0       0x18 ./FreeRTOS/Source/tasks.o
                0x00004aa0                xTaskGetTickCount
 .text.xTaskGetTickCountFromISR
                0x00004ab8        0xe ./FreeRTOS/Source/tasks.o
                0x00004ab8                xTaskGetTickCountFromISR
 .text.uxTaskGetNumberOfTasks
                0x00004ac6        0x6 ./FreeRTOS/Source/tasks.o
                0x00004ac6                uxTaskGetNumberOfTasks
 .text.pcTaskGetName
                0x00004acc       0x18 ./FreeRTOS/Source/tasks.o
                0x00004acc                pcTaskGetName
 .text.vTaskSwitchContext
                0x00004ae4       0x8c ./FreeRTOS/Source/tasks.o
                0x00004ae4                vTaskSwitchContext
 .text.xTaskRemoveFromEventList
                0x00004b70      0x16e ./FreeRTOS/Source/tasks.o
                0x00004b70                xTaskRemoveFromEventList
 .text.vTaskRemoveFromUnorderedEventList
                0x00004cde      0x13e ./FreeRTOS/Source/tasks.o
                0x00004cde                vTaskRemoveFromUnorderedEventList
 .text.vTaskSetTimeOutState
                0x00004e1c       0x20 ./FreeRTOS/Source/tasks.o
                0x00004e1c                vTaskSetTimeOutState
 .text.vTaskInternalSetTimeOutState
                0x00004e3c       0x16 ./FreeRTOS/Source/tasks.o
                0x00004e3c                vTaskInternalSetTimeOutState
 .text.xTaskCheckForTimeOut
                0x00004e52       0x60 ./FreeRTOS/Source/tasks.o
                0x00004e52                xTaskCheckForTimeOut
 .text.vTaskMissedYield
                0x00004eb2        0x8 ./FreeRTOS/Source/tasks.o
                0x00004eb2                vTaskMissedYield
 .text.prvResetNextTaskUnblockTime
                0x00004eba       0x38 ./FreeRTOS/Source/tasks.o
 .text.xTaskIncrementTick
                0x00004ef2      0x236 ./FreeRTOS/Source/tasks.o
                0x00004ef2                xTaskIncrementTick
 .text.xTaskGetCurrentTaskHandle
                0x00005128        0xe ./FreeRTOS/Source/tasks.o
                0x00005128                xTaskGetCurrentTaskHandle
 .text.uxTaskResetEventItemValue
                0x00005136       0x30 ./FreeRTOS/Source/tasks.o
                0x00005136                uxTaskResetEventItemValue
 .text.xTaskGenericNotifyFromISR
                0x00005166      0x262 ./FreeRTOS/Source/tasks.o
                0x00005166                xTaskGenericNotifyFromISR
 .text.vTaskGenericNotifyGiveFromISR
                0x000053c8      0x172 ./FreeRTOS/Source/tasks.o
                0x000053c8                vTaskGenericNotifyGiveFromISR
 .text.xTaskGenericNotifyStateClear
                0x0000553a       0x3e ./FreeRTOS/Source/tasks.o
                0x0000553a                xTaskGenericNotifyStateClear
 .text.ulTaskGenericNotifyValueClear
                0x00005578       0x8a ./FreeRTOS/Source/tasks.o
                0x00005578                ulTaskGenericNotifyValueClear
 .text.xTaskGenericNotify
                0x00005602      0x1e4 ./FreeRTOS/Source/tasks.o
                0x00005602                xTaskGenericNotify
 .text.xTaskResumeAll
                0x000057e6      0x1b4 ./FreeRTOS/Source/tasks.o
                0x000057e6                xTaskResumeAll
 .text.xTaskCatchUpTicks
                0x0000599a       0x32 ./FreeRTOS/Source/tasks.o
                0x0000599a                xTaskCatchUpTicks
 .text.prvAddCurrentTaskToDelayedList
                0x000059cc       0x88 ./FreeRTOS/Source/tasks.o
 .text.xTaskGenericNotifyWait
                0x00005a54      0x16a ./FreeRTOS/Source/tasks.o
                0x00005a54                xTaskGenericNotifyWait
 .text.ulTaskGenericNotifyTake
                0x00005bbe      0x118 ./FreeRTOS/Source/tasks.o
                0x00005bbe                ulTaskGenericNotifyTake
 .text.vTaskPlaceOnUnorderedEventList
                0x00005cd6       0x88 ./FreeRTOS/Source/tasks.o
                0x00005cd6                vTaskPlaceOnUnorderedEventList
 .text.vTaskDelay
                0x00005d5e       0x28 ./FreeRTOS/Source/tasks.o
                0x00005d5e                vTaskDelay
 .text.xTaskDelayUntil
                0x00005d86       0x72 ./FreeRTOS/Source/tasks.o
                0x00005d86                xTaskDelayUntil
 .text.vTaskPlaceOnEventList
                0x00005df8       0x24 ./FreeRTOS/Source/tasks.o
                0x00005df8                vTaskPlaceOnEventList
 .text.vTaskEndScheduler
                0x00005e1c        0xc ./FreeRTOS/Source/tasks.o
                0x00005e1c                vTaskEndScheduler
 .text.prvDeleteTCB
                0x00005e28       0x1c ./FreeRTOS/Source/tasks.o
 .text.prvIdleTask
                0x00005e44       0x5a ./FreeRTOS/Source/tasks.o
 .text.vTaskDelete
                0x00005e9e       0xb2 ./FreeRTOS/Source/tasks.o
                0x00005e9e                vTaskDelete
 .text.xTaskCreate
                0x00005f50      0x250 ./FreeRTOS/Source/tasks.o
                0x00005f50                xTaskCreate
 .text.vTaskStartScheduler
                0x000061a0       0x58 ./FreeRTOS/Source/tasks.o
                0x000061a0                vTaskStartScheduler
 .text.libgcc   0x000061f8       0x3e d:/nti_pro/imt_sdk_win_64/winavr/bin/../lib/gcc/avr/4.3.3/avr5\libgcc.a(_mulsi3.o)
                0x000061f8                __mulsi3
 .text.libgcc   0x00006236       0x28 d:/nti_pro/imt_sdk_win_64/winavr/bin/../lib/gcc/avr/4.3.3/avr5\libgcc.a(_udivmodhi4.o)
                0x00006236                __udivmodhi4
 .text.libgcc   0x0000625e       0x44 d:/nti_pro/imt_sdk_win_64/winavr/bin/../lib/gcc/avr/4.3.3/avr5\libgcc.a(_udivmodsi4.o)
                0x0000625e                __udivmodsi4
 .text.libgcc   0x000062a2        0x0 d:/nti_pro/imt_sdk_win_64/winavr/bin/../lib/gcc/avr/4.3.3/avr5\libgcc.a(_exit.o)
 .text.libgcc   0x000062a2        0x0 d:/nti_pro/imt_sdk_win_64/winavr/bin/../lib/gcc/avr/4.3.3/avr5\libgcc.a(_copy_data.o)
 .text.libgcc   0x000062a2        0x0 d:/nti_pro/imt_sdk_win_64/winavr/bin/../lib/gcc/avr/4.3.3/avr5\libgcc.a(_clear_bss.o)
 .text.libgcc   0x000062a2       0x38 d:/nti_pro/imt_sdk_win_64/winavr/bin/../lib/gcc/avr/4.3.3/avr5\libgcc.a(_prologue.o)
                0x000062a2                __prologue_saves__
 .text.libgcc   0x000062da       0x36 d:/nti_pro/imt_sdk_win_64/winavr/bin/../lib/gcc/avr/4.3.3/avr5\libgcc.a(_epilogue.o)
                0x000062da                __epilogue_restores__
 .text.avr-libc
                0x00006310      0x20a d:/nti_pro/imt_sdk_win_64/winavr/bin/../lib/gcc/avr/4.3.3/../../../../avr/lib/avr5\libc.a(malloc.o)
                0x00006310                malloc
                0x0000646a                free
 .text.avr-libc
                0x0000651a       0x3c d:/nti_pro/imt_sdk_win_64/winavr/bin/../lib/gcc/avr/4.3.3/../../../../avr/lib/avr5\libc.a(atoi.o)
                0x0000651a                atoi
 .text.avr-libc
                0x00006556       0x12 d:/nti_pro/imt_sdk_win_64/winavr/bin/../lib/gcc/avr/4.3.3/../../../../avr/lib/avr5\libc.a(memcpy.o)
                0x00006556                memcpy
 .text.avr-libc
                0x00006568       0x10 d:/nti_pro/imt_sdk_win_64/winavr/bin/../lib/gcc/avr/4.3.3/../../../../avr/lib/avr5\libc.a(mul10.o)
                0x00006568                __mulhi_const_10
 .text.avr-libc
                0x00006578       0x62 d:/nti_pro/imt_sdk_win_64/winavr/bin/../lib/gcc/avr/4.3.3/../../../../avr/lib/avr5\libc.a(snprintf.o)
                0x00006578                snprintf
 .text.avr-libc
                0x000065da      0x3ba d:/nti_pro/imt_sdk_win_64/winavr/bin/../lib/gcc/avr/4.3.3/../../../../avr/lib/avr5\libc.a(vfprintf_std.o)
                0x000065da                vfprintf
 .text.avr-libc
                0x00006994       0x16 d:/nti_pro/imt_sdk_win_64/winavr/bin/../lib/gcc/avr/4.3.3/../../../../avr/lib/avr5\libc.a(strnlen_P.o)
                0x00006994                strnlen_P
 .text.avr-libc
                0x000069aa       0x16 d:/nti_pro/imt_sdk_win_64/winavr/bin/../lib/gcc/avr/4.3.3/../../../../avr/lib/avr5\libc.a(strnlen.o)
                0x000069aa                strnlen
 .text.avr-libc
                0x000069c0       0x58 d:/nti_pro/imt_sdk_win_64/winavr/bin/../lib/gcc/avr/4.3.3/../../../../avr/lib/avr5\libc.a(fputc.o)
                0x000069c0                fputc
 .text.avr-libc
                0x00006a18       0xbc d:/nti_pro/imt_sdk_win_64/winavr/bin/../lib/gcc/avr/4.3.3/../../../../avr/lib/avr5\libc.a(ultoa_invert.o)
                0x00006a18                __ultoa_invert
                0x00006ad4                . = ALIGN (0x2)
 *(.fini9)
 .fini9         0x00006ad4        0x0 d:/nti_pro/imt_sdk_win_64/winavr/bin/../lib/gcc/avr/4.3.3/avr5\libgcc.a(_exit.o)
                0x00006ad4                exit
                0x00006ad4                _exit
 *(.fini9)
 *(.fini8)
 *(.fini8)
 *(.fini7)
 *(.fini7)
 *(.fini6)
 *(.fini6)
 *(.fini5)
 *(.fini5)
 *(.fini4)
 *(.fini4)
 *(.fini3)
 *(.fini3)
 *(.fini2)
 *(.fini2)
 *(.fini1)
 *(.fini1)
 *(.fini0)
 .fini0         0x00006ad4        0x4 d:/nti_pro/imt_sdk_win_64/winavr/bin/../lib/gcc/avr/4.3.3/avr5\libgcc.a(_exit.o)
 *(.fini0)
                0x00006ad8                _etext = .

.data           0x00800060      0x152 load address 0x00006ad8
                0x00800060                PROVIDE (__data_start, .)
 *(.data)
 .data          0x00800060        0x0 d:/nti_pro/imt_sdk_win_64/winavr/bin/../lib/gcc/avr/4.3.3/../../../../avr/lib/avr5/crtm32.o
 .data          0x00800060        0x0 ./_MY_LIBS/LINKED_LIST/linked_list.o
 .data          0x00800060        0x0 ./_MCAL/WDT/WDT_Program.o
 .data          0x00800060        0x0 ./_MCAL/UART/UART_Program.o
 .data          0x00800060        0x0 ./_MCAL/TWI/TWI_Program.o
 .data          0x00800060        0x0 ./_MCAL/TIMER2/TMR2_Program.o
 .data          0x00800060        0x0 ./_MCAL/TIMER1/TMR1_Program.o
 .data          0x00800060        0x0 ./_MCAL/TIMER0/TMR0_Program.o
 .data          0x00800060        0x0 ./_MCAL/SPI/SPI_Program.o
 .data          0x00800060        0x0 ./_MCAL/PORT/PORT_Program.o
 .data          0x00800060        0x0 ./_MCAL/HICU/ICU_Program.o
 .data          0x00800060        0x0 ./_MCAL/GI/GI_Program.o
 .data          0x00800060        0x0 ./_MCAL/EXTI/EXTI_Program.o
 .data          0x00800060        0x0 ./_MCAL/DIO/DIO_Program.o
 .data          0x00800060        0x0 ./_MCAL/ADC/ADC_Program.o
 .data          0x00800060        0x0 ./_HAL/ULTRA_SONIC/ULTRA_SONIC.o
 .data          0x00800060        0x0 ./_HAL/Shceduler/scheduler.o
 .data          0x00800060        0x0 ./_HAL/SERVO/SRVM_Program.o
 .data          0x00800060        0x3 ./_HAL/LCD/LCD_Program.o
 .data          0x00800063        0x0 ./_HAL/KEYPAD/KEYPAD_Program.o
 .data          0x00800063        0x0 ./_HAL/EXT_EEPROM/EXT_EEPROM_Program.o
 .data          0x00800063        0x0 ./_HAL/DCMotor/DCM_Program.o
 .data          0x00800063        0x0 ./_HAL/7SEGMENTS/7SEG_Program.o
 .data          0x00800063        0x0 ./_APPL/main.o
 .data          0x00800063        0x0 ./FreeRTOS/Source/portable/MemMang/heap_1.o
 .data          0x00800063        0x0 ./FreeRTOS/Source/portable/GCC/ATMega323/port.o
 .data          0x00800063        0x0 ./FreeRTOS/Source/croutine.o
 .data          0x00800063        0x0 ./FreeRTOS/Source/event_groups.o
 .data          0x00800063        0x0 ./FreeRTOS/Source/list.o
 .data          0x00800063        0x0 ./FreeRTOS/Source/queue.o
 .data          0x00800063        0x0 ./FreeRTOS/Source/stream_buffer.o
 .data          0x00800063        0x5 ./FreeRTOS/Source/tasks.o
 .data          0x00800068        0x0 ./FreeRTOS/Source/timers.o
 .data          0x00800068        0x0 d:/nti_pro/imt_sdk_win_64/winavr/bin/../lib/gcc/avr/4.3.3/avr5\libgcc.a(_mulsi3.o)
 .data          0x00800068        0x0 d:/nti_pro/imt_sdk_win_64/winavr/bin/../lib/gcc/avr/4.3.3/avr5\libgcc.a(_udivmodhi4.o)
 .data          0x00800068        0x0 d:/nti_pro/imt_sdk_win_64/winavr/bin/../lib/gcc/avr/4.3.3/avr5\libgcc.a(_udivmodsi4.o)
 .data          0x00800068        0x0 d:/nti_pro/imt_sdk_win_64/winavr/bin/../lib/gcc/avr/4.3.3/avr5\libgcc.a(_exit.o)
 .data          0x00800068        0x0 d:/nti_pro/imt_sdk_win_64/winavr/bin/../lib/gcc/avr/4.3.3/avr5\libgcc.a(_copy_data.o)
 .data          0x00800068        0x0 d:/nti_pro/imt_sdk_win_64/winavr/bin/../lib/gcc/avr/4.3.3/avr5\libgcc.a(_clear_bss.o)
 .data          0x00800068        0x0 d:/nti_pro/imt_sdk_win_64/winavr/bin/../lib/gcc/avr/4.3.3/avr5\libgcc.a(_fixunssfsi.o)
 .data          0x00800068        0x0 d:/nti_pro/imt_sdk_win_64/winavr/bin/../lib/gcc/avr/4.3.3/avr5\libgcc.a(_addsub_sf.o)
 .data          0x00800068        0x0 d:/nti_pro/imt_sdk_win_64/winavr/bin/../lib/gcc/avr/4.3.3/avr5\libgcc.a(_mul_sf.o)
 .data          0x00800068        0x0 d:/nti_pro/imt_sdk_win_64/winavr/bin/../lib/gcc/avr/4.3.3/avr5\libgcc.a(_div_sf.o)
 .data          0x00800068        0x0 d:/nti_pro/imt_sdk_win_64/winavr/bin/../lib/gcc/avr/4.3.3/avr5\libgcc.a(_eq_sf.o)
 .data          0x00800068        0x0 d:/nti_pro/imt_sdk_win_64/winavr/bin/../lib/gcc/avr/4.3.3/avr5\libgcc.a(_ge_sf.o)
 .data          0x00800068        0x0 d:/nti_pro/imt_sdk_win_64/winavr/bin/../lib/gcc/avr/4.3.3/avr5\libgcc.a(_le_sf.o)
 .data          0x00800068        0x0 d:/nti_pro/imt_sdk_win_64/winavr/bin/../lib/gcc/avr/4.3.3/avr5\libgcc.a(_si_to_sf.o)
 .data          0x00800068        0x0 d:/nti_pro/imt_sdk_win_64/winavr/bin/../lib/gcc/avr/4.3.3/avr5\libgcc.a(_sf_to_si.o)
 .data          0x00800068        0x8 d:/nti_pro/imt_sdk_win_64/winavr/bin/../lib/gcc/avr/4.3.3/avr5\libgcc.a(_thenan_sf.o)
                0x00800068                __thenan_sf
 .data          0x00800070        0x0 d:/nti_pro/imt_sdk_win_64/winavr/bin/../lib/gcc/avr/4.3.3/avr5\libgcc.a(_usi_to_sf.o)
 .data          0x00800070        0x0 d:/nti_pro/imt_sdk_win_64/winavr/bin/../lib/gcc/avr/4.3.3/avr5\libgcc.a(_prologue.o)
 .data          0x00800070        0x0 d:/nti_pro/imt_sdk_win_64/winavr/bin/../lib/gcc/avr/4.3.3/avr5\libgcc.a(_epilogue.o)
 .data          0x00800070        0x0 d:/nti_pro/imt_sdk_win_64/winavr/bin/../lib/gcc/avr/4.3.3/avr5\libgcc.a(_clzsi2.o)
 .data          0x00800070        0x0 d:/nti_pro/imt_sdk_win_64/winavr/bin/../lib/gcc/avr/4.3.3/avr5\libgcc.a(_pack_sf.o)
 .data          0x00800070        0x0 d:/nti_pro/imt_sdk_win_64/winavr/bin/../lib/gcc/avr/4.3.3/avr5\libgcc.a(_unpack_sf.o)
 .data          0x00800070        0x0 d:/nti_pro/imt_sdk_win_64/winavr/bin/../lib/gcc/avr/4.3.3/avr5\libgcc.a(_fpcmp_parts_sf.o)
 .data          0x00800070      0x100 d:/nti_pro/imt_sdk_win_64/winavr/bin/../lib/gcc/avr/4.3.3/avr5\libgcc.a(_clz.o)
                0x00800070                __clz_tab
 .data          0x00800170        0x6 d:/nti_pro/imt_sdk_win_64/winavr/bin/../lib/gcc/avr/4.3.3/../../../../avr/lib/avr5\libc.a(malloc.o)
                0x00800172                __malloc_heap_start
                0x00800174                __malloc_heap_end
                0x00800170                __malloc_margin
 .data          0x00800176        0x0 d:/nti_pro/imt_sdk_win_64/winavr/bin/../lib/gcc/avr/4.3.3/../../../../avr/lib/avr5\libc.a(atoi.o)
 .data          0x00800176        0x0 d:/nti_pro/imt_sdk_win_64/winavr/bin/../lib/gcc/avr/4.3.3/../../../../avr/lib/avr5\libc.a(memcpy.o)
 .data          0x00800176        0x0 d:/nti_pro/imt_sdk_win_64/winavr/bin/../lib/gcc/avr/4.3.3/../../../../avr/lib/avr5\libc.a(mul10.o)
 .data          0x00800176        0x0 d:/nti_pro/imt_sdk_win_64/winavr/bin/../lib/gcc/avr/4.3.3/../../../../avr/lib/avr5\libc.a(snprintf.o)
 .data          0x00800176        0x0 d:/nti_pro/imt_sdk_win_64/winavr/bin/../lib/gcc/avr/4.3.3/../../../../avr/lib/avr5\libc.a(vfprintf_std.o)
 .data          0x00800176        0x0 d:/nti_pro/imt_sdk_win_64/winavr/bin/../lib/gcc/avr/4.3.3/../../../../avr/lib/avr5\libc.a(strnlen_P.o)
 .data          0x00800176        0x0 d:/nti_pro/imt_sdk_win_64/winavr/bin/../lib/gcc/avr/4.3.3/../../../../avr/lib/avr5\libc.a(strnlen.o)
 .data          0x00800176        0x0 d:/nti_pro/imt_sdk_win_64/winavr/bin/../lib/gcc/avr/4.3.3/../../../../avr/lib/avr5\libc.a(fputc.o)
 .data          0x00800176        0x0 d:/nti_pro/imt_sdk_win_64/winavr/bin/../lib/gcc/avr/4.3.3/../../../../avr/lib/avr5\libc.a(ultoa_invert.o)
 *(.data*)
 .data.local_edge_falg.1250
                0x00800176        0x1 ./_MCAL/HICU/ICU_Program.o
 .data.pins     0x00800177       0x2a ./_APPL/main.o
                0x00800177                pins
 .data.uxTopUsedPriority
                0x008001a1        0x1 ./FreeRTOS/Source/tasks.o
                0x008001a1                uxTopUsedPriority
 *(.rodata)
 *(.rodata*)
 .rodata.btn_values
                0x008001a2       0x10 ./_HAL/KEYPAD/KEYPAD_Program.o
 *(.gnu.linkonce.d*)
                0x008001b2                . = ALIGN (0x2)
                0x008001b2                _edata = .
                0x008001b2                PROVIDE (__data_end, .)

.bss            0x008001b2      0x6a1
                0x008001b2                PROVIDE (__bss_start, .)
 *(.bss)
 .bss           0x008001b2        0x0 d:/nti_pro/imt_sdk_win_64/winavr/bin/../lib/gcc/avr/4.3.3/../../../../avr/lib/avr5/crtm32.o
 .bss           0x008001b2        0x0 ./_MY_LIBS/LINKED_LIST/linked_list.o
 .bss           0x008001b2        0x0 ./_MCAL/WDT/WDT_Program.o
 .bss           0x008001b2        0x0 ./_MCAL/UART/UART_Program.o
 .bss           0x008001b2        0x0 ./_MCAL/TWI/TWI_Program.o
 .bss           0x008001b2        0x0 ./_MCAL/TIMER2/TMR2_Program.o
 .bss           0x008001b2        0x0 ./_MCAL/TIMER1/TMR1_Program.o
 .bss           0x008001b2        0x0 ./_MCAL/TIMER0/TMR0_Program.o
 .bss           0x008001b2        0x0 ./_MCAL/SPI/SPI_Program.o
 .bss           0x008001b2        0x0 ./_MCAL/PORT/PORT_Program.o
 .bss           0x008001b2        0x0 ./_MCAL/HICU/ICU_Program.o
 .bss           0x008001b2        0x0 ./_MCAL/GI/GI_Program.o
 .bss           0x008001b2        0x0 ./_MCAL/EXTI/EXTI_Program.o
 .bss           0x008001b2        0x0 ./_MCAL/DIO/DIO_Program.o
 .bss           0x008001b2        0x0 ./_MCAL/ADC/ADC_Program.o
 .bss           0x008001b2        0x0 ./_HAL/ULTRA_SONIC/ULTRA_SONIC.o
 .bss           0x008001b2        0x0 ./_HAL/Shceduler/scheduler.o
 .bss           0x008001b2        0x0 ./_HAL/SERVO/SRVM_Program.o
 .bss           0x008001b2        0x0 ./_HAL/LCD/LCD_Program.o
 .bss           0x008001b2        0x0 ./_HAL/KEYPAD/KEYPAD_Program.o
 .bss           0x008001b2        0x0 ./_HAL/EXT_EEPROM/EXT_EEPROM_Program.o
 .bss           0x008001b2        0x0 ./_HAL/DCMotor/DCM_Program.o
 .bss           0x008001b2        0x0 ./_HAL/7SEGMENTS/7SEG_Program.o
 .bss           0x008001b2        0x0 ./_APPL/main.o
 .bss           0x008001b2        0x0 ./FreeRTOS/Source/portable/MemMang/heap_1.o
 .bss           0x008001b2        0x0 ./FreeRTOS/Source/portable/GCC/ATMega323/port.o
 .bss           0x008001b2        0x0 ./FreeRTOS/Source/croutine.o
 .bss           0x008001b2        0x0 ./FreeRTOS/Source/event_groups.o
 .bss           0x008001b2        0x0 ./FreeRTOS/Source/list.o
 .bss           0x008001b2        0x0 ./FreeRTOS/Source/queue.o
 .bss           0x008001b2        0x0 ./FreeRTOS/Source/stream_buffer.o
 .bss           0x008001b2        0x0 ./FreeRTOS/Source/tasks.o
 .bss           0x008001b2        0x0 ./FreeRTOS/Source/timers.o
 .bss           0x008001b2        0x0 d:/nti_pro/imt_sdk_win_64/winavr/bin/../lib/gcc/avr/4.3.3/avr5\libgcc.a(_mulsi3.o)
 .bss           0x008001b2        0x0 d:/nti_pro/imt_sdk_win_64/winavr/bin/../lib/gcc/avr/4.3.3/avr5\libgcc.a(_udivmodhi4.o)
 .bss           0x008001b2        0x0 d:/nti_pro/imt_sdk_win_64/winavr/bin/../lib/gcc/avr/4.3.3/avr5\libgcc.a(_udivmodsi4.o)
 .bss           0x008001b2        0x0 d:/nti_pro/imt_sdk_win_64/winavr/bin/../lib/gcc/avr/4.3.3/avr5\libgcc.a(_exit.o)
 .bss           0x008001b2        0x0 d:/nti_pro/imt_sdk_win_64/winavr/bin/../lib/gcc/avr/4.3.3/avr5\libgcc.a(_copy_data.o)
 .bss           0x008001b2        0x0 d:/nti_pro/imt_sdk_win_64/winavr/bin/../lib/gcc/avr/4.3.3/avr5\libgcc.a(_clear_bss.o)
 .bss           0x008001b2        0x0 d:/nti_pro/imt_sdk_win_64/winavr/bin/../lib/gcc/avr/4.3.3/avr5\libgcc.a(_fixunssfsi.o)
 .bss           0x008001b2        0x0 d:/nti_pro/imt_sdk_win_64/winavr/bin/../lib/gcc/avr/4.3.3/avr5\libgcc.a(_addsub_sf.o)
 .bss           0x008001b2        0x0 d:/nti_pro/imt_sdk_win_64/winavr/bin/../lib/gcc/avr/4.3.3/avr5\libgcc.a(_mul_sf.o)
 .bss           0x008001b2        0x0 d:/nti_pro/imt_sdk_win_64/winavr/bin/../lib/gcc/avr/4.3.3/avr5\libgcc.a(_div_sf.o)
 .bss           0x008001b2        0x0 d:/nti_pro/imt_sdk_win_64/winavr/bin/../lib/gcc/avr/4.3.3/avr5\libgcc.a(_eq_sf.o)
 .bss           0x008001b2        0x0 d:/nti_pro/imt_sdk_win_64/winavr/bin/../lib/gcc/avr/4.3.3/avr5\libgcc.a(_ge_sf.o)
 .bss           0x008001b2        0x0 d:/nti_pro/imt_sdk_win_64/winavr/bin/../lib/gcc/avr/4.3.3/avr5\libgcc.a(_le_sf.o)
 .bss           0x008001b2        0x0 d:/nti_pro/imt_sdk_win_64/winavr/bin/../lib/gcc/avr/4.3.3/avr5\libgcc.a(_si_to_sf.o)
 .bss           0x008001b2        0x0 d:/nti_pro/imt_sdk_win_64/winavr/bin/../lib/gcc/avr/4.3.3/avr5\libgcc.a(_sf_to_si.o)
 .bss           0x008001b2        0x0 d:/nti_pro/imt_sdk_win_64/winavr/bin/../lib/gcc/avr/4.3.3/avr5\libgcc.a(_thenan_sf.o)
 .bss           0x008001b2        0x0 d:/nti_pro/imt_sdk_win_64/winavr/bin/../lib/gcc/avr/4.3.3/avr5\libgcc.a(_usi_to_sf.o)
 .bss           0x008001b2        0x0 d:/nti_pro/imt_sdk_win_64/winavr/bin/../lib/gcc/avr/4.3.3/avr5\libgcc.a(_prologue.o)
 .bss           0x008001b2        0x0 d:/nti_pro/imt_sdk_win_64/winavr/bin/../lib/gcc/avr/4.3.3/avr5\libgcc.a(_epilogue.o)
 .bss           0x008001b2        0x0 d:/nti_pro/imt_sdk_win_64/winavr/bin/../lib/gcc/avr/4.3.3/avr5\libgcc.a(_clzsi2.o)
 .bss           0x008001b2        0x0 d:/nti_pro/imt_sdk_win_64/winavr/bin/../lib/gcc/avr/4.3.3/avr5\libgcc.a(_pack_sf.o)
 .bss           0x008001b2        0x0 d:/nti_pro/imt_sdk_win_64/winavr/bin/../lib/gcc/avr/4.3.3/avr5\libgcc.a(_unpack_sf.o)
 .bss           0x008001b2        0x0 d:/nti_pro/imt_sdk_win_64/winavr/bin/../lib/gcc/avr/4.3.3/avr5\libgcc.a(_fpcmp_parts_sf.o)
 .bss           0x008001b2        0x0 d:/nti_pro/imt_sdk_win_64/winavr/bin/../lib/gcc/avr/4.3.3/avr5\libgcc.a(_clz.o)
 .bss           0x008001b2        0x0 d:/nti_pro/imt_sdk_win_64/winavr/bin/../lib/gcc/avr/4.3.3/../../../../avr/lib/avr5\libc.a(malloc.o)
 .bss           0x008001b2        0x0 d:/nti_pro/imt_sdk_win_64/winavr/bin/../lib/gcc/avr/4.3.3/../../../../avr/lib/avr5\libc.a(atoi.o)
 .bss           0x008001b2        0x0 d:/nti_pro/imt_sdk_win_64/winavr/bin/../lib/gcc/avr/4.3.3/../../../../avr/lib/avr5\libc.a(memcpy.o)
 .bss           0x008001b2        0x0 d:/nti_pro/imt_sdk_win_64/winavr/bin/../lib/gcc/avr/4.3.3/../../../../avr/lib/avr5\libc.a(mul10.o)
 .bss           0x008001b2        0x0 d:/nti_pro/imt_sdk_win_64/winavr/bin/../lib/gcc/avr/4.3.3/../../../../avr/lib/avr5\libc.a(snprintf.o)
 .bss           0x008001b2        0x0 d:/nti_pro/imt_sdk_win_64/winavr/bin/../lib/gcc/avr/4.3.3/../../../../avr/lib/avr5\libc.a(vfprintf_std.o)
 .bss           0x008001b2        0x0 d:/nti_pro/imt_sdk_win_64/winavr/bin/../lib/gcc/avr/4.3.3/../../../../avr/lib/avr5\libc.a(strnlen_P.o)
 .bss           0x008001b2        0x0 d:/nti_pro/imt_sdk_win_64/winavr/bin/../lib/gcc/avr/4.3.3/../../../../avr/lib/avr5\libc.a(strnlen.o)
 .bss           0x008001b2        0x0 d:/nti_pro/imt_sdk_win_64/winavr/bin/../lib/gcc/avr/4.3.3/../../../../avr/lib/avr5\libc.a(fputc.o)
 .bss           0x008001b2        0x0 d:/nti_pro/imt_sdk_win_64/winavr/bin/../lib/gcc/avr/4.3.3/../../../../avr/lib/avr5\libc.a(ultoa_invert.o)
 *(.bss*)
 .bss.private_CTC_counter
                0x008001b2        0x2 ./_MCAL/TIMER2/TMR2_Program.o
 .bss.privatePTR_OC
                0x008001b4        0x2 ./_MCAL/TIMER2/TMR2_Program.o
 .bss.count.1358
                0x008001b6        0x2 ./_MCAL/TIMER2/TMR2_Program.o
 .bss.count.1351
                0x008001b8        0x2 ./_MCAL/TIMER2/TMR2_Program.o
 .bss.private_CTC_counter
                0x008001ba        0x2 ./_MCAL/TIMER0/TMR0_Program.o
 .bss.privatePTR_OC
                0x008001bc        0x2 ./_MCAL/TIMER0/TMR0_Program.o
 .bss.count.1348
                0x008001be        0x2 ./_MCAL/TIMER0/TMR0_Program.o
 .bss.privatePTR_OV
                0x008001c0        0x2 ./_MCAL/TIMER0/TMR0_Program.o
 .bss.local_u16ovCounter.1340
                0x008001c2        0x2 ./_MCAL/TIMER0/TMR0_Program.o
 .bss.Private_pCallback
                0x008001c4        0x2 ./_MCAL/SPI/SPI_Program.o
 .bss.local_u16_CounterValue.1252
                0x008001c6        0x2 ./_MCAL/HICU/ICU_Program.o
 .bss.local_u16_OldValue.1251
                0x008001c8        0x2 ./_MCAL/HICU/ICU_Program.o
 .bss.private_u16_On_Period
                0x008001ca        0x2 ./_MCAL/HICU/ICU_Program.o
 .bss.private_u16_Off_Period
                0x008001cc        0x2 ./_MCAL/HICU/ICU_Program.o
 .bss.EXTI_prviate_PtrCallBack2
                0x008001ce        0x2 ./_MCAL/EXTI/EXTI_Program.o
 .bss.EXTI_prviate_PtrCallBack1
                0x008001d0        0x2 ./_MCAL/EXTI/EXTI_Program.o
 .bss.EXTI_prviate_PtrCallBack0
                0x008001d2        0x2 ./_MCAL/EXTI/EXTI_Program.o
 .bss.created_tasks_number
                0x008001d4        0x1 ./_HAL/Shceduler/scheduler.o
 .bss.timer1Initialized
                0x008001d5        0x1 ./_HAL/SERVO/SRVM_Program.o
 .bss.current_pos
                0x008001d6        0x1 ./_HAL/LCD/LCD_Program.o
                0x008001d6                current_pos
 .bss.timerInitialized
                0x008001d7        0x1 ./_HAL/DCMotor/DCM_Program.o
 .bss.Received  0x008001d8        0x1 ./_APPL/main.o
                0x008001d8                Received
 .bss.xNextFreeByte
                0x008001d9        0x2 ./FreeRTOS/Source/portable/MemMang/heap_1.o
 .bss.pucAlignedHeap.1672
                0x008001db        0x2 ./FreeRTOS/Source/portable/MemMang/heap_1.o
 .bss.ucHeap    0x008001dd      0x5dc ./FreeRTOS/Source/portable/MemMang/heap_1.o
 .bss.pxCurrentTCB
                0x008007b9        0x2 ./FreeRTOS/Source/tasks.o
                0x008007b9                pxCurrentTCB
 .bss.uxSchedulerSuspended
                0x008007bb        0x1 ./FreeRTOS/Source/tasks.o
 .bss.uxTopReadyPriority
                0x008007bc        0x1 ./FreeRTOS/Source/tasks.o
 .bss.xYieldPending
                0x008007bd        0x1 ./FreeRTOS/Source/tasks.o
 .bss.xTickCount
                0x008007be        0x2 ./FreeRTOS/Source/tasks.o
 .bss.xNextTaskUnblockTime
                0x008007c0        0x2 ./FreeRTOS/Source/tasks.o
 .bss.xNumOfOverflows
                0x008007c2        0x1 ./FreeRTOS/Source/tasks.o
 .bss.xPendedTicks
                0x008007c3        0x2 ./FreeRTOS/Source/tasks.o
 .bss.uxCurrentNumberOfTasks
                0x008007c5        0x1 ./FreeRTOS/Source/tasks.o
 .bss.xSchedulerRunning
                0x008007c6        0x1 ./FreeRTOS/Source/tasks.o
 .bss.xIdleTaskHandle
                0x008007c7        0x2 ./FreeRTOS/Source/tasks.o
 .bss.uxDeletedTasksWaitingCleanUp
                0x008007c9        0x1 ./FreeRTOS/Source/tasks.o
 .bss.uxTaskNumber
                0x008007ca        0x1 ./FreeRTOS/Source/tasks.o
 .bss.pxReadyTasksLists
                0x008007cb       0x24 ./FreeRTOS/Source/tasks.o
 .bss.xDelayedTaskList1
                0x008007ef        0x9 ./FreeRTOS/Source/tasks.o
 .bss.xDelayedTaskList2
                0x008007f8        0x9 ./FreeRTOS/Source/tasks.o
 .bss.pxDelayedTaskList
                0x00800801        0x2 ./FreeRTOS/Source/tasks.o
 .bss.pxOverflowDelayedTaskList
                0x00800803        0x2 ./FreeRTOS/Source/tasks.o
 .bss.xPendingReadyList
                0x00800805        0x9 ./FreeRTOS/Source/tasks.o
 .bss.xTasksWaitingTermination
                0x0080080e        0x9 ./FreeRTOS/Source/tasks.o
 *(COMMON)
 COMMON         0x00800817       0x36 ./_HAL/Shceduler/scheduler.o
                0x00800817                temp_priodicity
                0x00800823                My_Tasks
 COMMON         0x0080084d        0x2 ./_APPL/main.o
                0x0080084d                d1
                0x0080084e                d2
 COMMON         0x0080084f        0x4 d:/nti_pro/imt_sdk_win_64/winavr/bin/../lib/gcc/avr/4.3.3/../../../../avr/lib/avr5\libc.a(malloc.o)
                0x0080084f                __brkval
                0x00800851                __flp
                0x00800853                PROVIDE (__bss_end, .)
                0x00006ad8                __data_load_start = LOADADDR (.data)
                0x00006c2a                __data_load_end = (__data_load_start + SIZEOF (.data))

.noinit         0x00800853        0x0
                0x00800853                PROVIDE (__noinit_start, .)
 *(.noinit*)
                0x00800853                PROVIDE (__noinit_end, .)
                0x00800853                _end = .
                0x00800853                PROVIDE (__heap_start, .)

.eeprom         0x00810000        0x0
 *(.eeprom*)
                0x00810000                __eeprom_end = .

.fuse
 *(.fuse)
 *(.lfuse)
 *(.hfuse)
 *(.efuse)

.lock
 *(.lock*)

.signature
 *(.signature*)

.stab           0x00000000     0xcd2c
 *(.stab)
 .stab          0x00000000      0x6b4 ./_MY_LIBS/LINKED_LIST/linked_list.o
 .stab          0x000006b4      0x3a8 ./_MCAL/WDT/WDT_Program.o
                                0x3b4 (size before relaxing)
 .stab          0x00000a5c      0x444 ./_MCAL/UART/UART_Program.o
                                0x4a4 (size before relaxing)
 .stab          0x00000ea0      0x5a0 ./_MCAL/TWI/TWI_Program.o
                                0x5ac (size before relaxing)
 .stab          0x00001440      0x474 ./_MCAL/TIMER2/TMR2_Program.o
                                0x480 (size before relaxing)
 .stab          0x000018b4      0x348 ./_MCAL/TIMER1/TMR1_Program.o
                                0x354 (size before relaxing)
 .stab          0x00001bfc      0x4d4 ./_MCAL/TIMER0/TMR0_Program.o
                                0x4e0 (size before relaxing)
 .stab          0x000020d0      0x384 ./_MCAL/SPI/SPI_Program.o
                                0x390 (size before relaxing)
 .stab          0x00002454      0x444 ./_MCAL/PORT/PORT_Program.o
                                0x450 (size before relaxing)
 .stab          0x00002898      0x3b4 ./_MCAL/HICU/ICU_Program.o
                                0x3c0 (size before relaxing)
 .stab          0x00002c4c      0x138 ./_MCAL/GI/GI_Program.o
                                0x144 (size before relaxing)
 .stab          0x00002d84      0x4d4 ./_MCAL/EXTI/EXTI_Program.o
                                0x4e0 (size before relaxing)
 .stab          0x00003258      0x504 ./_MCAL/DIO/DIO_Program.o
                                0x510 (size before relaxing)
 .stab          0x0000375c      0x4ec ./_MCAL/ADC/ADC_Program.o
                                0x4f8 (size before relaxing)
 .stab          0x00003c48      0x4e0 ./_HAL/ULTRA_SONIC/ULTRA_SONIC.o
                                0x4ec (size before relaxing)
 .stab          0x00004128      0x3b4 ./_HAL/Shceduler/scheduler.o
                                0x3c0 (size before relaxing)
 .stab          0x000044dc      0x2ac ./_HAL/SERVO/SRVM_Program.o
                                0x2b8 (size before relaxing)
 .stab          0x00004788      0xbb8 ./_HAL/LCD/LCD_Program.o
                                0xd50 (size before relaxing)
 .stab          0x00005340      0x348 ./_HAL/KEYPAD/KEYPAD_Program.o
                                0x354 (size before relaxing)
 .stab          0x00005688      0x558 ./_HAL/EXT_EEPROM/EXT_EEPROM_Program.o
                                0x6f0 (size before relaxing)
 .stab          0x00005be0      0x360 ./_HAL/DCMotor/DCM_Program.o
                                0x36c (size before relaxing)
 .stab          0x00005f40      0x348 ./_HAL/7SEGMENTS/7SEG_Program.o
                                0x354 (size before relaxing)
 .stab          0x00006288      0x444 ./_APPL/main.o
                                0x5dc (size before relaxing)
 .stab          0x000066cc      0x5dc ./FreeRTOS/Source/portable/MemMang/heap_1.o
                                0x7bc (size before relaxing)
 .stab          0x00006ca8      0x558 ./FreeRTOS/Source/portable/GCC/ATMega323/port.o
                                0xa14 (size before relaxing)
 .stab          0x00007200      0x30c ./FreeRTOS/Source/croutine.o
                                0x648 (size before relaxing)
 .stab          0x0000750c      0x984 ./FreeRTOS/Source/event_groups.o
                                0xe4c (size before relaxing)
 .stab          0x00007e90      0x474 ./FreeRTOS/Source/list.o
                                0x870 (size before relaxing)
 .stab          0x00008304     0x15f0 ./FreeRTOS/Source/queue.o
                               0x1ab8 (size before relaxing)
 .stab          0x000098f4     0x1164 ./FreeRTOS/Source/stream_buffer.o
                               0x15d8 (size before relaxing)
 .stab          0x0000aa58     0x2130 ./FreeRTOS/Source/tasks.o
                               0x2628 (size before relaxing)
 .stab          0x0000cb88      0x1a4 ./FreeRTOS/Source/timers.o
                                0x6cc (size before relaxing)

.stabstr        0x00000000     0x7a07
 *(.stabstr)
 .stabstr       0x00000000     0x7a07 ./_MY_LIBS/LINKED_LIST/linked_list.o

.stab.excl
 *(.stab.excl)

.stab.exclstr
 *(.stab.exclstr)

.stab.index
 *(.stab.index)

.stab.indexstr
 *(.stab.indexstr)

.comment
 *(.comment)

.debug
 *(.debug)

.line
 *(.line)

.debug_srcinfo
 *(.debug_srcinfo)

.debug_sfnames
 *(.debug_sfnames)

.debug_aranges  0x00000000      0x1c0
 *(.debug_aranges)
 .debug_aranges
                0x00000000       0x20 d:/nti_pro/imt_sdk_win_64/winavr/bin/../lib/gcc/avr/4.3.3/avr5\libgcc.a(_fixunssfsi.o)
 .debug_aranges
                0x00000020       0x20 d:/nti_pro/imt_sdk_win_64/winavr/bin/../lib/gcc/avr/4.3.3/avr5\libgcc.a(_addsub_sf.o)
 .debug_aranges
                0x00000040       0x20 d:/nti_pro/imt_sdk_win_64/winavr/bin/../lib/gcc/avr/4.3.3/avr5\libgcc.a(_mul_sf.o)
 .debug_aranges
                0x00000060       0x20 d:/nti_pro/imt_sdk_win_64/winavr/bin/../lib/gcc/avr/4.3.3/avr5\libgcc.a(_div_sf.o)
 .debug_aranges
                0x00000080       0x20 d:/nti_pro/imt_sdk_win_64/winavr/bin/../lib/gcc/avr/4.3.3/avr5\libgcc.a(_eq_sf.o)
 .debug_aranges
                0x000000a0       0x20 d:/nti_pro/imt_sdk_win_64/winavr/bin/../lib/gcc/avr/4.3.3/avr5\libgcc.a(_ge_sf.o)
 .debug_aranges
                0x000000c0       0x20 d:/nti_pro/imt_sdk_win_64/winavr/bin/../lib/gcc/avr/4.3.3/avr5\libgcc.a(_le_sf.o)
 .debug_aranges
                0x000000e0       0x20 d:/nti_pro/imt_sdk_win_64/winavr/bin/../lib/gcc/avr/4.3.3/avr5\libgcc.a(_si_to_sf.o)
 .debug_aranges
                0x00000100       0x20 d:/nti_pro/imt_sdk_win_64/winavr/bin/../lib/gcc/avr/4.3.3/avr5\libgcc.a(_sf_to_si.o)
 .debug_aranges
                0x00000120       0x20 d:/nti_pro/imt_sdk_win_64/winavr/bin/../lib/gcc/avr/4.3.3/avr5\libgcc.a(_usi_to_sf.o)
 .debug_aranges
                0x00000140       0x20 d:/nti_pro/imt_sdk_win_64/winavr/bin/../lib/gcc/avr/4.3.3/avr5\libgcc.a(_clzsi2.o)
 .debug_aranges
                0x00000160       0x20 d:/nti_pro/imt_sdk_win_64/winavr/bin/../lib/gcc/avr/4.3.3/avr5\libgcc.a(_pack_sf.o)
 .debug_aranges
                0x00000180       0x20 d:/nti_pro/imt_sdk_win_64/winavr/bin/../lib/gcc/avr/4.3.3/avr5\libgcc.a(_unpack_sf.o)
 .debug_aranges
                0x000001a0       0x20 d:/nti_pro/imt_sdk_win_64/winavr/bin/../lib/gcc/avr/4.3.3/avr5\libgcc.a(_fpcmp_parts_sf.o)

.debug_pubnames
                0x00000000      0x214
 *(.debug_pubnames)
 .debug_pubnames
                0x00000000       0x23 d:/nti_pro/imt_sdk_win_64/winavr/bin/../lib/gcc/avr/4.3.3/avr5\libgcc.a(_fixunssfsi.o)
 .debug_pubnames
                0x00000023       0x2c d:/nti_pro/imt_sdk_win_64/winavr/bin/../lib/gcc/avr/4.3.3/avr5\libgcc.a(_addsub_sf.o)
 .debug_pubnames
                0x0000004f       0x1f d:/nti_pro/imt_sdk_win_64/winavr/bin/../lib/gcc/avr/4.3.3/avr5\libgcc.a(_mul_sf.o)
 .debug_pubnames
                0x0000006e       0x1f d:/nti_pro/imt_sdk_win_64/winavr/bin/../lib/gcc/avr/4.3.3/avr5\libgcc.a(_div_sf.o)
 .debug_pubnames
                0x0000008d       0x1e d:/nti_pro/imt_sdk_win_64/winavr/bin/../lib/gcc/avr/4.3.3/avr5\libgcc.a(_eq_sf.o)
 .debug_pubnames
                0x000000ab       0x1e d:/nti_pro/imt_sdk_win_64/winavr/bin/../lib/gcc/avr/4.3.3/avr5\libgcc.a(_ge_sf.o)
 .debug_pubnames
                0x000000c9       0x1e d:/nti_pro/imt_sdk_win_64/winavr/bin/../lib/gcc/avr/4.3.3/avr5\libgcc.a(_le_sf.o)
 .debug_pubnames
                0x000000e7       0x22 d:/nti_pro/imt_sdk_win_64/winavr/bin/../lib/gcc/avr/4.3.3/avr5\libgcc.a(_si_to_sf.o)
 .debug_pubnames
                0x00000109       0x20 d:/nti_pro/imt_sdk_win_64/winavr/bin/../lib/gcc/avr/4.3.3/avr5\libgcc.a(_sf_to_si.o)
 .debug_pubnames
                0x00000129       0x22 d:/nti_pro/imt_sdk_win_64/winavr/bin/../lib/gcc/avr/4.3.3/avr5\libgcc.a(_thenan_sf.o)
 .debug_pubnames
                0x0000014b       0x24 d:/nti_pro/imt_sdk_win_64/winavr/bin/../lib/gcc/avr/4.3.3/avr5\libgcc.a(_usi_to_sf.o)
 .debug_pubnames
                0x0000016f       0x1f d:/nti_pro/imt_sdk_win_64/winavr/bin/../lib/gcc/avr/4.3.3/avr5\libgcc.a(_clzsi2.o)
 .debug_pubnames
                0x0000018e       0x1f d:/nti_pro/imt_sdk_win_64/winavr/bin/../lib/gcc/avr/4.3.3/avr5\libgcc.a(_pack_sf.o)
 .debug_pubnames
                0x000001ad       0x21 d:/nti_pro/imt_sdk_win_64/winavr/bin/../lib/gcc/avr/4.3.3/avr5\libgcc.a(_unpack_sf.o)
 .debug_pubnames
                0x000001ce       0x26 d:/nti_pro/imt_sdk_win_64/winavr/bin/../lib/gcc/avr/4.3.3/avr5\libgcc.a(_fpcmp_parts_sf.o)
 .debug_pubnames
                0x000001f4       0x20 d:/nti_pro/imt_sdk_win_64/winavr/bin/../lib/gcc/avr/4.3.3/avr5\libgcc.a(_clz.o)

.debug_info     0x00000000     0x2612
 *(.debug_info)
 .debug_info    0x00000000       0xb1 d:/nti_pro/imt_sdk_win_64/winavr/bin/../lib/gcc/avr/4.3.3/avr5\libgcc.a(_fixunssfsi.o)
 .debug_info    0x000000b1      0x47a d:/nti_pro/imt_sdk_win_64/winavr/bin/../lib/gcc/avr/4.3.3/avr5\libgcc.a(_addsub_sf.o)
 .debug_info    0x0000052b      0x485 d:/nti_pro/imt_sdk_win_64/winavr/bin/../lib/gcc/avr/4.3.3/avr5\libgcc.a(_mul_sf.o)
 .debug_info    0x000009b0      0x3fc d:/nti_pro/imt_sdk_win_64/winavr/bin/../lib/gcc/avr/4.3.3/avr5\libgcc.a(_div_sf.o)
 .debug_info    0x00000dac      0x27f d:/nti_pro/imt_sdk_win_64/winavr/bin/../lib/gcc/avr/4.3.3/avr5\libgcc.a(_eq_sf.o)
 .debug_info    0x0000102b      0x27f d:/nti_pro/imt_sdk_win_64/winavr/bin/../lib/gcc/avr/4.3.3/avr5\libgcc.a(_ge_sf.o)
 .debug_info    0x000012aa      0x27f d:/nti_pro/imt_sdk_win_64/winavr/bin/../lib/gcc/avr/4.3.3/avr5\libgcc.a(_le_sf.o)
 .debug_info    0x00001529      0x207 d:/nti_pro/imt_sdk_win_64/winavr/bin/../lib/gcc/avr/4.3.3/avr5\libgcc.a(_si_to_sf.o)
 .debug_info    0x00001730      0x2b0 d:/nti_pro/imt_sdk_win_64/winavr/bin/../lib/gcc/avr/4.3.3/avr5\libgcc.a(_sf_to_si.o)
 .debug_info    0x000019e0      0x12c d:/nti_pro/imt_sdk_win_64/winavr/bin/../lib/gcc/avr/4.3.3/avr5\libgcc.a(_thenan_sf.o)
 .debug_info    0x00001b0c      0x206 d:/nti_pro/imt_sdk_win_64/winavr/bin/../lib/gcc/avr/4.3.3/avr5\libgcc.a(_usi_to_sf.o)
 .debug_info    0x00001d12      0x117 d:/nti_pro/imt_sdk_win_64/winavr/bin/../lib/gcc/avr/4.3.3/avr5\libgcc.a(_clzsi2.o)
 .debug_info    0x00001e29      0x2df d:/nti_pro/imt_sdk_win_64/winavr/bin/../lib/gcc/avr/4.3.3/avr5\libgcc.a(_pack_sf.o)
 .debug_info    0x00002108      0x251 d:/nti_pro/imt_sdk_win_64/winavr/bin/../lib/gcc/avr/4.3.3/avr5\libgcc.a(_unpack_sf.o)
 .debug_info    0x00002359      0x210 d:/nti_pro/imt_sdk_win_64/winavr/bin/../lib/gcc/avr/4.3.3/avr5\libgcc.a(_fpcmp_parts_sf.o)
 .debug_info    0x00002569       0xa9 d:/nti_pro/imt_sdk_win_64/winavr/bin/../lib/gcc/avr/4.3.3/avr5\libgcc.a(_clz.o)
 *(.gnu.linkonce.wi.*)

.debug_abbrev   0x00000000     0x14ce
 *(.debug_abbrev)
 .debug_abbrev  0x00000000       0x5d d:/nti_pro/imt_sdk_win_64/winavr/bin/../lib/gcc/avr/4.3.3/avr5\libgcc.a(_fixunssfsi.o)
 .debug_abbrev  0x0000005d      0x1ea d:/nti_pro/imt_sdk_win_64/winavr/bin/../lib/gcc/avr/4.3.3/avr5\libgcc.a(_addsub_sf.o)
 .debug_abbrev  0x00000247      0x21b d:/nti_pro/imt_sdk_win_64/winavr/bin/../lib/gcc/avr/4.3.3/avr5\libgcc.a(_mul_sf.o)
 .debug_abbrev  0x00000462      0x216 d:/nti_pro/imt_sdk_win_64/winavr/bin/../lib/gcc/avr/4.3.3/avr5\libgcc.a(_div_sf.o)
 .debug_abbrev  0x00000678      0x15a d:/nti_pro/imt_sdk_win_64/winavr/bin/../lib/gcc/avr/4.3.3/avr5\libgcc.a(_eq_sf.o)
 .debug_abbrev  0x000007d2      0x15a d:/nti_pro/imt_sdk_win_64/winavr/bin/../lib/gcc/avr/4.3.3/avr5\libgcc.a(_ge_sf.o)
 .debug_abbrev  0x0000092c      0x15a d:/nti_pro/imt_sdk_win_64/winavr/bin/../lib/gcc/avr/4.3.3/avr5\libgcc.a(_le_sf.o)
 .debug_abbrev  0x00000a86      0x148 d:/nti_pro/imt_sdk_win_64/winavr/bin/../lib/gcc/avr/4.3.3/avr5\libgcc.a(_si_to_sf.o)
 .debug_abbrev  0x00000bce      0x17f d:/nti_pro/imt_sdk_win_64/winavr/bin/../lib/gcc/avr/4.3.3/avr5\libgcc.a(_sf_to_si.o)
 .debug_abbrev  0x00000d4d       0xad d:/nti_pro/imt_sdk_win_64/winavr/bin/../lib/gcc/avr/4.3.3/avr5\libgcc.a(_thenan_sf.o)
 .debug_abbrev  0x00000dfa      0x157 d:/nti_pro/imt_sdk_win_64/winavr/bin/../lib/gcc/avr/4.3.3/avr5\libgcc.a(_usi_to_sf.o)
 .debug_abbrev  0x00000f51       0xc4 d:/nti_pro/imt_sdk_win_64/winavr/bin/../lib/gcc/avr/4.3.3/avr5\libgcc.a(_clzsi2.o)
 .debug_abbrev  0x00001015      0x1c0 d:/nti_pro/imt_sdk_win_64/winavr/bin/../lib/gcc/avr/4.3.3/avr5\libgcc.a(_pack_sf.o)
 .debug_abbrev  0x000011d5      0x154 d:/nti_pro/imt_sdk_win_64/winavr/bin/../lib/gcc/avr/4.3.3/avr5\libgcc.a(_unpack_sf.o)
 .debug_abbrev  0x00001329      0x13b d:/nti_pro/imt_sdk_win_64/winavr/bin/../lib/gcc/avr/4.3.3/avr5\libgcc.a(_fpcmp_parts_sf.o)
 .debug_abbrev  0x00001464       0x6a d:/nti_pro/imt_sdk_win_64/winavr/bin/../lib/gcc/avr/4.3.3/avr5\libgcc.a(_clz.o)

.debug_line     0x00000000     0x130b
 *(.debug_line)
 .debug_line    0x00000000       0xa7 d:/nti_pro/imt_sdk_win_64/winavr/bin/../lib/gcc/avr/4.3.3/avr5\libgcc.a(_fixunssfsi.o)
 .debug_line    0x000000a7      0x2af d:/nti_pro/imt_sdk_win_64/winavr/bin/../lib/gcc/avr/4.3.3/avr5\libgcc.a(_addsub_sf.o)
 .debug_line    0x00000356      0x239 d:/nti_pro/imt_sdk_win_64/winavr/bin/../lib/gcc/avr/4.3.3/avr5\libgcc.a(_mul_sf.o)
 .debug_line    0x0000058f      0x1d5 d:/nti_pro/imt_sdk_win_64/winavr/bin/../lib/gcc/avr/4.3.3/avr5\libgcc.a(_div_sf.o)
 .debug_line    0x00000764       0xd3 d:/nti_pro/imt_sdk_win_64/winavr/bin/../lib/gcc/avr/4.3.3/avr5\libgcc.a(_eq_sf.o)
 .debug_line    0x00000837       0xd3 d:/nti_pro/imt_sdk_win_64/winavr/bin/../lib/gcc/avr/4.3.3/avr5\libgcc.a(_ge_sf.o)
 .debug_line    0x0000090a       0xd3 d:/nti_pro/imt_sdk_win_64/winavr/bin/../lib/gcc/avr/4.3.3/avr5\libgcc.a(_le_sf.o)
 .debug_line    0x000009dd      0x135 d:/nti_pro/imt_sdk_win_64/winavr/bin/../lib/gcc/avr/4.3.3/avr5\libgcc.a(_si_to_sf.o)
 .debug_line    0x00000b12      0x109 d:/nti_pro/imt_sdk_win_64/winavr/bin/../lib/gcc/avr/4.3.3/avr5\libgcc.a(_sf_to_si.o)
 .debug_line    0x00000c1b       0x90 d:/nti_pro/imt_sdk_win_64/winavr/bin/../lib/gcc/avr/4.3.3/avr5\libgcc.a(_thenan_sf.o)
 .debug_line    0x00000cab      0x133 d:/nti_pro/imt_sdk_win_64/winavr/bin/../lib/gcc/avr/4.3.3/avr5\libgcc.a(_usi_to_sf.o)
 .debug_line    0x00000dde       0xa5 d:/nti_pro/imt_sdk_win_64/winavr/bin/../lib/gcc/avr/4.3.3/avr5\libgcc.a(_clzsi2.o)
 .debug_line    0x00000e83      0x18a d:/nti_pro/imt_sdk_win_64/winavr/bin/../lib/gcc/avr/4.3.3/avr5\libgcc.a(_pack_sf.o)
 .debug_line    0x0000100d      0x14b d:/nti_pro/imt_sdk_win_64/winavr/bin/../lib/gcc/avr/4.3.3/avr5\libgcc.a(_unpack_sf.o)
 .debug_line    0x00001158      0x137 d:/nti_pro/imt_sdk_win_64/winavr/bin/../lib/gcc/avr/4.3.3/avr5\libgcc.a(_fpcmp_parts_sf.o)
 .debug_line    0x0000128f       0x7c d:/nti_pro/imt_sdk_win_64/winavr/bin/../lib/gcc/avr/4.3.3/avr5\libgcc.a(_clz.o)

.debug_frame    0x00000000      0x1e0
 *(.debug_frame)
 .debug_frame   0x00000000       0x20 d:/nti_pro/imt_sdk_win_64/winavr/bin/../lib/gcc/avr/4.3.3/avr5\libgcc.a(_fixunssfsi.o)
 .debug_frame   0x00000020       0x40 d:/nti_pro/imt_sdk_win_64/winavr/bin/../lib/gcc/avr/4.3.3/avr5\libgcc.a(_addsub_sf.o)
 .debug_frame   0x00000060       0x20 d:/nti_pro/imt_sdk_win_64/winavr/bin/../lib/gcc/avr/4.3.3/avr5\libgcc.a(_mul_sf.o)
 .debug_frame   0x00000080       0x20 d:/nti_pro/imt_sdk_win_64/winavr/bin/../lib/gcc/avr/4.3.3/avr5\libgcc.a(_div_sf.o)
 .debug_frame   0x000000a0       0x20 d:/nti_pro/imt_sdk_win_64/winavr/bin/../lib/gcc/avr/4.3.3/avr5\libgcc.a(_eq_sf.o)
 .debug_frame   0x000000c0       0x20 d:/nti_pro/imt_sdk_win_64/winavr/bin/../lib/gcc/avr/4.3.3/avr5\libgcc.a(_ge_sf.o)
 .debug_frame   0x000000e0       0x20 d:/nti_pro/imt_sdk_win_64/winavr/bin/../lib/gcc/avr/4.3.3/avr5\libgcc.a(_le_sf.o)
 .debug_frame   0x00000100       0x20 d:/nti_pro/imt_sdk_win_64/winavr/bin/../lib/gcc/avr/4.3.3/avr5\libgcc.a(_si_to_sf.o)
 .debug_frame   0x00000120       0x20 d:/nti_pro/imt_sdk_win_64/winavr/bin/../lib/gcc/avr/4.3.3/avr5\libgcc.a(_sf_to_si.o)
 .debug_frame   0x00000140       0x20 d:/nti_pro/imt_sdk_win_64/winavr/bin/../lib/gcc/avr/4.3.3/avr5\libgcc.a(_usi_to_sf.o)
 .debug_frame   0x00000160       0x20 d:/nti_pro/imt_sdk_win_64/winavr/bin/../lib/gcc/avr/4.3.3/avr5\libgcc.a(_clzsi2.o)
 .debug_frame   0x00000180       0x20 d:/nti_pro/imt_sdk_win_64/winavr/bin/../lib/gcc/avr/4.3.3/avr5\libgcc.a(_pack_sf.o)
 .debug_frame   0x000001a0       0x20 d:/nti_pro/imt_sdk_win_64/winavr/bin/../lib/gcc/avr/4.3.3/avr5\libgcc.a(_unpack_sf.o)
 .debug_frame   0x000001c0       0x20 d:/nti_pro/imt_sdk_win_64/winavr/bin/../lib/gcc/avr/4.3.3/avr5\libgcc.a(_fpcmp_parts_sf.o)

.debug_str      0x00000000      0x307
 *(.debug_str)
 .debug_str     0x00000000       0xbf d:/nti_pro/imt_sdk_win_64/winavr/bin/../lib/gcc/avr/4.3.3/avr5\libgcc.a(_fixunssfsi.o)
                                 0xfe (size before relaxing)
 .debug_str     0x000000bf      0x14d d:/nti_pro/imt_sdk_win_64/winavr/bin/../lib/gcc/avr/4.3.3/avr5\libgcc.a(_addsub_sf.o)
                                0x206 (size before relaxing)
 .debug_str     0x0000020c       0x27 d:/nti_pro/imt_sdk_win_64/winavr/bin/../lib/gcc/avr/4.3.3/avr5\libgcc.a(_mul_sf.o)
                                0x1bf (size before relaxing)
 .debug_str     0x00000233       0x35 d:/nti_pro/imt_sdk_win_64/winavr/bin/../lib/gcc/avr/4.3.3/avr5\libgcc.a(_div_sf.o)
                                0x1c8 (size before relaxing)
 .debug_str     0x00000268        0x8 d:/nti_pro/imt_sdk_win_64/winavr/bin/../lib/gcc/avr/4.3.3/avr5\libgcc.a(_eq_sf.o)
                                0x195 (size before relaxing)
 .debug_str     0x00000270        0x8 d:/nti_pro/imt_sdk_win_64/winavr/bin/../lib/gcc/avr/4.3.3/avr5\libgcc.a(_ge_sf.o)
                                0x195 (size before relaxing)
 .debug_str     0x00000278        0x8 d:/nti_pro/imt_sdk_win_64/winavr/bin/../lib/gcc/avr/4.3.3/avr5\libgcc.a(_le_sf.o)
                                0x195 (size before relaxing)
 .debug_str     0x00000280       0x1e d:/nti_pro/imt_sdk_win_64/winavr/bin/../lib/gcc/avr/4.3.3/avr5\libgcc.a(_si_to_sf.o)
                                0x17b (size before relaxing)
 .debug_str     0x0000029e        0xa d:/nti_pro/imt_sdk_win_64/winavr/bin/../lib/gcc/avr/4.3.3/avr5\libgcc.a(_sf_to_si.o)
                                0x19e (size before relaxing)
 .debug_str     0x00000000      0x103 d:/nti_pro/imt_sdk_win_64/winavr/bin/../lib/gcc/avr/4.3.3/avr5\libgcc.a(_thenan_sf.o)
 .debug_str     0x000002a8       0x14 d:/nti_pro/imt_sdk_win_64/winavr/bin/../lib/gcc/avr/4.3.3/avr5\libgcc.a(_usi_to_sf.o)
                                0x177 (size before relaxing)
 .debug_str     0x000002bc       0x20 d:/nti_pro/imt_sdk_win_64/winavr/bin/../lib/gcc/avr/4.3.3/avr5\libgcc.a(_clzsi2.o)
                                0x111 (size before relaxing)
 .debug_str     0x000002dc       0x10 d:/nti_pro/imt_sdk_win_64/winavr/bin/../lib/gcc/avr/4.3.3/avr5\libgcc.a(_pack_sf.o)
                                0x19d (size before relaxing)
 .debug_str     0x000002ec        0xb d:/nti_pro/imt_sdk_win_64/winavr/bin/../lib/gcc/avr/4.3.3/avr5\libgcc.a(_unpack_sf.o)
                                0x17f (size before relaxing)
 .debug_str     0x000002f7       0x10 d:/nti_pro/imt_sdk_win_64/winavr/bin/../lib/gcc/avr/4.3.3/avr5\libgcc.a(_fpcmp_parts_sf.o)
                                0x163 (size before relaxing)
 .debug_str     0x00000000       0xf4 d:/nti_pro/imt_sdk_win_64/winavr/bin/../lib/gcc/avr/4.3.3/avr5\libgcc.a(_clz.o)

.debug_loc      0x00000000      0xa1a
 *(.debug_loc)
 .debug_loc     0x00000000       0x34 d:/nti_pro/imt_sdk_win_64/winavr/bin/../lib/gcc/avr/4.3.3/avr5\libgcc.a(_fixunssfsi.o)
 .debug_loc     0x00000034      0x32a d:/nti_pro/imt_sdk_win_64/winavr/bin/../lib/gcc/avr/4.3.3/avr5\libgcc.a(_addsub_sf.o)
 .debug_loc     0x0000035e      0x104 d:/nti_pro/imt_sdk_win_64/winavr/bin/../lib/gcc/avr/4.3.3/avr5\libgcc.a(_mul_sf.o)
 .debug_loc     0x00000462       0xc0 d:/nti_pro/imt_sdk_win_64/winavr/bin/../lib/gcc/avr/4.3.3/avr5\libgcc.a(_div_sf.o)
 .debug_loc     0x00000522       0x3c d:/nti_pro/imt_sdk_win_64/winavr/bin/../lib/gcc/avr/4.3.3/avr5\libgcc.a(_eq_sf.o)
 .debug_loc     0x0000055e       0x3c d:/nti_pro/imt_sdk_win_64/winavr/bin/../lib/gcc/avr/4.3.3/avr5\libgcc.a(_ge_sf.o)
 .debug_loc     0x0000059a       0x3c d:/nti_pro/imt_sdk_win_64/winavr/bin/../lib/gcc/avr/4.3.3/avr5\libgcc.a(_le_sf.o)
 .debug_loc     0x000005d6       0xac d:/nti_pro/imt_sdk_win_64/winavr/bin/../lib/gcc/avr/4.3.3/avr5\libgcc.a(_si_to_sf.o)
 .debug_loc     0x00000682       0x7e d:/nti_pro/imt_sdk_win_64/winavr/bin/../lib/gcc/avr/4.3.3/avr5\libgcc.a(_sf_to_si.o)
 .debug_loc     0x00000700       0x4c d:/nti_pro/imt_sdk_win_64/winavr/bin/../lib/gcc/avr/4.3.3/avr5\libgcc.a(_usi_to_sf.o)
 .debug_loc     0x0000074c       0x94 d:/nti_pro/imt_sdk_win_64/winavr/bin/../lib/gcc/avr/4.3.3/avr5\libgcc.a(_clzsi2.o)
 .debug_loc     0x000007e0      0x13e d:/nti_pro/imt_sdk_win_64/winavr/bin/../lib/gcc/avr/4.3.3/avr5\libgcc.a(_pack_sf.o)
 .debug_loc     0x0000091e       0xac d:/nti_pro/imt_sdk_win_64/winavr/bin/../lib/gcc/avr/4.3.3/avr5\libgcc.a(_unpack_sf.o)
 .debug_loc     0x000009ca       0x50 d:/nti_pro/imt_sdk_win_64/winavr/bin/../lib/gcc/avr/4.3.3/avr5\libgcc.a(_fpcmp_parts_sf.o)

.debug_macinfo
 *(.debug_macinfo)
OUTPUT(AVR_DRIVERS.elf elf32-avr)
LOAD linker stubs

.debug_ranges   0x00000000       0x50
 .debug_ranges  0x00000000       0x50 d:/nti_pro/imt_sdk_win_64/winavr/bin/../lib/gcc/avr/4.3.3/avr5\libgcc.a(_mul_sf.o)
